[19:32:56]    {"phase": "memory_limit", "size": "n/a", "wall_s": 1.13, "peak_rss_mb": 389.6, "ok": true, "result": {"cmd": "memfill", "max_mb": 256, "committed_entries": 1138000, "full_message": "graph is full: 257.0 MiB in use, max_memory is 256.0 MiB",
[19:32:56] === paged 1GiB
[19:32:56] evict failed /home/dj/Work/glider/bench/data/scale/pg-1GiB.db [Errno 2] No such file or directory: '/home/dj/Work/glider/bench/data/scale/pg-1GiB.db'
[19:33:15]    {"phase": "build", "size": "1GiB", "method": "bulk load (scale-gen --paged)", "wall_s": 19.3042, "peak_rss_mb": 554.9, "ok": true, "file_bytes": 1488486400, "gen": {"mode": "paged-bulk", "ids": 1260415, "nodes": 1247371, "edges": 8027661, "
[19:35:16]    {"phase": "build", "size": "1GiB", "method": "transactional inserts (scale-gen --paged-insert)", "wall_s": 120.43, "peak_rss_mb": 289.7, "ok": true, "file_bytes": 2321893576, "error": null}
[19:35:17]    {"phase": "file", "size": "1GiB", "file_bytes": 1488486400, "legacy_image_bytes": 1072618025, "stats": {"nodes": 1247371, "edges": 8027661, "labels": 11, "edge_types": 16, "indexes": 6, "interned_strings": 74, "file_bytes": 1488486400, "pag
[19:35:17]    {"phase": "open", "size": "1GiB", "config": "cache 1 GiB (default)", "cache": "cold", "wall_s": 0.0062, "peak_rss_mb": 16.3, "ok": true, "error": null}
[19:35:17]    {"phase": "open", "size": "1GiB", "config": "cache 1 GiB (default)", "cache": "warm", "wall_s": 0.0039, "peak_rss_mb": 16.4, "ok": true, "error": null}
[19:35:17]    {"phase": "open", "size": "1GiB", "config": "cache 64 MiB", "cache": "cold", "wall_s": 0.0037, "peak_rss_mb": 16.4, "ok": true, "error": null}
[19:35:17]    {"phase": "open", "size": "1GiB", "config": "cache 64 MiB", "cache": "warm", "wall_s": 0.004, "peak_rss_mb": 16.4, "ok": true, "error": null}
[19:35:20]    {"phase": "verify", "size": "1GiB", "cache": "cold", "wall_s": 3.4264, "peak_rss_mb": 1033.4, "ok": true, "throughput_mb_s": 414.3}
[19:35:21]    {"phase": "server_start", "size": "1GiB", "config": "cache 1 GiB (default)", "ok": true, "wall_s": 0.0093, "rss_mb": 3.7}
[19:35:21]    {"phase": "query", "size": "1GiB", "config": "cache 1 GiB (default)", "query": "point: indexed text (Person.email)", "text": "MATCH (p:Person {email:\"user0000252084@example.org\"}) RETURN p.name, p.age, p.country", "first_s": 0.00426, "war
[19:35:21]    {"phase": "query", "size": "1GiB", "config": "cache 1 GiB (default)", "query": "point: indexed text (Order.ref)", "text": "MATCH (o:Order {ref:\"ORD-0000781457\"}) RETURN o.total, o.status", "first_s": 0.00314, "warm_s": 0.00035, "ok": true
[19:35:21]    {"phase": "query", "size": "1GiB", "config": "cache 1 GiB (default)", "query": "point: unindexed, by id()", "text": "MATCH (d:Document) WHERE id(d) = 1020935 RETURN d.title", "first_s": 0.00171, "warm_s": 0.00033, "ok": true, "rss_before_mb
[19:35:21]    {"phase": "query", "size": "1GiB", "config": "cache 1 GiB (default)", "query": "1-hop out: community (KNOWS)", "text": "MATCH (p:Person {email:\"user0000252084@example.org\"})-[:KNOWS]->(f) RETURN count(f), avg(f.age)", "first_s": 0.00399, 
[19:35:21]    {"phase": "query", "size": "1GiB", "config": "cache 1 GiB (default)", "query": "1-hop in: power-law hub (KNOWS)", "text": "MATCH (h:Person {email:\"user0000000001@example.org\"})<-[:KNOWS]-(f) RETURN count(f)", "first_s": 0.31129, "warm_s":
[19:35:21]    {"phase": "query", "size": "1GiB", "config": "cache 1 GiB (default)", "query": "2-hop: friends of friends", "text": "MATCH (p:Person {email:\"user0000252084@example.org\"})-[:KNOWS]->()-[:KNOWS]->(x) RETURN count(x)", "first_s": 0.00193, "w
[19:35:21]    {"phase": "query", "size": "1GiB", "config": "cache 1 GiB (default)", "query": "2-hop bipartite: buyer -> orders -> products", "text": "MATCH (p:Person {email:\"user0000000152@example.org\"})-[:PLACED]->(o)-[:CONTAINS]->(pr) RETURN count(pr
[19:35:21]    {"phase": "query", "size": "1GiB", "config": "cache 1 GiB (default)", "query": "multi-edges: order lines", "text": "MATCH (o:Order {ref:\"ORD-0000781457\"})-[c:CONTAINS]->(pr) RETURN pr.sku, count(c) ORDER BY pr.sku", "first_s": 0.0017, "wa
[19:35:21]    {"phase": "query", "size": "1GiB", "config": "cache 1 GiB (default)", "query": "dense clique: SIMILAR 2-hop", "text": "MATCH (p:Product {sku:\"SKU-0000573489\"})-[:SIMILAR]->()-[:SIMILAR]->(r) RETURN count(r)", "first_s": 0.00341, "warm_s":
[19:35:21]    {"phase": "query", "size": "1GiB", "config": "cache 1 GiB (default)", "query": "tree: category ancestors (var-length)", "text": "MATCH (p:Product {sku:\"SKU-0000573489\"})-[:IN_CATEGORY]->(c)<-[:PARENT_OF*1..10]-(a) RETURN count(a)", "first
[19:35:21]    {"phase": "query", "size": "1GiB", "config": "cache 1 GiB (default)", "query": "chain: NEXT*1..200", "text": "MATCH (e:Event {seq:1184790})-[:NEXT*1..200]->(x) RETURN count(x)", "first_s": 0.00468, "warm_s": 0.00048, "ok": true, "rss_before
[19:35:21]    {"phase": "query", "size": "1GiB", "config": "cache 1 GiB (default)", "query": "DAG: CITES*1..3 from a document", "text": "MATCH (d:Document)-[:CITES*1..3]->(x) WHERE id(d) = 1020935 RETURN count(x)", "first_s": 0.00811, "warm_s": 0.00031, 
[19:35:21]    {"phase": "query", "size": "1GiB", "config": "cache 1 GiB (default)", "query": "heterogeneous: MENTIONS by label", "text": "MATCH (d:Document)-[:MENTIONS]->(x) WHERE id(d) = 1020935 RETURN labels(x), count(x)", "first_s": 0.00166, "warm_s":
[19:35:21]    {"phase": "query", "size": "1GiB", "config": "cache 1 GiB (default)", "query": "index, low cardinality (country)", "text": "MATCH (p:Person {country:\"JP\"}) RETURN count(p)", "first_s": 0.12362, "warm_s": 0.02695, "ok": true, "rss_before_m
[19:35:21]    {"phase": "query", "size": "1GiB", "config": "cache 1 GiB (default)", "query": "index + property filter", "text": "MATCH (p:Person {age:42}) WHERE p.active = true RETURN count(p)", "first_s": 0.03276, "warm_s": 0.01506, "ok": true, "rss_bef
[19:35:22]    {"phase": "query", "size": "1GiB", "config": "cache 1 GiB (default)", "query": "self-loops: RETRY", "text": "MATCH (e:Event)-[:RETRY]->(e) RETURN count(e)", "first_s": 0.22535, "warm_s": 0.17594, "ok": true, "rss_before_mb": 179.7, "rss_aft
[19:35:24]    {"phase": "query", "size": "1GiB", "config": "cache 1 GiB (default)", "query": "label scan + unindexed filter", "text": "MATCH (o:Order) WHERE o.total > 1990 RETURN count(o)", "first_s": 0.40725, "warm_s": 0.35237, "ok": true, "rss_before_m
[19:35:26]    {"phase": "query", "size": "1GiB", "config": "cache 1 GiB (default)", "query": "aggregate: group by", "text": "MATCH (o:Order) RETURN o.status, count(o), avg(o.total) ORDER BY o.status", "first_s": 0.52506, "warm_s": 0.52607, "ok": true, "r
[19:35:28]    {"phase": "query", "size": "1GiB", "config": "cache 1 GiB (default)", "query": "top-k: ORDER BY LIMIT over big rows", "text": "MATCH (d:Document) RETURN d.title, d.score ORDER BY d.score DESC LIMIT 5", "first_s": 0.90881, "warm_s": 0.3911, 
[19:35:37]    {"phase": "query", "size": "1GiB", "config": "cache 1 GiB (default)", "query": "edge scan + edge-property filter", "text": "MATCH ()-[r:REVIEWED]->() WHERE r.rating = 5 RETURN count(r)", "first_s": 2.81606, "warm_s": 2.23597, "ok": true, "r
[19:35:40]    {"phase": "query", "size": "1GiB", "config": "cache 1 GiB (default)", "query": "count all nodes", "text": "MATCH (n) RETURN count(n)", "first_s": 0.65584, "warm_s": 0.64235, "ok": true, "rss_before_mb": 1043.1, "rss_after_mb": 1043.1, "resu
[19:35:40]    {"phase": "query", "size": "1GiB", "config": "cache 1 GiB (default)", "query": "STATS", "text": "STATS", "first_s": 0.0004, "warm_s": 0.00034, "ok": true, "rss_before_mb": 1043.1, "rss_after_mb": 1043.1, "result": "[[\"nodes\", 1247371], [\
[19:35:40]    {"phase": "query", "size": "1GiB", "config": "cache 1 GiB (default)", "query": "SCHEMA", "text": "SCHEMA", "first_s": 0.00035, "warm_s": 0.00031, "ok": true, "rss_before_mb": 1043.1, "rss_after_mb": 1043.1, "result": "[[\"label\", \"Categor
[19:35:43]    {"phase": "query", "size": "1GiB", "config": "cache 1 GiB (default)", "query": "algo: degree top 5", "text": "CALL degree(top: 5)", "first_s": 0.80784, "warm_s": 0.74722, "ok": true, "rss_before_mb": 1043.1, "rss_after_mb": 1062.0, "result"
[19:36:00]    {"phase": "query", "size": "1GiB", "config": "cache 1 GiB (default)", "query": "algo: wcc", "text": "CALL wcc(top: 3)", "first_s": 4.35116, "warm_s": 4.33185, "ok": true, "rss_before_mb": 1062.0, "rss_after_mb": 1043.1, "result": "[[1, \"la
[19:36:31]    {"phase": "query", "size": "1GiB", "config": "cache 1 GiB (default)", "query": "algo: pagerank 5 iterations", "text": "CALL pagerank(iterations: 5, top: 5)", "first_s": 7.75563, "warm_s": 7.75186, "ok": true, "rss_before_mb": 1043.1, "rss_a
[19:36:56]    {"phase": "query", "size": "1GiB", "config": "cache 1 GiB (default)", "query": "algo: kcore", "text": "CALL kcore(top: 3)", "first_s": 6.24503, "warm_s": 6.25234, "ok": true, "rss_before_mb": 1043.1, "rss_after_mb": 1043.1, "result": "[[126
[19:37:08]    {"phase": "query", "size": "1GiB", "config": "cache 1 GiB (default)", "query": "algo: scc", "text": "CALL scc(top: 3)", "first_s": 2.91999, "warm_s": 2.9008, "ok": true, "rss_before_mb": 1043.1, "rss_after_mb": 1043.1, "result": "[[1109164,
[19:37:33]    {"phase": "query", "size": "1GiB", "config": "cache 1 GiB (default)", "query": "algo: labelprop 3 iterations", "text": "CALL labelprop(iterations: 3, top: 3)", "first_s": 12.68846, "warm_s": 12.65259, "ok": true, "rss_before_mb": 1043.1, "r
[19:38:05]    {"phase": "query", "size": "1GiB", "config": "cache 1 GiB (default)", "query": "algo: triangles", "text": "CALL triangles(top: 3)", "first_s": 15.56438, "warm_s": 15.82109, "ok": true, "rss_before_mb": 1044.5, "rss_after_mb": 1156.4, "resul
[19:38:08]    {"phase": "query", "size": "1GiB", "config": "cache 1 GiB (default)", "query": "algo (forced out of core): degree top 5", "text": "CALL degree(top: 5, tier: \"ooc\")", "first_s": 0.74938, "warm_s": 0.74798, "ok": true, "rss_before_mb": 1150
[19:38:25]    {"phase": "query", "size": "1GiB", "config": "cache 1 GiB (default)", "query": "algo (forced out of core): wcc", "text": "CALL wcc(top: 3, tier: \"ooc\")", "first_s": 4.32858, "warm_s": 4.32378, "ok": true, "rss_before_mb": 1063.1, "rss_aft
[19:38:56]    {"phase": "query", "size": "1GiB", "config": "cache 1 GiB (default)", "query": "algo (forced out of core): pagerank 5 iterations", "text": "CALL pagerank(iterations: 5, top: 5, tier: \"ooc\")", "first_s": 7.78336, "warm_s": 7.79119, "ok": t
[19:38:56]    {"phase": "api", "size": "1GiB", "config": "cache 1 GiB (default)", "query": "api: schema", "text": "/api/schema", "first_s": 0.02967, "warm_s": 0.00511, "ok": true, "rss_after_mb": 1083.1, "result": "{\"nodes\":1247371,\"edges\":8027661,\"
[19:38:56]    {"phase": "api", "size": "1GiB", "config": "cache 1 GiB (default)", "query": "api: stats", "text": "/stats", "first_s": 0.00038, "warm_s": 0.00035, "ok": true, "rss_after_mb": 1083.1, "result": "{\"columns\":[\"metric\",\"value\"],\"rows\":
[19:38:56]    {"phase": "api", "size": "1GiB", "config": "cache 1 GiB (default)", "query": "api: nodes page (label)", "text": "/api/nodes?label=Person&limit=100", "first_s": 0.00207, "warm_s": 0.00197, "ok": true, "rss_after_mb": 1083.1, "result": "{\"no
[19:38:56]    {"phase": "api", "size": "1GiB", "config": "cache 1 GiB (default)", "query": "api: nodes page (deep offset)", "text": "/api/nodes?label=Order&from=907498&limit=100", "first_s": 0.00067, "warm_s": 0.0006, "ok": true, "rss_after_mb": 1083.1, 
[19:38:56]    {"phase": "api", "size": "1GiB", "config": "cache 1 GiB (default)", "query": "api: nodes search (text)", "text": "/api/nodes?q=Z%C3%BCrich&limit=50", "first_s": 0.00132, "warm_s": 0.00133, "ok": true, "rss_after_mb": 1083.1, "result": "{\"n
[19:38:56]    {"phase": "api", "size": "1GiB", "config": "cache 1 GiB (default)", "query": "api: edges page (type)", "text": "/api/edges?type=CITES&limit=100", "first_s": 0.0017, "warm_s": 0.00168, "ok": true, "rss_after_mb": 1083.1, "result": "{\"edges\
[19:38:56]    {"phase": "api", "size": "1GiB", "config": "cache 1 GiB (default)", "query": "api: expand node", "text": "/api/expand?id=252084&limit=200", "first_s": 0.0005, "warm_s": 0.00044, "ok": true, "rss_after_mb": 1083.1, "result": "{\"graph\":{\"n
[19:38:56]    {"phase": "api", "size": "1GiB", "config": "cache 1 GiB (default)", "query": "api: expand hub", "text": "/api/expand?id=1&limit=200", "first_s": 0.09452, "warm_s": 0.00196, "ok": true, "rss_after_mb": 1083.1, "result": "{\"graph\":{\"nodes\
[19:38:56]    {"phase": "server_end", "size": "1GiB", "config": "cache 1 GiB (default)", "rss_mb": 1083.1, "hwm_mb": 1191.3}
[19:38:57]    {"phase": "server_start", "size": "1GiB", "config": "cache 64 MiB", "ok": true, "wall_s": 0.0075, "rss_mb": 3.6}
[19:38:57]    {"phase": "query", "size": "1GiB", "config": "cache 64 MiB", "query": "point: indexed text (Person.email)", "text": "MATCH (p:Person {email:\"user0000252084@example.org\"}) RETURN p.name, p.age, p.country", "first_s": 0.00427, "warm_s": 0.0
[19:38:57]    {"phase": "query", "size": "1GiB", "config": "cache 64 MiB", "query": "point: indexed text (Order.ref)", "text": "MATCH (o:Order {ref:\"ORD-0000781457\"}) RETURN o.total, o.status", "first_s": 0.00271, "warm_s": 0.00031, "ok": true, "rss_be
[19:38:57]    {"phase": "query", "size": "1GiB", "config": "cache 64 MiB", "query": "point: unindexed, by id()", "text": "MATCH (d:Document) WHERE id(d) = 1020935 RETURN d.title", "first_s": 0.00183, "warm_s": 0.00027, "ok": true, "rss_before_mb": 3.9, "
[19:38:57]    {"phase": "query", "size": "1GiB", "config": "cache 64 MiB", "query": "1-hop out: community (KNOWS)", "text": "MATCH (p:Person {email:\"user0000252084@example.org\"})-[:KNOWS]->(f) RETURN count(f), avg(f.age)", "first_s": 0.00349, "warm_s":
[19:38:57]    {"phase": "query", "size": "1GiB", "config": "cache 64 MiB", "query": "1-hop in: power-law hub (KNOWS)", "text": "MATCH (h:Person {email:\"user0000000001@example.org\"})<-[:KNOWS]-(f) RETURN count(f)", "first_s": 0.30256, "warm_s": 0.06945,
[19:38:57]    {"phase": "query", "size": "1GiB", "config": "cache 64 MiB", "query": "2-hop: friends of friends", "text": "MATCH (p:Person {email:\"user0000252084@example.org\"})-[:KNOWS]->()-[:KNOWS]->(x) RETURN count(x)", "first_s": 0.00319, "warm_s": 0
[19:38:57]    {"phase": "query", "size": "1GiB", "config": "cache 64 MiB", "query": "2-hop bipartite: buyer -> orders -> products", "text": "MATCH (p:Person {email:\"user0000000152@example.org\"})-[:PLACED]->(o)-[:CONTAINS]->(pr) RETURN count(pr)", "firs
[19:38:57]    {"phase": "query", "size": "1GiB", "config": "cache 64 MiB", "query": "multi-edges: order lines", "text": "MATCH (o:Order {ref:\"ORD-0000781457\"})-[c:CONTAINS]->(pr) RETURN pr.sku, count(c) ORDER BY pr.sku", "first_s": 0.00167, "warm_s": 0
[19:38:57]    {"phase": "query", "size": "1GiB", "config": "cache 64 MiB", "query": "dense clique: SIMILAR 2-hop", "text": "MATCH (p:Product {sku:\"SKU-0000573489\"})-[:SIMILAR]->()-[:SIMILAR]->(r) RETURN count(r)", "first_s": 0.00326, "warm_s": 0.00036,
[19:38:57]    {"phase": "query", "size": "1GiB", "config": "cache 64 MiB", "query": "tree: category ancestors (var-length)", "text": "MATCH (p:Product {sku:\"SKU-0000573489\"})-[:IN_CATEGORY]->(c)<-[:PARENT_OF*1..10]-(a) RETURN count(a)", "first_s": 0.00
[19:38:57]    {"phase": "query", "size": "1GiB", "config": "cache 64 MiB", "query": "chain: NEXT*1..200", "text": "MATCH (e:Event {seq:1184790})-[:NEXT*1..200]->(x) RETURN count(x)", "first_s": 0.00469, "warm_s": 0.00055, "ok": true, "rss_before_mb": 68.
[19:38:57]    {"phase": "query", "size": "1GiB", "config": "cache 64 MiB", "query": "DAG: CITES*1..3 from a document", "text": "MATCH (d:Document)-[:CITES*1..3]->(x) WHERE id(d) = 1020935 RETURN count(x)", "first_s": 0.00821, "warm_s": 0.00036, "ok": tru
[19:38:57]    {"phase": "query", "size": "1GiB", "config": "cache 64 MiB", "query": "heterogeneous: MENTIONS by label", "text": "MATCH (d:Document)-[:MENTIONS]->(x) WHERE id(d) = 1020935 RETURN labels(x), count(x)", "first_s": 0.00183, "warm_s": 0.00036,
[19:38:58]    {"phase": "query", "size": "1GiB", "config": "cache 64 MiB", "query": "index, low cardinality (country)", "text": "MATCH (p:Person {country:\"JP\"}) RETURN count(p)", "first_s": 0.13695, "warm_s": 0.12384, "ok": true, "rss_before_mb": 68.5,
[19:38:58]    {"phase": "query", "size": "1GiB", "config": "cache 64 MiB", "query": "index + property filter", "text": "MATCH (p:Person {age:42}) WHERE p.active = true RETURN count(p)", "first_s": 0.08011, "warm_s": 0.0745, "ok": true, "rss_before_mb": 6
[19:38:59]    {"phase": "query", "size": "1GiB", "config": "cache 64 MiB", "query": "self-loops: RETRY", "text": "MATCH (e:Event)-[:RETRY]->(e) RETURN count(e)", "first_s": 0.21225, "warm_s": 0.17569, "ok": true, "rss_before_mb": 68.6, "rss_after_mb": 68
[19:39:00]    {"phase": "query", "size": "1GiB", "config": "cache 64 MiB", "query": "label scan + unindexed filter", "text": "MATCH (o:Order) WHERE o.total > 1990 RETURN count(o)", "first_s": 0.38496, "warm_s": 0.34815, "ok": true, "rss_before_mb": 68.6,
[19:39:02]    {"phase": "query", "size": "1GiB", "config": "cache 64 MiB", "query": "aggregate: group by", "text": "MATCH (o:Order) RETURN o.status, count(o), avg(o.total) ORDER BY o.status", "first_s": 0.52403, "warm_s": 0.52406, "ok": true, "rss_before
[19:39:05]    {"phase": "query", "size": "1GiB", "config": "cache 64 MiB", "query": "top-k: ORDER BY LIMIT over big rows", "text": "MATCH (d:Document) RETURN d.title, d.score ORDER BY d.score DESC LIMIT 5", "first_s": 0.74556, "warm_s": 0.58757, "ok": tr
[19:39:15]    {"phase": "query", "size": "1GiB", "config": "cache 64 MiB", "query": "edge scan + edge-property filter", "text": "MATCH ()-[r:REVIEWED]->() WHERE r.rating = 5 RETURN count(r)", "first_s": 2.90172, "warm_s": 2.47911, "ok": true, "rss_before
[19:39:19]    {"phase": "query", "size": "1GiB", "config": "cache 64 MiB", "query": "count all nodes", "text": "MATCH (n) RETURN count(n)", "first_s": 0.9771, "warm_s": 0.97962, "ok": true, "rss_before_mb": 68.9, "rss_after_mb": 68.9, "result": "[[124737
[19:39:19]    {"phase": "query", "size": "1GiB", "config": "cache 64 MiB", "query": "STATS", "text": "STATS", "first_s": 0.00041, "warm_s": 0.0003, "ok": true, "rss_before_mb": 68.9, "rss_after_mb": 68.9, "result": "[[\"nodes\", 1247371], [\"edges\", 802
[19:39:19]    {"phase": "query", "size": "1GiB", "config": "cache 64 MiB", "query": "SCHEMA", "text": "SCHEMA", "first_s": 0.00036, "warm_s": 0.00036, "ok": true, "rss_before_mb": 68.9, "rss_after_mb": 68.9, "result": "[[\"label\", \"Category\", 6236], [
[19:39:24]    {"phase": "query", "size": "1GiB", "config": "cache 64 MiB", "query": "algo: degree top 5", "text": "CALL degree(top: 5)", "first_s": 1.33481, "warm_s": 1.33164, "ok": true, "rss_before_mb": 68.9, "rss_after_mb": 87.8, "result": "[[28777, \
[19:39:46]    {"phase": "query", "size": "1GiB", "config": "cache 64 MiB", "query": "algo: wcc", "text": "CALL wcc(top: 3)", "first_s": 10.83221, "warm_s": 10.86174, "ok": true, "rss_before_mb": 87.8, "rss_after_mb": 68.9, "result": "[[1, \"lantern \\u00
[19:40:25]    {"phase": "query", "size": "1GiB", "config": "cache 64 MiB", "query": "algo: pagerank 5 iterations", "text": "CALL pagerank(iterations: 5, top: 5)", "first_s": 9.81217, "warm_s": 9.81183, "ok": true, "rss_before_mb": 68.9, "rss_after_mb": 6
[19:40:51]    {"phase": "query", "size": "1GiB", "config": "cache 64 MiB", "query": "algo: kcore", "text": "CALL kcore(top: 3)", "first_s": 12.76346, "warm_s": 12.7706, "ok": true, "rss_before_mb": 68.9, "rss_after_mb": 68.9, "result": "[[126230, \"kerne
[19:41:18]    {"phase": "query", "size": "1GiB", "config": "cache 64 MiB", "query": "algo: scc", "text": "CALL scc(top: 3)", "first_s": 13.55626, "warm_s": 13.6181, "ok": true, "rss_before_mb": 68.9, "rss_after_mb": 139.5, "result": "[[1109164, \":Event\
[19:41:46]    {"phase": "query", "size": "1GiB", "config": "cache 64 MiB", "query": "algo: labelprop 3 iterations", "text": "CALL labelprop(iterations: 3, top: 3)", "first_s": 14.44563, "warm_s": 13.95954, "ok": true, "rss_before_mb": 139.5, "rss_after_m
[19:43:07]    {"phase": "query", "size": "1GiB", "config": "cache 64 MiB", "query": "algo: triangles", "text": "CALL triangles(top: 3)", "first_s": 40.50116, "warm_s": 40.45704, "ok": true, "rss_before_mb": 139.5, "rss_after_mb": 130.3, "result": "[[1, \
[19:43:13]    {"phase": "query", "size": "1GiB", "config": "cache 64 MiB", "query": "algo (forced out of core): degree top 5", "text": "CALL degree(top: 5, tier: \"ooc\")", "first_s": 1.33328, "warm_s": 1.33262, "ok": true, "rss_before_mb": 130.3, "rss_a
[19:43:34]    {"phase": "query", "size": "1GiB", "config": "cache 64 MiB", "query": "algo (forced out of core): wcc", "text": "CALL wcc(top: 3, tier: \"ooc\")", "first_s": 10.79305, "warm_s": 10.74953, "ok": true, "rss_before_mb": 130.3, "rss_after_mb": 
[19:44:14]    {"phase": "query", "size": "1GiB", "config": "cache 64 MiB", "query": "algo (forced out of core): pagerank 5 iterations", "text": "CALL pagerank(iterations: 5, top: 5, tier: \"ooc\")", "first_s": 9.93438, "warm_s": 10.0737, "ok": true, "rss
[19:44:14]    {"phase": "api", "size": "1GiB", "config": "cache 64 MiB", "query": "api: schema", "text": "/api/schema", "first_s": 0.03431, "warm_s": 0.00524, "ok": true, "rss_after_mb": 124.1, "result": "{\"nodes\":1247371,\"edges\":8027661,\"labels\":[
[19:44:14]    {"phase": "api", "size": "1GiB", "config": "cache 64 MiB", "query": "api: stats", "text": "/stats", "first_s": 0.00039, "warm_s": 0.00035, "ok": true, "rss_after_mb": 124.1, "result": "{\"columns\":[\"metric\",\"value\"],\"rows\":[[\"nodes\
[19:44:14]    {"phase": "api", "size": "1GiB", "config": "cache 64 MiB", "query": "api: nodes page (label)", "text": "/api/nodes?label=Person&limit=100", "first_s": 0.00272, "warm_s": 0.00176, "ok": true, "rss_after_mb": 124.1, "result": "{\"nodes\":[{\"
[19:44:14]    {"phase": "api", "size": "1GiB", "config": "cache 64 MiB", "query": "api: nodes page (deep offset)", "text": "/api/nodes?label=Order&from=907498&limit=100", "first_s": 0.00067, "warm_s": 0.0006, "ok": true, "rss_after_mb": 124.1, "result": 
[19:44:14]    {"phase": "api", "size": "1GiB", "config": "cache 64 MiB", "query": "api: nodes search (text)", "text": "/api/nodes?q=Z%C3%BCrich&limit=50", "first_s": 0.0015, "warm_s": 0.00128, "ok": true, "rss_after_mb": 124.1, "result": "{\"nodes\":[{\"
[19:44:14]    {"phase": "api", "size": "1GiB", "config": "cache 64 MiB", "query": "api: edges page (type)", "text": "/api/edges?type=CITES&limit=100", "first_s": 0.00183, "warm_s": 0.00159, "ok": true, "rss_after_mb": 124.1, "result": "{\"edges\":[{\"_e\
[19:44:14]    {"phase": "api", "size": "1GiB", "config": "cache 64 MiB", "query": "api: expand node", "text": "/api/expand?id=252084&limit=200", "first_s": 0.00079, "warm_s": 0.00046, "ok": true, "rss_after_mb": 124.1, "result": "{\"graph\":{\"nodes\":[{
[19:44:15]    {"phase": "api", "size": "1GiB", "config": "cache 64 MiB", "query": "api: expand hub", "text": "/api/expand?id=1&limit=200", "first_s": 0.09974, "warm_s": 0.00195, "ok": true, "rss_after_mb": 124.1, "result": "{\"graph\":{\"nodes\":[{\"_e\"
[19:44:15]    {"phase": "server_end", "size": "1GiB", "config": "cache 64 MiB", "rss_mb": 124.1, "hwm_mb": 146.7}
[19:44:27]    {"phase": "load", "size": "1GiB", "clients": 1, "result": {"label": "", "clients": 1, "seconds": 10.0, "requests": 84528, "errors": 0, "qps": 8452.7, "mean_ms": 0.118, "p50_ms": 0.109, "p95_ms": 0.165, "p99_ms": 0.201, "max_ms": 1.115, "byt
[19:44:39]    {"phase": "load", "size": "1GiB", "clients": 4, "result": {"label": "", "clients": 4, "seconds": 10.0, "requests": 221795, "errors": 0, "qps": 22179.4, "mean_ms": 0.18, "p50_ms": 0.165, "p95_ms": 0.26, "p99_ms": 0.441, "max_ms": 1.473, "byt
[19:44:51]    {"phase": "load", "size": "1GiB", "clients": 16, "result": {"label": "", "clients": 16, "seconds": 10.0, "requests": 227342, "errors": 0, "qps": 22734.1, "mean_ms": 0.704, "p50_ms": 0.68, "p95_ms": 1.337, "p99_ms": 1.884, "max_ms": 9.591, "
[19:44:51]    {"phase": "write", "size": "1GiB", "op": "CREATE node, autocommit, sync off", "n": 2000, "wall_s": 0.0332, "per_op_ms": 0.0145, "peak_rss_mb": 17.0, "ok": true}
[19:44:51]    {"phase": "write", "size": "1GiB", "op": "CREATE node, autocommit, sync normal", "n": 2000, "wall_s": 0.0394, "per_op_ms": 0.0175, "peak_rss_mb": 17.1, "ok": true}
[19:44:51]    {"phase": "write", "size": "1GiB", "op": "CREATE node, autocommit, sync always", "n": 200, "wall_s": 0.4432, "per_op_ms": 2.1945, "peak_rss_mb": 17.1, "ok": true}
[19:44:51]    {"phase": "write", "size": "1GiB", "op": "SET property", "n": 200, "wall_s": 0.1784, "per_op_ms": 0.871, "peak_rss_mb": 18.1, "ok": true, "error": null}
[19:44:51]    {"phase": "write", "size": "1GiB", "op": "CREATE edge", "n": 200, "wall_s": 0.0601, "per_op_ms": 0.279, "peak_rss_mb": 17.1, "ok": true, "error": null}
[19:44:52]    {"phase": "write", "size": "1GiB", "op": "DETACH DELETE node", "n": 50, "wall_s": 0.4184, "per_op_ms": 8.286, "peak_rss_mb": 65.6, "ok": true, "error": null}
[19:44:52]    {"phase": "write", "size": "1GiB", "op": "bulk SET over a label (spooled)", "n": 1, "wall_s": 0.0316, "per_op_ms": 27.0, "peak_rss_mb": 17.1, "ok": true, "error": null}
[19:44:59]    {"phase": "recovery", "size": "1GiB", "log_bytes": 7548061, "wall_s": 0.3115, "peak_rss_mb": 17.5, "recovered_nodes": 200000, "nodes_before": 1251521, "ok": true, "verify_ok": true, "stale_lock_left": false}
[19:45:00]    {"phase": "checkpoint", "size": "1GiB", "log_bytes": 10799814, "wall_s": 0.011, "peak_rss_mb": 18.5, "ok": true}
[19:45:06]    {"phase": "replicate_base", "size": "1GiB", "wall_s": 5.6715, "peak_rss_mb": 18.5, "ok": true, "throughput_mb_s": 257.9, "error": null}
[19:45:06]    {"phase": "replicate_log", "size": "1GiB", "wall_s": 0.0894, "peak_rss_mb": 18.6, "ok": true}
[19:45:11]    {"phase": "replicate_restore", "size": "1GiB", "wall_s": 4.6426, "peak_rss_mb": 1033.3, "ok": true, "same_counts": true, "error": null}
[19:45:29]    {"phase": "export", "size": "1GiB", "wall_s": 17.3254, "peak_rss_mb": 2395.4, "ok": true, "jsonl_bytes": 1598523462, "error": null}
[19:46:52]    {"phase": "import", "size": "1GiB", "wall_s": 83.4812, "peak_rss_mb": 2699.6, "ok": true, "db_bytes": 2321909459, "error": null}
[19:46:52]    {"phase": "roundtrip_check", "size": "1GiB", "same_counts": true}
[19:46:53] === paged 5GiB
[19:46:53] evict failed /home/dj/Work/glider/bench/data/scale/pg-5GiB.db [Errno 2] No such file or directory: '/home/dj/Work/glider/bench/data/scale/pg-5GiB.db'
[19:48:28]    {"phase": "build", "size": "5GiB", "method": "bulk load (scale-gen --paged)", "wall_s": 95.3942, "peak_rss_mb": 541.8, "ok": true, "file_bytes": 7540457472, "gen": {"mode": "paged-bulk", "ids": 6302075, "nodes": 6237595, "edges": 40209610, 
[19:48:28]    {"phase": "file", "size": "5GiB", "file_bytes": 7540457472, "legacy_image_bytes": 5370839340, "stats": {"nodes": 6237595, "edges": 40209610, "labels": 11, "edge_types": 16, "indexes": 6, "interned_strings": 74, "file_bytes": 7540457472, "pa
[19:48:29]    {"phase": "open", "size": "5GiB", "config": "cache 1 GiB (default)", "cache": "cold", "wall_s": 0.0066, "peak_rss_mb": 18.6, "ok": true, "error": null}
[19:48:29]    {"phase": "open", "size": "5GiB", "config": "cache 1 GiB (default)", "cache": "warm", "wall_s": 0.0042, "peak_rss_mb": 18.6, "ok": true, "error": null}
[19:48:29]    {"phase": "open", "size": "5GiB", "config": "cache 64 MiB", "cache": "cold", "wall_s": 0.004, "peak_rss_mb": 18.6, "ok": true, "error": null}
[19:48:29]    {"phase": "open", "size": "5GiB", "config": "cache 64 MiB", "cache": "warm", "wall_s": 0.0042, "peak_rss_mb": 18.6, "ok": true, "error": null}
[19:48:44]    {"phase": "verify", "size": "5GiB", "cache": "cold", "wall_s": 15.0393, "peak_rss_mb": 1033.2, "ok": true, "throughput_mb_s": 478.2}
[19:48:45]    {"phase": "server_start", "size": "5GiB", "config": "cache 1 GiB (default)", "ok": true, "wall_s": 0.0076, "rss_mb": 3.8}
[19:48:45]    {"phase": "query", "size": "5GiB", "config": "cache 1 GiB (default)", "query": "point: indexed text (Person.email)", "text": "MATCH (p:Person {email:\"user0001260416@example.org\"}) RETURN p.name, p.age, p.country", "first_s": 0.00382, "war
[19:48:45]    {"phase": "query", "size": "5GiB", "config": "cache 1 GiB (default)", "query": "point: indexed text (Order.ref)", "text": "MATCH (o:Order {ref:\"ORD-0003907287\"}) RETURN o.total, o.status", "first_s": 0.00304, "warm_s": 0.00035, "ok": true
[19:48:45]    {"phase": "query", "size": "5GiB", "config": "cache 1 GiB (default)", "query": "point: unindexed, by id()", "text": "MATCH (d:Document) WHERE id(d) = 5104680 RETURN d.title", "first_s": 0.00173, "warm_s": 0.00035, "ok": true, "rss_before_mb
[19:48:45]    {"phase": "query", "size": "5GiB", "config": "cache 1 GiB (default)", "query": "1-hop out: community (KNOWS)", "text": "MATCH (p:Person {email:\"user0001260416@example.org\"})-[:KNOWS]->(f) RETURN count(f), avg(f.age)", "first_s": 0.00537, 
[19:48:48]    {"phase": "query", "size": "5GiB", "config": "cache 1 GiB (default)", "query": "1-hop in: power-law hub (KNOWS)", "text": "MATCH (h:Person {email:\"user0000000001@example.org\"})<-[:KNOWS]-(f) RETURN count(f)", "first_s": 2.76373, "warm_s":
[19:48:48]    {"phase": "query", "size": "5GiB", "config": "cache 1 GiB (default)", "query": "2-hop: friends of friends", "text": "MATCH (p:Person {email:\"user0001260416@example.org\"})-[:KNOWS]->()-[:KNOWS]->(x) RETURN count(x)", "first_s": 0.00521, "w
[19:48:48]    {"phase": "query", "size": "5GiB", "config": "cache 1 GiB (default)", "query": "2-hop bipartite: buyer -> orders -> products", "text": "MATCH (p:Person {email:\"user0000000757@example.org\"})-[:PLACED]->(o)-[:CONTAINS]->(pr) RETURN count(pr
[19:48:48]    {"phase": "query", "size": "5GiB", "config": "cache 1 GiB (default)", "query": "multi-edges: order lines", "text": "MATCH (o:Order {ref:\"ORD-0003907287\"})-[c:CONTAINS]->(pr) RETURN pr.sku, count(c) ORDER BY pr.sku", "first_s": 0.00236, "w
[19:48:48]    {"phase": "query", "size": "5GiB", "config": "cache 1 GiB (default)", "query": "dense clique: SIMILAR 2-hop", "text": "MATCH (p:Product {sku:\"SKU-0002867445\"})-[:SIMILAR]->()-[:SIMILAR]->(r) RETURN count(r)", "first_s": 0.00342, "warm_s":
[19:48:48]    {"phase": "query", "size": "5GiB", "config": "cache 1 GiB (default)", "query": "tree: category ancestors (var-length)", "text": "MATCH (p:Product {sku:\"SKU-0002867445\"})-[:IN_CATEGORY]->(c)<-[:PARENT_OF*1..10]-(a) RETURN count(a)", "first
[19:48:48]    {"phase": "query", "size": "5GiB", "config": "cache 1 GiB (default)", "query": "chain: NEXT*1..200", "text": "MATCH (e:Event {seq:5923950})-[:NEXT*1..200]->(x) RETURN count(x)", "first_s": 0.00561, "warm_s": 0.00056, "ok": true, "rss_before
[19:48:48]    {"phase": "query", "size": "5GiB", "config": "cache 1 GiB (default)", "query": "DAG: CITES*1..3 from a document", "text": "MATCH (d:Document)-[:CITES*1..3]->(x) WHERE id(d) = 5104680 RETURN count(x)", "first_s": 0.00921, "warm_s": 0.00036, 
[19:48:48]    {"phase": "query", "size": "5GiB", "config": "cache 1 GiB (default)", "query": "heterogeneous: MENTIONS by label", "text": "MATCH (d:Document)-[:MENTIONS]->(x) WHERE id(d) = 5104680 RETURN labels(x), count(x)", "first_s": 0.0003, "warm_s": 
[19:48:49]    {"phase": "query", "size": "5GiB", "config": "cache 1 GiB (default)", "query": "index, low cardinality (country)", "text": "MATCH (p:Person {country:\"JP\"}) RETURN count(p)", "first_s": 0.77124, "warm_s": 0.13814, "ok": true, "rss_before_m
[19:48:50]    {"phase": "query", "size": "5GiB", "config": "cache 1 GiB (default)", "query": "index + property filter", "text": "MATCH (p:Person {age:42}) WHERE p.active = true RETURN count(p)", "first_s": 0.16553, "warm_s": 0.07744, "ok": true, "rss_bef
[19:48:54]    {"phase": "query", "size": "5GiB", "config": "cache 1 GiB (default)", "query": "self-loops: RETRY", "text": "MATCH (e:Event)-[:RETRY]->(e) RETURN count(e)", "first_s": 1.15831, "warm_s": 0.94005, "ok": true, "rss_before_mb": 858.5, "rss_aft
[19:49:01]    {"phase": "query", "size": "5GiB", "config": "cache 1 GiB (default)", "query": "label scan + unindexed filter", "text": "MATCH (o:Order) WHERE o.total > 1990 RETURN count(o)", "first_s": 2.02634, "warm_s": 1.84975, "ok": true, "rss_before_m
[19:49:12]    {"phase": "query", "size": "5GiB", "config": "cache 1 GiB (default)", "query": "aggregate: group by", "text": "MATCH (o:Order) RETURN o.status, count(o), avg(o.total) ORDER BY o.status", "first_s": 2.75035, "warm_s": 2.74895, "ok": true, "r
[19:49:25]    {"phase": "query", "size": "5GiB", "config": "cache 1 GiB (default)", "query": "top-k: ORDER BY LIMIT over big rows", "text": "MATCH (d:Document) RETURN d.title, d.score ORDER BY d.score DESC LIMIT 5", "first_s": 3.83329, "warm_s": 2.9726, 
[19:49:54]    {"phase": "query", "size": "5GiB", "config": "cache 1 GiB (default)", "query": "edge scan + edge-property filter", "text": "MATCH ()-[r:REVIEWED]->() WHERE r.rating = 5 RETURN count(r)", "first_s": 16.03934, "warm_s": 13.17299, "ok": true, 
[19:50:14]    {"phase": "query", "size": "5GiB", "config": "cache 1 GiB (default)", "query": "count all nodes", "text": "MATCH (n) RETURN count(n)", "first_s": 4.97562, "warm_s": 4.97749, "ok": true, "rss_before_mb": 1040.9, "rss_after_mb": 1043.1, "resu
[19:50:14]    {"phase": "query", "size": "5GiB", "config": "cache 1 GiB (default)", "query": "STATS", "text": "STATS", "first_s": 0.00043, "warm_s": 0.0003, "ok": true, "rss_before_mb": 1043.1, "rss_after_mb": 1043.1, "result": "[[\"nodes\", 6237595], [\
[19:50:14]    {"phase": "query", "size": "5GiB", "config": "cache 1 GiB (default)", "query": "SCHEMA", "text": "SCHEMA", "first_s": 0.00029, "warm_s": 0.00027, "ok": true, "rss_before_mb": 1043.1, "rss_after_mb": 1043.1, "result": "[[\"label\", \"Categor
[19:50:41]    {"phase": "query", "size": "5GiB", "config": "cache 1 GiB (default)", "query": "algo: degree top 5", "text": "CALL degree(top: 5)", "first_s": 6.74052, "warm_s": 6.75898, "ok": true, "rss_before_mb": 1043.1, "rss_after_mb": 1043.1, "result"
[19:52:02]    {"phase": "query", "size": "5GiB", "config": "cache 1 GiB (default)", "query": "algo: wcc", "text": "CALL wcc(top: 3)", "first_s": 40.62322, "warm_s": 40.443, "ok": true, "rss_before_mb": 1043.1, "rss_after_mb": 1044.0, "result": "[[1, \"la
[19:54:03]    {"phase": "query", "size": "5GiB", "config": "cache 1 GiB (default)", "query": "algo: pagerank 5 iterations", "text": "CALL pagerank(iterations: 5, top: 5)", "first_s": 60.63632, "warm_s": 60.79875, "ok": true, "rss_before_mb": 1044.0, "rss
[19:55:45]    {"phase": "query", "size": "5GiB", "config": "cache 1 GiB (default)", "query": "algo: kcore", "text": "CALL kcore(top: 3)", "first_s": 50.45515, "warm_s": 50.77959, "ok": true, "rss_before_mb": 1044.0, "rss_after_mb": 1044.0, "result": "[[2
[19:57:11]    {"phase": "query", "size": "5GiB", "config": "cache 1 GiB (default)", "query": "algo: scc", "text": "CALL scc(top: 3)", "first_s": 43.35425, "warm_s": 43.36533, "ok": true, "rss_before_mb": 1044.0, "rss_after_mb": 1118.4, "result": "[[55458
[20:00:05]    {"phase": "query", "size": "5GiB", "config": "cache 1 GiB (default)", "query": "algo: labelprop 3 iterations", "text": "CALL labelprop(iterations: 3, top: 3)", "first_s": 86.79736, "warm_s": 86.86857, "ok": true, "rss_before_mb": 1118.4, "r
[20:06:38]    {"phase": "query", "size": "5GiB", "config": "cache 1 GiB (default)", "query": "algo: triangles", "text": "CALL triangles(top: 3)", "first_s": 195.3374, "warm_s": 197.17035, "ok": true, "rss_before_mb": 1118.4, "rss_after_mb": 1181.6, "resu
[20:07:05]    {"phase": "query", "size": "5GiB", "config": "cache 1 GiB (default)", "query": "algo (forced out of core): degree top 5", "text": "CALL degree(top: 5, tier: \"ooc\")", "first_s": 6.82624, "warm_s": 6.81555, "ok": true, "rss_before_mb": 1181
[20:08:27]    {"phase": "query", "size": "5GiB", "config": "cache 1 GiB (default)", "query": "algo (forced out of core): wcc", "text": "CALL wcc(top: 3, tier: \"ooc\")", "first_s": 41.02186, "warm_s": 41.24197, "ok": true, "rss_before_mb": 1181.6, "rss_a
[20:10:31]    {"phase": "query", "size": "5GiB", "config": "cache 1 GiB (default)", "query": "algo (forced out of core): pagerank 5 iterations", "text": "CALL pagerank(iterations: 5, top: 5, tier: \"ooc\")", "first_s": 61.78138, "warm_s": 61.62847, "ok":
[20:10:31]    {"phase": "api", "size": "5GiB", "config": "cache 1 GiB (default)", "query": "api: schema", "text": "/api/schema", "first_s": 0.04217, "warm_s": 0.0054, "ok": true, "rss_after_mb": 1181.6, "result": "{\"nodes\":6237595,\"edges\":40209610,\"
[20:10:31]    {"phase": "api", "size": "5GiB", "config": "cache 1 GiB (default)", "query": "api: stats", "text": "/stats", "first_s": 0.00035, "warm_s": 0.00033, "ok": true, "rss_after_mb": 1181.6, "result": "{\"columns\":[\"metric\",\"value\"],\"rows\":
[20:10:31]    {"phase": "api", "size": "5GiB", "config": "cache 1 GiB (default)", "query": "api: nodes page (label)", "text": "/api/nodes?label=Person&limit=100", "first_s": 0.00628, "warm_s": 0.00369, "ok": true, "rss_after_mb": 1181.6, "result": "{\"no
[20:10:31]    {"phase": "api", "size": "5GiB", "config": "cache 1 GiB (default)", "query": "api: nodes page (deep offset)", "text": "/api/nodes?label=Order&from=4537494&limit=100", "first_s": 0.00071, "warm_s": 0.00062, "ok": true, "rss_after_mb": 1181.6
[20:10:31]    {"phase": "api", "size": "5GiB", "config": "cache 1 GiB (default)", "query": "api: nodes search (text)", "text": "/api/nodes?q=Z%C3%BCrich&limit=50", "first_s": 0.00237, "warm_s": 0.00217, "ok": true, "rss_after_mb": 1181.6, "result": "{\"n
[20:10:31]    {"phase": "api", "size": "5GiB", "config": "cache 1 GiB (default)", "query": "api: edges page (type)", "text": "/api/edges?type=CITES&limit=100", "first_s": 0.00294, "warm_s": 0.00215, "ok": true, "rss_after_mb": 1181.6, "result": "{\"edges
[20:10:31]    {"phase": "api", "size": "5GiB", "config": "cache 1 GiB (default)", "query": "api: expand node", "text": "/api/expand?id=1260416&limit=200", "first_s": 0.00272, "warm_s": 0.00049, "ok": true, "rss_after_mb": 1181.6, "result": "{\"graph\":{\
[20:10:31]    {"phase": "api", "size": "5GiB", "config": "cache 1 GiB (default)", "query": "api: expand hub", "text": "/api/expand?id=1&limit=200", "first_s": 0.13605, "warm_s": 0.00242, "ok": true, "rss_after_mb": 1181.6, "result": "{\"graph\":{\"nodes\
[20:10:31]    {"phase": "server_end", "size": "5GiB", "config": "cache 1 GiB (default)", "rss_mb": 1181.6, "hwm_mb": 1361.4}
[20:10:31]    {"phase": "server_start", "size": "5GiB", "config": "cache 64 MiB", "ok": true, "wall_s": 0.0078, "rss_mb": 3.6}
[20:10:31]    {"phase": "query", "size": "5GiB", "config": "cache 64 MiB", "query": "point: indexed text (Person.email)", "text": "MATCH (p:Person {email:\"user0001260416@example.org\"}) RETURN p.name, p.age, p.country", "first_s": 0.00398, "warm_s": 0.0
[20:10:31]    {"phase": "query", "size": "5GiB", "config": "cache 64 MiB", "query": "point: indexed text (Order.ref)", "text": "MATCH (o:Order {ref:\"ORD-0003907287\"}) RETURN o.total, o.status", "first_s": 0.00318, "warm_s": 0.00033, "ok": true, "rss_be
[20:10:31]    {"phase": "query", "size": "5GiB", "config": "cache 64 MiB", "query": "point: unindexed, by id()", "text": "MATCH (d:Document) WHERE id(d) = 5104680 RETURN d.title", "first_s": 0.00183, "warm_s": 0.00033, "ok": true, "rss_before_mb": 4.1, "
[20:10:31]    {"phase": "query", "size": "5GiB", "config": "cache 64 MiB", "query": "1-hop out: community (KNOWS)", "text": "MATCH (p:Person {email:\"user0001260416@example.org\"})-[:KNOWS]->(f) RETURN count(f), avg(f.age)", "first_s": 0.00525, "warm_s":
[20:10:35]    {"phase": "query", "size": "5GiB", "config": "cache 64 MiB", "query": "1-hop in: power-law hub (KNOWS)", "text": "MATCH (h:Person {email:\"user0000000001@example.org\"})<-[:KNOWS]-(f) RETURN count(f)", "first_s": 2.4798, "warm_s": 0.25121, 
[20:10:35]    {"phase": "query", "size": "5GiB", "config": "cache 64 MiB", "query": "2-hop: friends of friends", "text": "MATCH (p:Person {email:\"user0001260416@example.org\"})-[:KNOWS]->()-[:KNOWS]->(x) RETURN count(x)", "first_s": 0.00508, "warm_s": 0
[20:10:35]    {"phase": "query", "size": "5GiB", "config": "cache 64 MiB", "query": "2-hop bipartite: buyer -> orders -> products", "text": "MATCH (p:Person {email:\"user0000000757@example.org\"})-[:PLACED]->(o)-[:CONTAINS]->(pr) RETURN count(pr)", "firs
[20:10:35]    {"phase": "query", "size": "5GiB", "config": "cache 64 MiB", "query": "multi-edges: order lines", "text": "MATCH (o:Order {ref:\"ORD-0003907287\"})-[c:CONTAINS]->(pr) RETURN pr.sku, count(c) ORDER BY pr.sku", "first_s": 0.00228, "warm_s": 0
[20:10:35]    {"phase": "query", "size": "5GiB", "config": "cache 64 MiB", "query": "dense clique: SIMILAR 2-hop", "text": "MATCH (p:Product {sku:\"SKU-0002867445\"})-[:SIMILAR]->()-[:SIMILAR]->(r) RETURN count(r)", "first_s": 0.00333, "warm_s": 0.00036,
[20:10:35]    {"phase": "query", "size": "5GiB", "config": "cache 64 MiB", "query": "tree: category ancestors (var-length)", "text": "MATCH (p:Product {sku:\"SKU-0002867445\"})-[:IN_CATEGORY]->(c)<-[:PARENT_OF*1..10]-(a) RETURN count(a)", "first_s": 0.00
[20:10:35]    {"phase": "query", "size": "5GiB", "config": "cache 64 MiB", "query": "chain: NEXT*1..200", "text": "MATCH (e:Event {seq:5923950})-[:NEXT*1..200]->(x) RETURN count(x)", "first_s": 0.00528, "warm_s": 0.00052, "ok": true, "rss_before_mb": 69.
[20:10:35]    {"phase": "query", "size": "5GiB", "config": "cache 64 MiB", "query": "DAG: CITES*1..3 from a document", "text": "MATCH (d:Document)-[:CITES*1..3]->(x) WHERE id(d) = 5104680 RETURN count(x)", "first_s": 0.0092, "warm_s": 0.00035, "ok": true
[20:10:35]    {"phase": "query", "size": "5GiB", "config": "cache 64 MiB", "query": "heterogeneous: MENTIONS by label", "text": "MATCH (d:Document)-[:MENTIONS]->(x) WHERE id(d) = 5104680 RETURN labels(x), count(x)", "first_s": 0.0003, "warm_s": 0.00028, 
[20:10:37]    {"phase": "query", "size": "5GiB", "config": "cache 64 MiB", "query": "index, low cardinality (country)", "text": "MATCH (p:Person {country:\"JP\"}) RETURN count(p)", "first_s": 0.70177, "warm_s": 0.62772, "ok": true, "rss_before_mb": 69.3,
[20:10:39]    {"phase": "query", "size": "5GiB", "config": "cache 64 MiB", "query": "index + property filter", "text": "MATCH (p:Person {age:42}) WHERE p.active = true RETURN count(p)", "first_s": 0.37874, "warm_s": 0.37323, "ok": true, "rss_before_mb": 
[20:10:43]    {"phase": "query", "size": "5GiB", "config": "cache 64 MiB", "query": "self-loops: RETRY", "text": "MATCH (e:Event)-[:RETRY]->(e) RETURN count(e)", "first_s": 1.0885, "warm_s": 0.99819, "ok": true, "rss_before_mb": 70.0, "rss_after_mb": 70.
[20:10:51]    {"phase": "query", "size": "5GiB", "config": "cache 64 MiB", "query": "label scan + unindexed filter", "text": "MATCH (o:Order) WHERE o.total > 1990 RETURN count(o)", "first_s": 1.99251, "warm_s": 1.90473, "ok": true, "rss_before_mb": 70.0,
[20:11:02]    {"phase": "query", "size": "5GiB", "config": "cache 64 MiB", "query": "aggregate: group by", "text": "MATCH (o:Order) RETURN o.status, count(o), avg(o.total) ORDER BY o.status", "first_s": 2.79632, "warm_s": 2.79236, "ok": true, "rss_before
[20:11:15]    {"phase": "query", "size": "5GiB", "config": "cache 64 MiB", "query": "top-k: ORDER BY LIMIT over big rows", "text": "MATCH (d:Document) RETURN d.title, d.score ORDER BY d.score DESC LIMIT 5", "first_s": 3.82858, "warm_s": 2.97183, "ok": tr
[20:11:48]    {"phase": "query", "size": "5GiB", "config": "cache 64 MiB", "query": "edge scan + edge-property filter", "text": "MATCH ()-[r:REVIEWED]->() WHERE r.rating = 5 RETURN count(r)", "first_s": 18.09208, "warm_s": 15.52691, "ok": true, "rss_befo
[20:12:08]    {"phase": "query", "size": "5GiB", "config": "cache 64 MiB", "query": "count all nodes", "text": "MATCH (n) RETURN count(n)", "first_s": 4.96596, "warm_s": 4.95936, "ok": true, "rss_before_mb": 70.0, "rss_after_mb": 70.0, "result": "[[62375
[20:12:08]    {"phase": "query", "size": "5GiB", "config": "cache 64 MiB", "query": "STATS", "text": "STATS", "first_s": 0.0004, "warm_s": 0.00032, "ok": true, "rss_before_mb": 70.0, "rss_after_mb": 70.0, "result": "[[\"nodes\", 6237595], [\"edges\", 402
[20:12:08]    {"phase": "query", "size": "5GiB", "config": "cache 64 MiB", "query": "SCHEMA", "text": "SCHEMA", "first_s": 0.00037, "warm_s": 0.00035, "ok": true, "rss_before_mb": 70.0, "rss_after_mb": 70.0, "result": "[[\"label\", \"Category\", 31190], 
[20:12:37]    {"phase": "query", "size": "5GiB", "config": "cache 64 MiB", "query": "algo: degree top 5", "text": "CALL degree(top: 5)", "first_s": 7.23645, "warm_s": 7.23428, "ok": true, "rss_before_mb": 70.0, "rss_after_mb": 69.5, "result": "[[564248, 
[20:23:45]    {"phase": "query", "size": "5GiB", "config": "cache 64 MiB", "query": "algo: wcc", "text": "CALL wcc(top: 3)", "first_s": 329.79666, "warm_s": 338.70312, "ok": true, "rss_before_mb": 69.5, "rss_after_mb": 106.0, "result": "[[1, \"lantern \\
[20:48:19]    {"phase": "query", "size": "5GiB", "config": "cache 64 MiB", "query": "algo: pagerank 5 iterations", "text": "CALL pagerank(iterations: 5, top: 5)", "first_s": 725.93968, "warm_s": 747.48565, "ok": true, "rss_before_mb": 106.0, "rss_after_m
[21:03:19]    {"phase": "query", "size": "5GiB", "config": "cache 64 MiB", "query": "algo: kcore", "text": "CALL kcore(top: 3)", "first_s": 900.08773, "warm_s": null, "ok": false, "rss_before_mb": 116.8, "rss_after_mb": 164.6, "result": "timed out"}
[21:18:19]    {"phase": "query", "size": "5GiB", "config": "cache 64 MiB", "query": "algo: scc", "text": "CALL scc(top: 3)", "first_s": 900.01035, "warm_s": null, "ok": false, "rss_before_mb": 164.6, "rss_after_mb": 263.0, "result": "timed out"}
[21:37:39]    {"phase": "query", "size": "5GiB", "config": "cache 64 MiB", "query": "algo: labelprop 3 iterations", "text": "CALL labelprop(iterations: 3, top: 3)", "first_s": 633.50482, "warm_s": 526.57034, "ok": true, "rss_before_mb": 263.0, "rss_after
[21:52:58]    {"phase": "query", "size": "5GiB", "config": "cache 64 MiB", "query": "algo: triangles", "text": "CALL triangles(top: 3)", "first_s": 459.67041, "warm_s": 459.13524, "ok": true, "rss_before_mb": 166.5, "rss_after_mb": 167.5, "result": "[[1,
[21:53:27]    {"phase": "query", "size": "5GiB", "config": "cache 64 MiB", "query": "algo (forced out of core): degree top 5", "text": "CALL degree(top: 5, tier: \"ooc\")", "first_s": 7.21116, "warm_s": 7.18036, "ok": true, "rss_before_mb": 167.5, "rss_a
[22:05:19]    {"phase": "query", "size": "5GiB", "config": "cache 64 MiB", "query": "algo (forced out of core): wcc", "text": "CALL wcc(top: 3, tier: \"ooc\")", "first_s": 357.52912, "warm_s": 354.84219, "ok": true, "rss_before_mb": 167.5, "rss_after_mb"
