[15:10:45] === 1GiB: 1.00 GiB image, 1260415 ids
[15:10:45]    {"phase": "file", "size": "1GiB", "file_bytes": 1072474888, "sections": {"file_header": 64, "image_header_and_directory": 1024, "strings": 739, "node_props": 501915398, "node_props_crc": 30636, "node_ids": 9978968, "node_label_off": 4989488
[15:10:45]    {"phase": "open", "size": "1GiB", "config": "image, lazy (default)", "cache": "cold", "wall_s": 0.0064, "peak_rss_mb": 17.1, "ok": true, "error": null}
[15:10:45]    {"phase": "open", "size": "1GiB", "config": "image, lazy (default)", "cache": "warm", "wall_s": 0.0062, "peak_rss_mb": 17.1, "ok": true, "error": null}
[15:10:45]    {"phase": "open", "size": "1GiB", "config": "image, props on disk", "cache": "cold", "wall_s": 0.0062, "peak_rss_mb": 17.1, "ok": true, "error": null}
[15:10:45]    {"phase": "open", "size": "1GiB", "config": "image, props on disk", "cache": "warm", "wall_s": 0.006, "peak_rss_mb": 17.1, "ok": true, "error": null}
[15:10:47]    {"phase": "open", "size": "1GiB", "config": "image, --preload", "cache": "cold", "wall_s": 1.6941, "peak_rss_mb": 1030.5, "ok": true, "error": null}
[15:10:48]    {"phase": "open", "size": "1GiB", "config": "image, --preload", "cache": "warm", "wall_s": 1.13, "peak_rss_mb": 1030.9, "ok": true, "error": null}
[15:11:03]    {"phase": "open", "size": "1GiB", "config": "log, new build (replay)", "cache": "cold", "wall_s": 15.1881, "peak_rss_mb": 5138.4, "ok": true, "error": null}
[15:11:17]    {"phase": "open", "size": "1GiB", "config": "log, new build (replay)", "cache": "warm", "wall_s": 13.9166, "peak_rss_mb": 5138.4, "ok": true, "error": null}
[15:11:34]    {"phase": "open", "size": "1GiB", "config": "log, old build (replay)", "cache": "cold", "wall_s": 16.9807, "peak_rss_mb": 5319.2, "ok": true, "error": null}
[15:11:50]    {"phase": "open", "size": "1GiB", "config": "log, old build (replay)", "cache": "warm", "wall_s": 15.7874, "peak_rss_mb": 5319.5, "ok": true, "error": null}
[15:11:51]    {"phase": "verify", "size": "1GiB", "cache": "cold", "wall_s": 1.3256, "peak_rss_mb": 51.0, "ok": true, "throughput_mb_s": 771.6}
[15:11:52]    {"phase": "verify", "size": "1GiB", "cache": "warm", "wall_s": 0.7446, "peak_rss_mb": 51.1, "ok": true, "throughput_mb_s": 1373.6}
[15:11:52]    {"phase": "server_start", "size": "1GiB", "config": "image, lazy (default)", "ok": true, "wall_s": 0.0095, "rss_mb": 3.5, "error": null}
[15:11:52]    {"phase": "query", "size": "1GiB", "config": "image, lazy (default)", "query": "point: indexed text (Person.email)", "text": "MATCH (p:Person {email:\"user0000252084@example.org\"}) RETURN p.name, p.age, p.country", "first_s": 0.10197, "war
[15:11:52]    {"phase": "query", "size": "1GiB", "config": "image, lazy (default)", "query": "point: indexed text (Order.ref)", "text": "MATCH (o:Order {ref:\"ORD-0000781457\"}) RETURN o.total, o.status", "first_s": 0.02797, "warm_s": 0.00039, "ok": true
[15:11:52]    {"phase": "query", "size": "1GiB", "config": "image, lazy (default)", "query": "point: unindexed, by id()", "text": "MATCH (d:Document) WHERE id(d) = 1020935 RETURN d.title", "first_s": 0.00106, "warm_s": 0.00035, "ok": true, "rss_before_mb
[15:11:53]    {"phase": "query", "size": "1GiB", "config": "image, lazy (default)", "query": "1-hop out: community (KNOWS)", "text": "MATCH (p:Person {email:\"user0000252084@example.org\"})-[:KNOWS]->(f) RETURN count(f), avg(f.age)", "first_s": 0.23648, 
[15:11:53]    {"phase": "query", "size": "1GiB", "config": "image, lazy (default)", "query": "1-hop in: power-law hub (KNOWS)", "text": "MATCH (h:Person {email:\"user0000000001@example.org\"})<-[:KNOWS]-(f) RETURN count(f)", "first_s": 0.38521, "warm_s":
[15:11:53]    {"phase": "query", "size": "1GiB", "config": "image, lazy (default)", "query": "2-hop: friends of friends", "text": "MATCH (p:Person {email:\"user0000252084@example.org\"})-[:KNOWS]->()-[:KNOWS]->(x) RETURN count(x)", "first_s": 0.00052, "w
[15:11:53]    {"phase": "query", "size": "1GiB", "config": "image, lazy (default)", "query": "2-hop bipartite: buyer -> orders -> products", "text": "MATCH (p:Person {email:\"user0000000152@example.org\"})-[:PLACED]->(o)-[:CONTAINS]->(pr) RETURN count(pr
[15:11:53]    {"phase": "query", "size": "1GiB", "config": "image, lazy (default)", "query": "multi-edges: order lines", "text": "MATCH (o:Order {ref:\"ORD-0000781457\"})-[c:CONTAINS]->(pr) RETURN pr.sku, count(c) ORDER BY pr.sku", "first_s": 0.21667, "w
[15:11:53]    {"phase": "query", "size": "1GiB", "config": "image, lazy (default)", "query": "dense clique: SIMILAR 2-hop", "text": "MATCH (p:Product {sku:\"SKU-0000573489\"})-[:SIMILAR]->()-[:SIMILAR]->(r) RETURN count(r)", "first_s": 0.00763, "warm_s":
[15:11:53]    {"phase": "query", "size": "1GiB", "config": "image, lazy (default)", "query": "tree: category ancestors (var-length)", "text": "MATCH (p:Product {sku:\"SKU-0000573489\"})-[:IN_CATEGORY]->(c)<-[:PARENT_OF*1..10]-(a) RETURN count(a)", "first
[15:11:53]    {"phase": "query", "size": "1GiB", "config": "image, lazy (default)", "query": "chain: NEXT*1..200", "text": "MATCH (e:Event {seq:1184790})-[:NEXT*1..200]->(x) RETURN count(x)", "first_s": 0.00628, "warm_s": 0.00071, "ok": true, "rss_before
[15:11:53]    {"phase": "query", "size": "1GiB", "config": "image, lazy (default)", "query": "DAG: CITES*1..3 from a document", "text": "MATCH (d:Document)-[:CITES*1..3]->(x) WHERE id(d) = 1020935 RETURN count(x)", "first_s": 0.00265, "warm_s": 0.00033, 
[15:11:53]    {"phase": "query", "size": "1GiB", "config": "image, lazy (default)", "query": "heterogeneous: MENTIONS by label", "text": "MATCH (d:Document)-[:MENTIONS]->(x) WHERE id(d) = 1020935 RETURN labels(x), count(x)", "first_s": 0.00041, "warm_s":
[15:11:54]    {"phase": "query", "size": "1GiB", "config": "image, lazy (default)", "query": "index, low cardinality (country)", "text": "MATCH (p:Person {country:\"JP\"}) RETURN count(p)", "first_s": 0.08827, "warm_s": 0.07346, "ok": true, "rss_before_m
[15:11:54]    {"phase": "query", "size": "1GiB", "config": "image, lazy (default)", "query": "index + property filter", "text": "MATCH (p:Person {age:42}) WHERE p.active = true RETURN count(p)", "first_s": 0.03286, "warm_s": 0.02771, "ok": true, "rss_bef
[15:11:54]    {"phase": "query", "size": "1GiB", "config": "image, lazy (default)", "query": "self-loops: RETRY", "text": "MATCH (e:Event)-[:RETRY]->(e) RETURN count(e)", "first_s": 0.05065, "warm_s": 0.02752, "ok": true, "rss_before_mb": 644.4, "rss_aft
[15:11:54]    {"phase": "query", "size": "1GiB", "config": "image, lazy (default)", "query": "label scan + unindexed filter", "text": "MATCH (o:Order) WHERE o.total > 1990 RETURN count(o)", "first_s": 0.13009, "warm_s": 0.07298, "ok": true, "rss_before_m
[15:11:57]    {"phase": "query", "size": "1GiB", "config": "image, lazy (default)", "query": "aggregate: group by", "text": "MATCH (o:Order) RETURN o.status, count(o), avg(o.total) ORDER BY o.status", "first_s": 0.55766, "warm_s": 0.55815, "ok": true, "r
[15:11:58]    {"phase": "query", "size": "1GiB", "config": "image, lazy (default)", "query": "top-k: ORDER BY LIMIT over big rows", "text": "MATCH (d:Document) RETURN d.title, d.score ORDER BY d.score DESC LIMIT 5", "first_s": 0.48986, "warm_s": 0.15593,
[15:12:00]    {"phase": "query", "size": "1GiB", "config": "image, lazy (default)", "query": "edge scan + edge-property filter", "text": "MATCH ()-[r:REVIEWED]->() WHERE r.rating = 5 RETURN count(r)", "first_s": 0.64467, "warm_s": 0.49166, "ok": true, "r
[15:12:19]    {"phase": "query", "size": "1GiB", "config": "image, lazy (default)", "query": "count all nodes", "text": "MATCH (n) RETURN count(n)", "first_s": 5.25789, "warm_s": 4.60432, "ok": true, "rss_before_mb": 1115.2, "rss_after_mb": 2172.8, "resu
[15:12:19]    {"phase": "query", "size": "1GiB", "config": "image, lazy (default)", "query": "STATS", "text": "STATS", "first_s": 0.00129, "warm_s": 0.00035, "ok": true, "rss_before_mb": 2172.8, "rss_after_mb": 2172.8, "result": "[[\"nodes\", 1247371], [
[15:12:19]    {"phase": "query", "size": "1GiB", "config": "image, lazy (default)", "query": "SCHEMA", "text": "SCHEMA", "first_s": 0.00035, "warm_s": 0.00035, "ok": true, "rss_before_mb": 2172.8, "rss_after_mb": 2172.8, "result": "[[\"label\", \"Categor
[15:12:19]    {"phase": "query", "size": "1GiB", "config": "image, lazy (default)", "query": "algo: degree top 5", "text": "CALL degree(top: 5)", "first_s": 0.15699, "warm_s": 0.15297, "ok": true, "rss_before_mb": 2172.8, "rss_after_mb": 2172.8, "result"
[15:12:22]    {"phase": "query", "size": "1GiB", "config": "image, lazy (default)", "query": "algo: wcc", "text": "CALL wcc(top: 3)", "first_s": 0.6065, "warm_s": 0.6001, "ok": true, "rss_before_mb": 2172.8, "rss_after_mb": 2172.8, "result": "[[1, \"lant
[15:12:23]    {"phase": "query", "size": "1GiB", "config": "image, lazy (default)", "query": "algo: pagerank 5 iterations", "text": "CALL pagerank(iterations: 5, top: 5)", "first_s": 0.28571, "warm_s": 0.2816, "ok": true, "rss_before_mb": 2172.8, "rss_af
[15:12:23]    {"phase": "api", "size": "1GiB", "config": "image, lazy (default)", "query": "api: schema", "text": "/api/schema", "first_s": 0.10275, "warm_s": 0.09782, "ok": true, "rss_after_mb": 2172.8, "result": "{\"nodes\":1247371,\"edges\":8027661,\"
[15:12:23]    {"phase": "api", "size": "1GiB", "config": "image, lazy (default)", "query": "api: stats", "text": "/stats", "first_s": 0.0004, "warm_s": 0.00031, "ok": true, "rss_after_mb": 2172.8, "result": "{\"columns\":[\"metric\",\"value\"],\"rows\":[
[15:12:23]    {"phase": "api", "size": "1GiB", "config": "image, lazy (default)", "query": "api: nodes page (label)", "text": "/api/nodes?label=Person&limit=100", "first_s": 0.00248, "warm_s": 0.0025, "ok": true, "rss_after_mb": 2172.8, "result": "{\"nod
[15:12:23]    {"phase": "api", "size": "1GiB", "config": "image, lazy (default)", "query": "api: nodes page (deep offset)", "text": "/api/nodes?label=Order&from=907498&limit=100", "first_s": 0.00154, "warm_s": 0.00153, "ok": true, "rss_after_mb": 2172.8,
[15:12:23]    {"phase": "api", "size": "1GiB", "config": "image, lazy (default)", "query": "api: nodes search (text)", "text": "/api/nodes?q=Z%C3%BCrich&limit=50", "first_s": 0.0015, "warm_s": 0.00149, "ok": true, "rss_after_mb": 2172.8, "result": "{\"no
[15:12:23]    {"phase": "api", "size": "1GiB", "config": "image, lazy (default)", "query": "api: edges page (type)", "text": "/api/edges?type=CITES&limit=100", "first_s": 0.00729, "warm_s": 0.0074, "ok": true, "rss_after_mb": 2172.8, "result": "{\"edges\
[15:12:23]    {"phase": "api", "size": "1GiB", "config": "image, lazy (default)", "query": "api: expand node", "text": "/api/expand?id=252084&limit=200", "first_s": 0.00046, "warm_s": 0.0004, "ok": true, "rss_after_mb": 2172.8, "result": "{\"graph\":{\"n
[15:12:23]    {"phase": "api", "size": "1GiB", "config": "image, lazy (default)", "query": "api: expand hub", "text": "/api/expand?id=1&limit=200", "first_s": 0.02295, "warm_s": 0.00154, "ok": true, "rss_after_mb": 2172.8, "result": "{\"graph\":{\"nodes\
[15:12:23]    {"phase": "server_end", "size": "1GiB", "config": "image, lazy (default)", "rss_mb": 2172.8, "hwm_mb": 2662.2}
[15:12:23]    {"phase": "server_start", "size": "1GiB", "config": "image, props on disk", "ok": true, "wall_s": 0.0128, "rss_mb": 3.4, "error": null}
[15:12:24]    {"phase": "query", "size": "1GiB", "config": "image, props on disk", "query": "point: indexed text (Person.email)", "text": "MATCH (p:Person {email:\"user0000252084@example.org\"}) RETURN p.name, p.age, p.country", "first_s": 0.09853, "warm
[15:12:24]    {"phase": "query", "size": "1GiB", "config": "image, props on disk", "query": "point: indexed text (Order.ref)", "text": "MATCH (o:Order {ref:\"ORD-0000781457\"}) RETURN o.total, o.status", "first_s": 0.02784, "warm_s": 0.00038, "ok": true,
[15:12:24]    {"phase": "query", "size": "1GiB", "config": "image, props on disk", "query": "point: unindexed, by id()", "text": "MATCH (d:Document) WHERE id(d) = 1020935 RETURN d.title", "first_s": 0.00106, "warm_s": 0.00034, "ok": true, "rss_before_mb"
[15:12:24]    {"phase": "query", "size": "1GiB", "config": "image, props on disk", "query": "1-hop out: community (KNOWS)", "text": "MATCH (p:Person {email:\"user0000252084@example.org\"})-[:KNOWS]->(f) RETURN count(f), avg(f.age)", "first_s": 0.23654, "
[15:12:25]    {"phase": "query", "size": "1GiB", "config": "image, props on disk", "query": "1-hop in: power-law hub (KNOWS)", "text": "MATCH (h:Person {email:\"user0000000001@example.org\"})<-[:KNOWS]-(f) RETURN count(f)", "first_s": 0.36521, "warm_s": 
[15:12:25]    {"phase": "query", "size": "1GiB", "config": "image, props on disk", "query": "2-hop: friends of friends", "text": "MATCH (p:Person {email:\"user0000252084@example.org\"})-[:KNOWS]->()-[:KNOWS]->(x) RETURN count(x)", "first_s": 0.00069, "wa
[15:12:25]    {"phase": "query", "size": "1GiB", "config": "image, props on disk", "query": "2-hop bipartite: buyer -> orders -> products", "text": "MATCH (p:Person {email:\"user0000000152@example.org\"})-[:PLACED]->(o)-[:CONTAINS]->(pr) RETURN count(pr)
[15:12:25]    {"phase": "query", "size": "1GiB", "config": "image, props on disk", "query": "multi-edges: order lines", "text": "MATCH (o:Order {ref:\"ORD-0000781457\"})-[c:CONTAINS]->(pr) RETURN pr.sku, count(c) ORDER BY pr.sku", "first_s": 0.21634, "wa
[15:12:25]    {"phase": "query", "size": "1GiB", "config": "image, props on disk", "query": "dense clique: SIMILAR 2-hop", "text": "MATCH (p:Product {sku:\"SKU-0000573489\"})-[:SIMILAR]->()-[:SIMILAR]->(r) RETURN count(r)", "first_s": 0.00811, "warm_s": 
[15:12:25]    {"phase": "query", "size": "1GiB", "config": "image, props on disk", "query": "tree: category ancestors (var-length)", "text": "MATCH (p:Product {sku:\"SKU-0000573489\"})-[:IN_CATEGORY]->(c)<-[:PARENT_OF*1..10]-(a) RETURN count(a)", "first_
[15:12:25]    {"phase": "query", "size": "1GiB", "config": "image, props on disk", "query": "chain: NEXT*1..200", "text": "MATCH (e:Event {seq:1184790})-[:NEXT*1..200]->(x) RETURN count(x)", "first_s": 0.00632, "warm_s": 0.00062, "ok": true, "rss_before_
[15:12:25]    {"phase": "query", "size": "1GiB", "config": "image, props on disk", "query": "DAG: CITES*1..3 from a document", "text": "MATCH (d:Document)-[:CITES*1..3]->(x) WHERE id(d) = 1020935 RETURN count(x)", "first_s": 0.00297, "warm_s": 0.00038, "
[15:12:25]    {"phase": "query", "size": "1GiB", "config": "image, props on disk", "query": "heterogeneous: MENTIONS by label", "text": "MATCH (d:Document)-[:MENTIONS]->(x) WHERE id(d) = 1020935 RETURN labels(x), count(x)", "first_s": 0.00045, "warm_s": 
[15:12:26]    {"phase": "query", "size": "1GiB", "config": "image, props on disk", "query": "index, low cardinality (country)", "text": "MATCH (p:Person {country:\"JP\"}) RETURN count(p)", "first_s": 0.31021, "warm_s": 0.30662, "ok": true, "rss_before_mb
[15:12:28]    {"phase": "query", "size": "1GiB", "config": "image, props on disk", "query": "index + property filter", "text": "MATCH (p:Person {age:42}) WHERE p.active = true RETURN count(p)", "first_s": 0.35279, "warm_s": 0.35109, "ok": true, "rss_befo
[15:12:28]    {"phase": "query", "size": "1GiB", "config": "image, props on disk", "query": "self-loops: RETRY", "text": "MATCH (e:Event)-[:RETRY]->(e) RETURN count(e)", "first_s": 0.04829, "warm_s": 0.02711, "ok": true, "rss_before_mb": 537.5, "rss_afte
[15:12:28]    {"phase": "query", "size": "1GiB", "config": "image, props on disk", "query": "label scan + unindexed filter", "text": "MATCH (o:Order) WHERE o.total > 1990 RETURN count(o)", "first_s": 0.13879, "warm_s": 0.08426, "ok": true, "rss_before_mb
[15:12:30]    {"phase": "query", "size": "1GiB", "config": "image, props on disk", "query": "aggregate: group by", "text": "MATCH (o:Order) RETURN o.status, count(o), avg(o.total) ORDER BY o.status", "first_s": 0.57838, "warm_s": 0.57595, "ok": true, "rs
[15:12:32]    {"phase": "query", "size": "1GiB", "config": "image, props on disk", "query": "top-k: ORDER BY LIMIT over big rows", "text": "MATCH (d:Document) RETURN d.title, d.score ORDER BY d.score DESC LIMIT 5", "first_s": 0.46109, "warm_s": 0.37441, 
[15:12:35]    {"phase": "query", "size": "1GiB", "config": "image, props on disk", "query": "edge scan + edge-property filter", "text": "MATCH ()-[r:REVIEWED]->() WHERE r.rating = 5 RETURN count(r)", "first_s": 0.71794, "warm_s": 0.64113, "ok": true, "rs
[15:12:55]    {"phase": "query", "size": "1GiB", "config": "image, props on disk", "query": "count all nodes", "text": "MATCH (n) RETURN count(n)", "first_s": 5.50163, "warm_s": 4.97039, "ok": true, "rss_before_mb": 610.9, "rss_after_mb": 1706.3, "result
[15:12:55]    {"phase": "query", "size": "1GiB", "config": "image, props on disk", "query": "STATS", "text": "STATS", "first_s": 0.00071, "warm_s": 0.00031, "ok": true, "rss_before_mb": 1706.3, "rss_after_mb": 1706.3, "result": "[[\"nodes\", 1247371], [\
[15:12:55]    {"phase": "query", "size": "1GiB", "config": "image, props on disk", "query": "SCHEMA", "text": "SCHEMA", "first_s": 0.00028, "warm_s": 0.00035, "ok": true, "rss_before_mb": 1706.3, "rss_after_mb": 1706.3, "result": "[[\"label\", \"Category
[15:12:56]    {"phase": "query", "size": "1GiB", "config": "image, props on disk", "query": "algo: degree top 5", "text": "CALL degree(top: 5)", "first_s": 0.15462, "warm_s": 0.15223, "ok": true, "rss_before_mb": 1706.3, "rss_after_mb": 1706.3, "result":
[15:12:58]    {"phase": "query", "size": "1GiB", "config": "image, props on disk", "query": "algo: wcc", "text": "CALL wcc(top: 3)", "first_s": 0.59819, "warm_s": 0.59841, "ok": true, "rss_before_mb": 1706.3, "rss_after_mb": 1706.3, "result": "[[1, \"lan
[15:12:59]    {"phase": "query", "size": "1GiB", "config": "image, props on disk", "query": "algo: pagerank 5 iterations", "text": "CALL pagerank(iterations: 5, top: 5)", "first_s": 0.28184, "warm_s": 0.27937, "ok": true, "rss_before_mb": 1706.3, "rss_af
[15:12:59]    {"phase": "api", "size": "1GiB", "config": "image, props on disk", "query": "api: schema", "text": "/api/schema", "first_s": 0.11126, "warm_s": 0.09883, "ok": true, "rss_after_mb": 1706.3, "result": "{\"nodes\":1247371,\"edges\":8027661,\"l
[15:12:59]    {"phase": "api", "size": "1GiB", "config": "image, props on disk", "query": "api: stats", "text": "/stats", "first_s": 0.00041, "warm_s": 0.00035, "ok": true, "rss_after_mb": 1706.3, "result": "{\"columns\":[\"metric\",\"value\"],\"rows\":[
[15:12:59]    {"phase": "api", "size": "1GiB", "config": "image, props on disk", "query": "api: nodes page (label)", "text": "/api/nodes?label=Person&limit=100", "first_s": 0.00275, "warm_s": 0.00268, "ok": true, "rss_after_mb": 1706.3, "result": "{\"nod
[15:12:59]    {"phase": "api", "size": "1GiB", "config": "image, props on disk", "query": "api: nodes page (deep offset)", "text": "/api/nodes?label=Order&from=907498&limit=100", "first_s": 0.00175, "warm_s": 0.00173, "ok": true, "rss_after_mb": 1706.3, 
[15:12:59]    {"phase": "api", "size": "1GiB", "config": "image, props on disk", "query": "api: nodes search (text)", "text": "/api/nodes?q=Z%C3%BCrich&limit=50", "first_s": 0.00161, "warm_s": 0.00154, "ok": true, "rss_after_mb": 1706.3, "result": "{\"no
[15:12:59]    {"phase": "api", "size": "1GiB", "config": "image, props on disk", "query": "api: edges page (type)", "text": "/api/edges?type=CITES&limit=100", "first_s": 0.00766, "warm_s": 0.00766, "ok": true, "rss_after_mb": 1706.3, "result": "{\"edges\
[15:12:59]    {"phase": "api", "size": "1GiB", "config": "image, props on disk", "query": "api: expand node", "text": "/api/expand?id=252084&limit=200", "first_s": 0.00083, "warm_s": 0.00041, "ok": true, "rss_after_mb": 1706.3, "result": "{\"graph\":{\"n
[15:12:59]    {"phase": "api", "size": "1GiB", "config": "image, props on disk", "query": "api: expand hub", "text": "/api/expand?id=1&limit=200", "first_s": 0.02878, "warm_s": 0.00144, "ok": true, "rss_after_mb": 1706.3, "result": "{\"graph\":{\"nodes\"
[15:12:59]    {"phase": "server_end", "size": "1GiB", "config": "image, props on disk", "rss_mb": 1706.3, "hwm_mb": 2196.1}
[15:13:14]    {"phase": "server_start", "size": "1GiB", "config": "log, old build (replay)", "ok": true, "wall_s": 13.9642, "rss_mb": 3963.8, "error": null}
[15:13:14]    {"phase": "query", "size": "1GiB", "config": "log, old build (replay)", "query": "point: indexed text (Person.email)", "text": "MATCH (p:Person {email:\"user0000252084@example.org\"}) RETURN p.name, p.age, p.country", "first_s": 0.00038, "w
[15:13:14]    {"phase": "query", "size": "1GiB", "config": "log, old build (replay)", "query": "point: indexed text (Order.ref)", "text": "MATCH (o:Order {ref:\"ORD-0000781457\"}) RETURN o.total, o.status", "first_s": 0.00031, "warm_s": 0.0003, "ok": tru
[15:13:14]    {"phase": "query", "size": "1GiB", "config": "log, old build (replay)", "query": "point: unindexed, by id()", "text": "MATCH (d:Document) WHERE id(d) = 1020935 RETURN d.title", "first_s": 0.00035, "warm_s": 0.00028, "ok": true, "rss_before_
[15:13:14]    {"phase": "query", "size": "1GiB", "config": "log, old build (replay)", "query": "1-hop out: community (KNOWS)", "text": "MATCH (p:Person {email:\"user0000252084@example.org\"})-[:KNOWS]->(f) RETURN count(f), avg(f.age)", "first_s": 0.00032
[15:13:14]    {"phase": "query", "size": "1GiB", "config": "log, old build (replay)", "query": "1-hop in: power-law hub (KNOWS)", "text": "MATCH (h:Person {email:\"user0000000001@example.org\"})<-[:KNOWS]-(f) RETURN count(f)", "first_s": 0.03768, "warm_s
[15:13:14]    {"phase": "query", "size": "1GiB", "config": "log, old build (replay)", "query": "2-hop: friends of friends", "text": "MATCH (p:Person {email:\"user0000252084@example.org\"})-[:KNOWS]->()-[:KNOWS]->(x) RETURN count(x)", "first_s": 0.0004, "
[15:13:14]    {"phase": "query", "size": "1GiB", "config": "log, old build (replay)", "query": "2-hop bipartite: buyer -> orders -> products", "text": "MATCH (p:Person {email:\"user0000000152@example.org\"})-[:PLACED]->(o)-[:CONTAINS]->(pr) RETURN count(
[15:13:14]    {"phase": "query", "size": "1GiB", "config": "log, old build (replay)", "query": "multi-edges: order lines", "text": "MATCH (o:Order {ref:\"ORD-0000781457\"})-[c:CONTAINS]->(pr) RETURN pr.sku, count(c) ORDER BY pr.sku", "first_s": 0.00036, 
[15:13:14]    {"phase": "query", "size": "1GiB", "config": "log, old build (replay)", "query": "dense clique: SIMILAR 2-hop", "text": "MATCH (p:Product {sku:\"SKU-0000573489\"})-[:SIMILAR]->()-[:SIMILAR]->(r) RETURN count(r)", "first_s": 0.00041, "warm_s
[15:13:14]    {"phase": "query", "size": "1GiB", "config": "log, old build (replay)", "query": "tree: category ancestors (var-length)", "text": "MATCH (p:Product {sku:\"SKU-0000573489\"})-[:IN_CATEGORY]->(c)<-[:PARENT_OF*1..10]-(a) RETURN count(a)", "fir
[15:13:14]    {"phase": "query", "size": "1GiB", "config": "log, old build (replay)", "query": "chain: NEXT*1..200", "text": "MATCH (e:Event {seq:1184790})-[:NEXT*1..200]->(x) RETURN count(x)", "first_s": 0.00058, "warm_s": 0.00056, "ok": true, "rss_befo
[15:13:14]    {"phase": "query", "size": "1GiB", "config": "log, old build (replay)", "query": "DAG: CITES*1..3 from a document", "text": "MATCH (d:Document)-[:CITES*1..3]->(x) WHERE id(d) = 1020935 RETURN count(x)", "first_s": 0.00031, "warm_s": 0.00036
[15:13:14]    {"phase": "query", "size": "1GiB", "config": "log, old build (replay)", "query": "heterogeneous: MENTIONS by label", "text": "MATCH (d:Document)-[:MENTIONS]->(x) WHERE id(d) = 1020935 RETURN labels(x), count(x)", "first_s": 0.00029, "warm_s
[15:13:14]    {"phase": "query", "size": "1GiB", "config": "log, old build (replay)", "query": "index, low cardinality (country)", "text": "MATCH (p:Person {country:\"JP\"}) RETURN count(p)", "first_s": 0.06349, "warm_s": 0.05886, "ok": true, "rss_before
[15:13:14]    {"phase": "query", "size": "1GiB", "config": "log, old build (replay)", "query": "index + property filter", "text": "MATCH (p:Person {age:42}) WHERE p.active = true RETURN count(p)", "first_s": 0.02304, "warm_s": 0.02237, "ok": true, "rss_b
[15:13:14]    {"phase": "query", "size": "1GiB", "config": "log, old build (replay)", "query": "self-loops: RETRY", "text": "MATCH (e:Event)-[:RETRY]->(e) RETURN count(e)", "first_s": 0.06121, "warm_s": 0.06008, "ok": true, "rss_before_mb": 3980.0, "rss_
[15:13:15]    {"phase": "query", "size": "1GiB", "config": "log, old build (replay)", "query": "label scan + unindexed filter", "text": "MATCH (o:Order) WHERE o.total > 1990 RETURN count(o)", "first_s": 0.19204, "warm_s": 0.1714, "ok": true, "rss_before_
[15:13:18]    {"phase": "query", "size": "1GiB", "config": "log, old build (replay)", "query": "aggregate: group by", "text": "MATCH (o:Order) RETURN o.status, count(o), avg(o.total) ORDER BY o.status", "first_s": 0.67691, "warm_s": 0.6805, "ok": true, "
[15:13:19]    {"phase": "query", "size": "1GiB", "config": "log, old build (replay)", "query": "top-k: ORDER BY LIMIT over big rows", "text": "MATCH (d:Document) RETURN d.title, d.score ORDER BY d.score DESC LIMIT 5", "first_s": 0.19303, "warm_s": 0.1900
[15:13:21]    {"phase": "query", "size": "1GiB", "config": "log, old build (replay)", "query": "edge scan + edge-property filter", "text": "MATCH ()-[r:REVIEWED]->() WHERE r.rating = 5 RETURN count(r)", "first_s": 0.71665, "warm_s": 0.70472, "ok": true, 
[15:13:40]    {"phase": "query", "size": "1GiB", "config": "log, old build (replay)", "query": "count all nodes", "text": "MATCH (n) RETURN count(n)", "first_s": 4.64706, "warm_s": 4.64579, "ok": true, "rss_before_mb": 4027.9, "rss_after_mb": 5085.9, "re
[15:13:40]    {"phase": "query", "size": "1GiB", "config": "log, old build (replay)", "query": "STATS", "text": "STATS", "first_s": 0.00993, "warm_s": 0.0145, "ok": true, "rss_before_mb": 5075.9, "rss_after_mb": 3964.1, "result": "[[\"nodes\", 1247371], 
[15:13:40]    {"phase": "query", "size": "1GiB", "config": "log, old build (replay)", "query": "SCHEMA", "text": "SCHEMA", "first_s": 0.00035, "warm_s": 0.0003, "ok": true, "rss_before_mb": 3964.1, "rss_after_mb": 3964.1, "result": "[[\"label\", \"Catego
[15:13:42]    {"phase": "query", "size": "1GiB", "config": "log, old build (replay)", "query": "algo: degree top 5", "text": "CALL degree(top: 5)", "first_s": 0.56246, "warm_s": 0.55931, "ok": true, "rss_before_mb": 3964.1, "rss_after_mb": 3965.8, "resul
[15:13:49]    {"phase": "query", "size": "1GiB", "config": "log, old build (replay)", "query": "algo: wcc", "text": "CALL wcc(top: 3)", "first_s": 1.64785, "warm_s": 1.66246, "ok": true, "rss_before_mb": 3965.8, "rss_after_mb": 3997.8, "result": "[[1, \"
[15:13:52]    {"phase": "query", "size": "1GiB", "config": "log, old build (replay)", "query": "algo: pagerank 5 iterations", "text": "CALL pagerank(iterations: 5, top: 5)", "first_s": 0.67319, "warm_s": 0.67958, "ok": true, "rss_before_mb": 3997.8, "rss
[15:13:52]    {"phase": "api", "size": "1GiB", "config": "log, old build (replay)", "query": "api: schema", "text": "/api/schema", "first_s": 0.00127, "warm_s": 0.00091, "ok": true, "rss_after_mb": 3997.8, "result": "{\"nodes\":1247371,\"edges\":8027661,
[15:13:52]    {"phase": "api", "size": "1GiB", "config": "log, old build (replay)", "query": "api: stats", "text": "/stats", "first_s": 0.00034, "warm_s": 0.00032, "ok": true, "rss_after_mb": 3997.8, "result": "{\"columns\":[\"metric\",\"value\"],\"rows\
[15:13:52]    {"phase": "api", "size": "1GiB", "config": "log, old build (replay)", "query": "api: nodes page (label)", "text": "/api/nodes?label=Person&limit=100", "first_s": 0.01001, "warm_s": 0.00918, "ok": true, "rss_after_mb": 4001.7, "result": "{\"
[15:13:52]    {"phase": "api", "size": "1GiB", "config": "log, old build (replay)", "query": "api: nodes page (deep offset)", "text": "/api/nodes?label=Order&from=907498&limit=100", "first_s": 0.00559, "warm_s": 0.00555, "ok": true, "rss_after_mb": 4001.
[15:13:52]    {"phase": "api", "size": "1GiB", "config": "log, old build (replay)", "query": "api: nodes search (text)", "text": "/api/nodes?q=Z%C3%BCrich&limit=50", "first_s": 0.02833, "warm_s": 0.02832, "ok": true, "rss_after_mb": 4007.7, "result": "{\
[15:13:52]    {"phase": "api", "size": "1GiB", "config": "log, old build (replay)", "query": "api: edges page (type)", "text": "/api/edges?type=CITES&limit=100", "first_s": 0.00756, "warm_s": 0.00757, "ok": true, "rss_after_mb": 4007.7, "result": "{\"edg
[15:13:52]    {"phase": "api", "size": "1GiB", "config": "log, old build (replay)", "query": "api: expand node", "text": "/api/expand?id=252084&limit=200", "first_s": 0.00043, "warm_s": 0.00039, "ok": true, "rss_after_mb": 4007.7, "result": "{\"graph\":{
[15:13:52]    {"phase": "api", "size": "1GiB", "config": "log, old build (replay)", "query": "api: expand hub", "text": "/api/expand?id=1&limit=200", "first_s": 0.00077, "warm_s": 0.00064, "ok": true, "rss_after_mb": 4007.7, "result": "{\"graph\":{\"node
[15:13:52]    {"phase": "server_end", "size": "1GiB", "config": "log, old build (replay)", "rss_mb": 4007.7, "hwm_mb": 5319.2}
[15:14:04]    {"phase": "load", "size": "1GiB", "clients": 1, "result": {"label": "", "clients": 1, "seconds": 10.0, "requests": 63797, "errors": 0, "qps": 6379.6, "mean_ms": 0.157, "p50_ms": 0.144, "p95_ms": 0.224, "p99_ms": 0.332, "max_ms": 1.513, "byt
[15:14:16]    {"phase": "load", "size": "1GiB", "clients": 4, "result": {"label": "", "clients": 4, "seconds": 10.0, "requests": 143940, "errors": 0, "qps": 14393.9, "mean_ms": 0.278, "p50_ms": 0.238, "p95_ms": 0.446, "p99_ms": 1.509, "max_ms": 2.973, "b
[15:14:28]    {"phase": "load", "size": "1GiB", "clients": 16, "result": {"label": "", "clients": 16, "seconds": 10.0, "requests": 138907, "errors": 0, "qps": 13890.6, "mean_ms": 1.152, "p50_ms": 1.042, "p95_ms": 2.37, "p99_ms": 3.305, "max_ms": 7.604, "
[15:14:28]    {"phase": "replicate_ship", "size": "1GiB", "wall_s": 0.0563, "peak_rss_mb": 17.6, "ok": true, "throughput_mb_s": 18166.8, "error": null}
[15:14:30]    {"phase": "replicate_restore", "size": "1GiB", "wall_s": 0.0606, "peak_rss_mb": 17.6, "ok": true, "byte_identical": true}
[15:14:40]    {"phase": "export", "size": "1GiB", "wall_s": 10.0476, "peak_rss_mb": 2473.3, "ok": true, "jsonl_bytes": 1598193409, "error": null}
[15:15:11]    {"phase": "import", "size": "1GiB", "wall_s": 30.77, "peak_rss_mb": 5668.5, "ok": true, "log_bytes": 981375514, "error": null}
[15:15:33]    {"phase": "roundtrip_check", "size": "1GiB", "same_node_count": true}
[15:15:33]    {"phase": "write", "size": "1GiB", "op": "CREATE node, autocommit, sync off", "n": 2000, "wall_s": 0.0589, "per_op_ms": 0.0159, "peak_rss_mb": 18.7, "ok": true}
[15:15:33]    {"phase": "write", "size": "1GiB", "op": "CREATE node, autocommit, sync normal", "n": 2000, "wall_s": 0.051, "per_op_ms": 0.0054, "peak_rss_mb": 19.5, "ok": true}
[15:15:34]    {"phase": "write", "size": "1GiB", "op": "CREATE node, autocommit, sync always", "n": 200, "wall_s": 0.6511, "per_op_ms": 3.053, "peak_rss_mb": 19.2, "ok": true}
[15:15:34]    {"phase": "write", "size": "1GiB", "op": "SET on image node (copy-on-write)", "n": 200, "wall_s": 0.0833, "per_op_ms": 0.301, "peak_rss_mb": 66.9, "ok": true, "error": null}
[15:15:34]    {"phase": "write", "size": "1GiB", "op": "CREATE edge between image nodes", "n": 200, "wall_s": 0.0897, "per_op_ms": 0.0, "peak_rss_mb": 89.6, "ok": true, "error": null}
[15:15:35]    {"phase": "write", "size": "1GiB", "op": "DETACH DELETE image node", "n": 50, "wall_s": 0.3348, "per_op_ms": 4.388, "peak_rss_mb": 325.8, "ok": true, "error": null}
[15:15:36]    {"phase": "reopen_with_tail", "size": "1GiB", "cache": "cold", "wall_s": 0.6226, "peak_rss_mb": 364.4, "tail_bytes": 208230}
[15:15:36]    {"phase": "reopen_with_tail", "size": "1GiB", "cache": "warm", "wall_s": 0.3609, "peak_rss_mb": 350.4, "tail_bytes": 208230}
[15:15:44]    {"phase": "compact", "size": "1GiB", "wall_s": 7.8791, "peak_rss_mb": 901.3, "ok": true, "bytes_before": 1072683118, "bytes_after": 1072618025, "throughput_mb_s": 129.8, "error": null}
[15:15:44]    {"phase": "reopen_after_compact", "size": "1GiB", "cache": "cold", "wall_s": 0.0107, "peak_rss_mb": 17.8}
[15:15:44] === 5GiB: 5.00 GiB image, 6302075 ids
[15:15:44]    {"phase": "file", "size": "5GiB", "file_bytes": 5370695684, "sections": {"file_header": 64, "image_header_and_directory": 1024, "strings": 739, "node_props": 2512970250, "node_props_crc": 153380, "node_ids": 49900760, "node_label_off": 2495
[15:15:44]    {"phase": "open", "size": "5GiB", "config": "image, lazy (default)", "cache": "cold", "wall_s": 0.0082, "peak_rss_mb": 17.8, "ok": true, "error": null}
[15:15:44]    {"phase": "open", "size": "5GiB", "config": "image, lazy (default)", "cache": "warm", "wall_s": 0.0064, "peak_rss_mb": 17.8, "ok": true, "error": null}
[15:15:44]    {"phase": "open", "size": "5GiB", "config": "image, props on disk", "cache": "cold", "wall_s": 0.0061, "peak_rss_mb": 17.8, "ok": true, "error": null}
[15:15:44]    {"phase": "open", "size": "5GiB", "config": "image, props on disk", "cache": "warm", "wall_s": 0.0062, "peak_rss_mb": 17.8, "ok": true, "error": null}
[15:15:54]    {"phase": "open", "size": "5GiB", "config": "image, --preload", "cache": "cold", "wall_s": 9.4803, "peak_rss_mb": 5147.3, "ok": true, "error": null}
[15:15:59]    {"phase": "open", "size": "5GiB", "config": "image, --preload", "cache": "warm", "wall_s": 5.364, "peak_rss_mb": 5147.5, "ok": true, "error": null}
[15:19:05]    {"phase": "open", "size": "5GiB", "config": "log, old build (replay)", "cache": "warm", "wall_s": 185.8795, "peak_rss_mb": 15887.9, "ok": false, "error": "exit -6: memory allocation of 2181038096 bytes failed\nnote: run with `RUST_BACKTRACE
[15:22:03]    {"phase": "open", "size": "5GiB", "config": "log, new build (replay)", "cache": "warm", "wall_s": 176.9139, "peak_rss_mb": 15482.8, "ok": false, "error": "exit -6: memory allocation of 1912602640 bytes failed\nnote: run with `RUST_BACKTRACE
[15:22:13]    {"phase": "verify", "size": "5GiB", "cache": "cold", "wall_s": 9.6737, "peak_rss_mb": 244.2, "ok": true, "throughput_mb_s": 529.5}
[15:22:17]    {"phase": "verify", "size": "5GiB", "cache": "warm", "wall_s": 3.653, "peak_rss_mb": 244.5, "ok": true, "throughput_mb_s": 1402.1}
[15:22:17]    {"phase": "server_start", "size": "5GiB", "config": "image, lazy (default)", "ok": true, "wall_s": 0.0523, "rss_mb": 4.4, "error": null}
[15:22:18]    {"phase": "query", "size": "5GiB", "config": "image, lazy (default)", "query": "point: indexed text (Person.email)", "text": "MATCH (p:Person {email:\"user0001260416@example.org\"}) RETURN p.name, p.age, p.country", "first_s": 0.62925, "war
[15:22:18]    {"phase": "query", "size": "5GiB", "config": "image, lazy (default)", "query": "point: indexed text (Order.ref)", "text": "MATCH (o:Order {ref:\"ORD-0003907287\"}) RETURN o.total, o.status", "first_s": 0.16541, "warm_s": 0.00047, "ok": true
[15:22:18]    {"phase": "query", "size": "5GiB", "config": "image, lazy (default)", "query": "point: unindexed, by id()", "text": "MATCH (d:Document) WHERE id(d) = 5104680 RETURN d.title", "first_s": 0.00136, "warm_s": 0.00034, "ok": true, "rss_before_mb
[15:22:20]    {"phase": "query", "size": "5GiB", "config": "image, lazy (default)", "query": "1-hop out: community (KNOWS)", "text": "MATCH (p:Person {email:\"user0001260416@example.org\"})-[:KNOWS]->(f) RETURN count(f), avg(f.age)", "first_s": 1.96022, 
[15:22:23]    {"phase": "query", "size": "5GiB", "config": "image, lazy (default)", "query": "1-hop in: power-law hub (KNOWS)", "text": "MATCH (h:Person {email:\"user0000000001@example.org\"})<-[:KNOWS]-(f) RETURN count(f)", "first_s": 2.12833, "warm_s":
[15:22:23]    {"phase": "query", "size": "5GiB", "config": "image, lazy (default)", "query": "2-hop: friends of friends", "text": "MATCH (p:Person {email:\"user0001260416@example.org\"})-[:KNOWS]->()-[:KNOWS]->(x) RETURN count(x)", "first_s": 0.00115, "w
[15:22:23]    {"phase": "query", "size": "5GiB", "config": "image, lazy (default)", "query": "2-hop bipartite: buyer -> orders -> products", "text": "MATCH (p:Person {email:\"user0000000757@example.org\"})-[:PLACED]->(o)-[:CONTAINS]->(pr) RETURN count(pr
[15:22:24]    {"phase": "query", "size": "5GiB", "config": "image, lazy (default)", "query": "multi-edges: order lines", "text": "MATCH (o:Order {ref:\"ORD-0003907287\"})-[c:CONTAINS]->(pr) RETURN pr.sku, count(c) ORDER BY pr.sku", "first_s": 1.36345, "w
[15:22:24]    {"phase": "query", "size": "5GiB", "config": "image, lazy (default)", "query": "dense clique: SIMILAR 2-hop", "text": "MATCH (p:Product {sku:\"SKU-0002867445\"})-[:SIMILAR]->()-[:SIMILAR]->(r) RETURN count(r)", "first_s": 0.05252, "warm_s":
[15:22:24]    {"phase": "query", "size": "5GiB", "config": "image, lazy (default)", "query": "tree: category ancestors (var-length)", "text": "MATCH (p:Product {sku:\"SKU-0002867445\"})-[:IN_CATEGORY]->(c)<-[:PARENT_OF*1..10]-(a) RETURN count(a)", "first
[15:22:24]    {"phase": "query", "size": "5GiB", "config": "image, lazy (default)", "query": "chain: NEXT*1..200", "text": "MATCH (e:Event {seq:5923950})-[:NEXT*1..200]->(x) RETURN count(x)", "first_s": 0.03349, "warm_s": 0.0007, "ok": true, "rss_before_
[15:22:24]    {"phase": "query", "size": "5GiB", "config": "image, lazy (default)", "query": "DAG: CITES*1..3 from a document", "text": "MATCH (d:Document)-[:CITES*1..3]->(x) WHERE id(d) = 5104680 RETURN count(x)", "first_s": 0.0029, "warm_s": 0.00039, "
[15:22:24]    {"phase": "query", "size": "5GiB", "config": "image, lazy (default)", "query": "heterogeneous: MENTIONS by label", "text": "MATCH (d:Document)-[:MENTIONS]->(x) WHERE id(d) = 5104680 RETURN labels(x), count(x)", "first_s": 0.00037, "warm_s":
[15:22:26]    {"phase": "query", "size": "5GiB", "config": "image, lazy (default)", "query": "index, low cardinality (country)", "text": "MATCH (p:Person {country:\"JP\"}) RETURN count(p)", "first_s": 0.57734, "warm_s": 0.37912, "ok": true, "rss_before_m
[15:22:26]    {"phase": "query", "size": "5GiB", "config": "image, lazy (default)", "query": "index + property filter", "text": "MATCH (p:Person {age:42}) WHERE p.active = true RETURN count(p)", "first_s": 0.17511, "warm_s": 0.15736, "ok": true, "rss_bef
[15:22:27]    {"phase": "query", "size": "5GiB", "config": "image, lazy (default)", "query": "self-loops: RETRY", "text": "MATCH (e:Event)-[:RETRY]->(e) RETURN count(e)", "first_s": 0.25807, "warm_s": 0.13927, "ok": true, "rss_before_mb": 3172.7, "rss_af
[15:22:29]    {"phase": "query", "size": "5GiB", "config": "image, lazy (default)", "query": "label scan + unindexed filter", "text": "MATCH (o:Order) WHERE o.total > 1990 RETURN count(o)", "first_s": 0.64441, "warm_s": 0.4142, "ok": true, "rss_before_mb
[15:22:41]    {"phase": "query", "size": "5GiB", "config": "image, lazy (default)", "query": "aggregate: group by", "text": "MATCH (o:Order) RETURN o.status, count(o), avg(o.total) ORDER BY o.status", "first_s": 3.03959, "warm_s": 3.07873, "ok": true, "r
[15:22:47]    {"phase": "query", "size": "5GiB", "config": "image, lazy (default)", "query": "top-k: ORDER BY LIMIT over big rows", "text": "MATCH (d:Document) RETURN d.title, d.score ORDER BY d.score DESC LIMIT 5", "first_s": 2.66898, "warm_s": 0.9079, 
[15:22:58]    {"phase": "query", "size": "5GiB", "config": "image, lazy (default)", "query": "edge scan + edge-property filter", "text": "MATCH ()-[r:REVIEWED]->() WHERE r.rating = 5 RETURN count(r)", "first_s": 3.50248, "warm_s": 2.78505, "ok": true, "r
[15:23:49]    {"phase": "query", "size": "5GiB", "config": "image, lazy (default)", "query": "count all nodes", "text": "MATCH (n) RETURN count(n)", "first_s": 27.2011, "warm_s": 23.72581, "ok": true, "rss_before_mb": 5749.9, "rss_after_mb": 11052.8, "re
[15:23:49]    {"phase": "query", "size": "5GiB", "config": "image, lazy (default)", "query": "STATS", "text": "STATS", "first_s": 0.00359, "warm_s": 0.00028, "ok": true, "rss_before_mb": 11052.8, "rss_after_mb": 11052.8, "result": "[[\"nodes\", 6237595],
[15:23:49]    {"phase": "query", "size": "5GiB", "config": "image, lazy (default)", "query": "SCHEMA", "text": "SCHEMA", "first_s": 0.0003, "warm_s": 0.00027, "ok": true, "rss_before_mb": 11052.8, "rss_after_mb": 11052.8, "result": "[[\"label\", \"Catego
[15:23:53]    {"phase": "query", "size": "5GiB", "config": "image, lazy (default)", "query": "algo: degree top 5", "text": "CALL degree(top: 5)", "first_s": 0.913, "warm_s": 0.91038, "ok": true, "rss_before_mb": 11052.8, "rss_after_mb": 11052.8, "result"
[15:24:08]    {"phase": "query", "size": "5GiB", "config": "image, lazy (default)", "query": "algo: wcc", "text": "CALL wcc(top: 3)", "first_s": 3.85621, "warm_s": 3.87927, "ok": true, "rss_before_mb": 11052.8, "rss_after_mb": 11052.8, "result": "[[1, \"
[15:24:16]    {"phase": "query", "size": "5GiB", "config": "image, lazy (default)", "query": "algo: pagerank 5 iterations", "text": "CALL pagerank(iterations: 5, top: 5)", "first_s": 1.83728, "warm_s": 1.84022, "ok": true, "rss_before_mb": 11052.8, "rss_
[15:24:17]    {"phase": "api", "size": "5GiB", "config": "image, lazy (default)", "query": "api: schema", "text": "/api/schema", "first_s": 0.48284, "warm_s": 0.47681, "ok": true, "rss_after_mb": 11052.8, "result": "{\"nodes\":6237595,\"edges\":40209610,
[15:24:17]    {"phase": "api", "size": "5GiB", "config": "image, lazy (default)", "query": "api: stats", "text": "/stats", "first_s": 0.00036, "warm_s": 0.00033, "ok": true, "rss_after_mb": 11052.8, "result": "{\"columns\":[\"metric\",\"value\"],\"rows\"
[15:24:17]    {"phase": "api", "size": "5GiB", "config": "image, lazy (default)", "query": "api: nodes page (label)", "text": "/api/nodes?label=Person&limit=100", "first_s": 0.0108, "warm_s": 0.01075, "ok": true, "rss_after_mb": 11052.8, "result": "{\"no
[15:24:17]    {"phase": "api", "size": "5GiB", "config": "image, lazy (default)", "query": "api: nodes page (deep offset)", "text": "/api/nodes?label=Order&from=4537494&limit=100", "first_s": 0.00622, "warm_s": 0.00623, "ok": true, "rss_after_mb": 11052.
[15:24:17]    {"phase": "api", "size": "5GiB", "config": "image, lazy (default)", "query": "api: nodes search (text)", "text": "/api/nodes?q=Z%C3%BCrich&limit=50", "first_s": 0.00435, "warm_s": 0.00434, "ok": true, "rss_after_mb": 11052.8, "result": "{\"
[15:24:17]    {"phase": "api", "size": "5GiB", "config": "image, lazy (default)", "query": "api: edges page (type)", "text": "/api/edges?type=CITES&limit=100", "first_s": 0.03282, "warm_s": 0.03193, "ok": true, "rss_after_mb": 11052.8, "result": "{\"edge
[15:24:17]    {"phase": "api", "size": "5GiB", "config": "image, lazy (default)", "query": "api: expand node", "text": "/api/expand?id=1260416&limit=200", "first_s": 0.00247, "warm_s": 0.00041, "ok": true, "rss_after_mb": 11052.8, "result": "{\"graph\":{
[15:24:17]    {"phase": "api", "size": "5GiB", "config": "image, lazy (default)", "query": "api: expand hub", "text": "/api/expand?id=1&limit=200", "first_s": 0.0526, "warm_s": 0.00191, "ok": true, "rss_after_mb": 11052.8, "result": "{\"graph\":{\"nodes\
[15:24:17]    {"phase": "server_end", "size": "5GiB", "config": "image, lazy (default)", "rss_mb": 11052.8, "hwm_mb": 14487.5}
[15:24:18]    {"phase": "server_start", "size": "5GiB", "config": "image, props on disk", "ok": true, "wall_s": 0.013, "rss_mb": 3.3, "error": null}
[15:24:19]    {"phase": "query", "size": "5GiB", "config": "image, props on disk", "query": "point: indexed text (Person.email)", "text": "MATCH (p:Person {email:\"user0001260416@example.org\"}) RETURN p.name, p.age, p.country", "first_s": 0.65592, "warm
[15:24:19]    {"phase": "query", "size": "5GiB", "config": "image, props on disk", "query": "point: indexed text (Order.ref)", "text": "MATCH (o:Order {ref:\"ORD-0003907287\"}) RETURN o.total, o.status", "first_s": 0.1659, "warm_s": 0.00042, "ok": true, 
[15:24:19]    {"phase": "query", "size": "5GiB", "config": "image, props on disk", "query": "point: unindexed, by id()", "text": "MATCH (d:Document) WHERE id(d) = 5104680 RETURN d.title", "first_s": 0.00124, "warm_s": 0.00036, "ok": true, "rss_before_mb"
[15:24:21]    {"phase": "query", "size": "5GiB", "config": "image, props on disk", "query": "1-hop out: community (KNOWS)", "text": "MATCH (p:Person {email:\"user0001260416@example.org\"})-[:KNOWS]->(f) RETURN count(f), avg(f.age)", "first_s": 1.9065, "w
[15:24:24]    {"phase": "query", "size": "5GiB", "config": "image, props on disk", "query": "1-hop in: power-law hub (KNOWS)", "text": "MATCH (h:Person {email:\"user0000000001@example.org\"})<-[:KNOWS]-(f) RETURN count(f)", "first_s": 1.79927, "warm_s": 
[15:24:24]    {"phase": "query", "size": "5GiB", "config": "image, props on disk", "query": "2-hop: friends of friends", "text": "MATCH (p:Person {email:\"user0001260416@example.org\"})-[:KNOWS]->()-[:KNOWS]->(x) RETURN count(x)", "first_s": 0.00072, "wa
[15:24:24]    {"phase": "query", "size": "5GiB", "config": "image, props on disk", "query": "2-hop bipartite: buyer -> orders -> products", "text": "MATCH (p:Person {email:\"user0000000757@example.org\"})-[:PLACED]->(o)-[:CONTAINS]->(pr) RETURN count(pr)
[15:24:26]    {"phase": "query", "size": "5GiB", "config": "image, props on disk", "query": "multi-edges: order lines", "text": "MATCH (o:Order {ref:\"ORD-0003907287\"})-[c:CONTAINS]->(pr) RETURN pr.sku, count(c) ORDER BY pr.sku", "first_s": 1.35894, "wa
[15:24:26]    {"phase": "query", "size": "5GiB", "config": "image, props on disk", "query": "dense clique: SIMILAR 2-hop", "text": "MATCH (p:Product {sku:\"SKU-0002867445\"})-[:SIMILAR]->()-[:SIMILAR]->(r) RETURN count(r)", "first_s": 0.05321, "warm_s": 
[15:24:26]    {"phase": "query", "size": "5GiB", "config": "image, props on disk", "query": "tree: category ancestors (var-length)", "text": "MATCH (p:Product {sku:\"SKU-0002867445\"})-[:IN_CATEGORY]->(c)<-[:PARENT_OF*1..10]-(a) RETURN count(a)", "first_
[15:24:26]    {"phase": "query", "size": "5GiB", "config": "image, props on disk", "query": "chain: NEXT*1..200", "text": "MATCH (e:Event {seq:5923950})-[:NEXT*1..200]->(x) RETURN count(x)", "first_s": 0.03517, "warm_s": 0.00059, "ok": true, "rss_before_
[15:24:26]    {"phase": "query", "size": "5GiB", "config": "image, props on disk", "query": "DAG: CITES*1..3 from a document", "text": "MATCH (d:Document)-[:CITES*1..3]->(x) WHERE id(d) = 5104680 RETURN count(x)", "first_s": 0.00285, "warm_s": 0.00035, "
[15:24:26]    {"phase": "query", "size": "5GiB", "config": "image, props on disk", "query": "heterogeneous: MENTIONS by label", "text": "MATCH (d:Document)-[:MENTIONS]->(x) WHERE id(d) = 5104680 RETURN labels(x), count(x)", "first_s": 0.00029, "warm_s": 
[15:24:32]    {"phase": "query", "size": "5GiB", "config": "image, props on disk", "query": "index, low cardinality (country)", "text": "MATCH (p:Person {country:\"JP\"}) RETURN count(p)", "first_s": 1.58649, "warm_s": 1.54494, "ok": true, "rss_before_mb
[15:24:39]    {"phase": "query", "size": "5GiB", "config": "image, props on disk", "query": "index + property filter", "text": "MATCH (p:Person {age:42}) WHERE p.active = true RETURN count(p)", "first_s": 1.77037, "warm_s": 1.75826, "ok": true, "rss_befo
[15:24:40]    {"phase": "query", "size": "5GiB", "config": "image, props on disk", "query": "self-loops: RETRY", "text": "MATCH (e:Event)-[:RETRY]->(e) RETURN count(e)", "first_s": 0.25492, "warm_s": 0.13575, "ok": true, "rss_before_mb": 2421.8, "rss_aft
[15:24:42]    {"phase": "query", "size": "5GiB", "config": "image, props on disk", "query": "label scan + unindexed filter", "text": "MATCH (o:Order) WHERE o.total > 1990 RETURN count(o)", "first_s": 0.73023, "warm_s": 0.53784, "ok": true, "rss_before_mb
[15:24:57]    {"phase": "query", "size": "5GiB", "config": "image, props on disk", "query": "aggregate: group by", "text": "MATCH (o:Order) RETURN o.status, count(o), avg(o.total) ORDER BY o.status", "first_s": 3.59867, "warm_s": 3.57409, "ok": true, "rs
[15:25:05]    {"phase": "query", "size": "5GiB", "config": "image, props on disk", "query": "top-k: ORDER BY LIMIT over big rows", "text": "MATCH (d:Document) RETURN d.title, d.score ORDER BY d.score DESC LIMIT 5", "first_s": 2.43954, "warm_s": 1.99377, 
[15:25:19]    {"phase": "query", "size": "5GiB", "config": "image, props on disk", "query": "edge scan + edge-property filter", "text": "MATCH ()-[r:REVIEWED]->() WHERE r.rating = 5 RETURN count(r)", "first_s": 3.78598, "warm_s": 3.48074, "ok": true, "rs
[15:26:15]    {"phase": "query", "size": "5GiB", "config": "image, props on disk", "query": "count all nodes", "text": "MATCH (n) RETURN count(n)", "first_s": 29.52814, "warm_s": 26.42578, "ok": true, "rss_before_mb": 3180.5, "rss_after_mb": 8495.4, "res
[15:26:15]    {"phase": "query", "size": "5GiB", "config": "image, props on disk", "query": "STATS", "text": "STATS", "first_s": 0.00068, "warm_s": 0.00028, "ok": true, "rss_before_mb": 8495.4, "rss_after_mb": 8495.4, "result": "[[\"nodes\", 6237595], [\
[15:26:15]    {"phase": "query", "size": "5GiB", "config": "image, props on disk", "query": "SCHEMA", "text": "SCHEMA", "first_s": 0.00029, "warm_s": 0.00024, "ok": true, "rss_before_mb": 8495.4, "rss_after_mb": 8495.4, "result": "[[\"label\", \"Category
[15:26:19]    {"phase": "query", "size": "5GiB", "config": "image, props on disk", "query": "algo: degree top 5", "text": "CALL degree(top: 5)", "first_s": 0.90895, "warm_s": 0.90966, "ok": true, "rss_before_mb": 8495.4, "rss_after_mb": 8495.4, "result":
[15:26:33]    {"phase": "query", "size": "5GiB", "config": "image, props on disk", "query": "algo: wcc", "text": "CALL wcc(top: 3)", "first_s": 3.45502, "warm_s": 3.45112, "ok": true, "rss_before_mb": 8495.4, "rss_after_mb": 8495.4, "result": "[[1, \"lan
[15:26:40]    {"phase": "query", "size": "5GiB", "config": "image, props on disk", "query": "algo: pagerank 5 iterations", "text": "CALL pagerank(iterations: 5, top: 5)", "first_s": 1.84486, "warm_s": 1.83849, "ok": true, "rss_before_mb": 8495.4, "rss_af
[15:26:41]    {"phase": "api", "size": "5GiB", "config": "image, props on disk", "query": "api: schema", "text": "/api/schema", "first_s": 0.49181, "warm_s": 0.47876, "ok": true, "rss_after_mb": 8495.4, "result": "{\"nodes\":6237595,\"edges\":40209610,\"
[15:26:41]    {"phase": "api", "size": "5GiB", "config": "image, props on disk", "query": "api: stats", "text": "/stats", "first_s": 0.00036, "warm_s": 0.00036, "ok": true, "rss_after_mb": 8495.4, "result": "{\"columns\":[\"metric\",\"value\"],\"rows\":[
[15:26:41]    {"phase": "api", "size": "5GiB", "config": "image, props on disk", "query": "api: nodes page (label)", "text": "/api/nodes?label=Person&limit=100", "first_s": 0.0114, "warm_s": 0.01142, "ok": true, "rss_after_mb": 8495.4, "result": "{\"node
[15:26:41]    {"phase": "api", "size": "5GiB", "config": "image, props on disk", "query": "api: nodes page (deep offset)", "text": "/api/nodes?label=Order&from=4537494&limit=100", "first_s": 0.00683, "warm_s": 0.00678, "ok": true, "rss_after_mb": 8495.4,
[15:26:41]    {"phase": "api", "size": "5GiB", "config": "image, props on disk", "query": "api: nodes search (text)", "text": "/api/nodes?q=Z%C3%BCrich&limit=50", "first_s": 0.00436, "warm_s": 0.00427, "ok": true, "rss_after_mb": 8495.4, "result": "{\"no
[15:26:41]    {"phase": "api", "size": "5GiB", "config": "image, props on disk", "query": "api: edges page (type)", "text": "/api/edges?type=CITES&limit=100", "first_s": 0.03265, "warm_s": 0.03263, "ok": true, "rss_after_mb": 8495.4, "result": "{\"edges\
[15:26:41]    {"phase": "api", "size": "5GiB", "config": "image, props on disk", "query": "api: expand node", "text": "/api/expand?id=1260416&limit=200", "first_s": 0.00321, "warm_s": 0.00042, "ok": true, "rss_after_mb": 8495.4, "result": "{\"graph\":{\"
[15:26:41]    {"phase": "api", "size": "5GiB", "config": "image, props on disk", "query": "api: expand hub", "text": "/api/expand?id=1&limit=200", "first_s": 0.24918, "warm_s": 0.00201, "ok": true, "rss_after_mb": 8495.4, "result": "{\"graph\":{\"nodes\"
[15:26:41]    {"phase": "server_end", "size": "5GiB", "config": "image, props on disk", "rss_mb": 8495.4, "hwm_mb": 11930.2}
[15:26:55]    {"phase": "load", "size": "5GiB", "clients": 1, "result": {"label": "", "clients": 1, "seconds": 10.0, "requests": 63619, "errors": 0, "qps": 6361.9, "mean_ms": 0.157, "p50_ms": 0.145, "p95_ms": 0.228, "p99_ms": 0.437, "max_ms": 1.226, "byt
[15:27:07]    {"phase": "load", "size": "5GiB", "clients": 4, "result": {"label": "", "clients": 4, "seconds": 10.0, "requests": 142108, "errors": 0, "qps": 14210.7, "mean_ms": 0.281, "p50_ms": 0.242, "p95_ms": 0.544, "p99_ms": 1.058, "max_ms": 2.03, "by
[15:27:19]    {"phase": "load", "size": "5GiB", "clients": 16, "result": {"label": "", "clients": 16, "seconds": 10.0, "requests": 138318, "errors": 0, "qps": 13831.7, "mean_ms": 1.157, "p50_ms": 1.064, "p95_ms": 2.146, "p99_ms": 2.906, "max_ms": 6.862, 
[15:27:19]    {"phase": "replicate_ship", "size": "5GiB", "wall_s": 0.2379, "peak_rss_mb": 8.9, "ok": true, "throughput_mb_s": 21529.6, "error": null}
[15:27:28]    {"phase": "replicate_restore", "size": "5GiB", "wall_s": 0.2797, "peak_rss_mb": 8.9, "ok": true, "byte_identical": true}
[15:27:28]    {"phase": "write", "size": "5GiB", "op": "CREATE node, autocommit, sync off", "n": 2000, "wall_s": 0.0983, "per_op_ms": 0.035, "peak_rss_mb": 76.7, "ok": true}
[15:27:28]    {"phase": "write", "size": "5GiB", "op": "CREATE node, autocommit, sync normal", "n": 2000, "wall_s": 0.0892, "per_op_ms": 0.0065, "peak_rss_mb": 77.6, "ok": true}
[15:27:29]    {"phase": "write", "size": "5GiB", "op": "CREATE node, autocommit, sync always", "n": 200, "wall_s": 0.6885, "per_op_ms": 3.0505, "peak_rss_mb": 77.5, "ok": true}
[15:27:30]    {"phase": "write", "size": "5GiB", "op": "SET on image node (copy-on-write)", "n": 200, "wall_s": 0.3021, "per_op_ms": 1.216, "peak_rss_mb": 296.1, "ok": true, "error": null}
[15:27:30]    {"phase": "write", "size": "5GiB", "op": "CREATE edge between image nodes", "n": 200, "wall_s": 0.3043, "per_op_ms": 0.0, "peak_rss_mb": 404.5, "ok": true, "error": null}
[15:27:32]    {"phase": "write", "size": "5GiB", "op": "DETACH DELETE image node", "n": 50, "wall_s": 1.5162, "per_op_ms": 21.388, "peak_rss_mb": 1571.2, "ok": true, "error": null}
[15:27:37]    {"phase": "reopen_with_tail", "size": "5GiB", "cache": "cold", "wall_s": 3.8644, "peak_rss_mb": 1725.6, "tail_bytes": 212546}
[15:27:38]    {"phase": "reopen_with_tail", "size": "5GiB", "cache": "warm", "wall_s": 1.6669, "peak_rss_mb": 1707.9, "tail_bytes": 212546}
[15:28:21]    {"phase": "compact", "size": "5GiB", "wall_s": 42.4944, "peak_rss_mb": 4189.2, "ok": true, "bytes_before": 5370908230, "bytes_after": 5370839340, "throughput_mb_s": 120.5, "error": null}
[15:28:22]    {"phase": "reopen_after_compact", "size": "5GiB", "cache": "cold", "wall_s": 0.3848, "peak_rss_mb": 9.3}
[15:28:22] === 10GiB: 10.00 GiB image, 12604150 ids
[15:28:23]    {"phase": "file", "size": "10GiB", "file_bytes": 10739923113, "sections": {"file_header": 64, "image_header_and_directory": 1024, "strings": 739, "node_props": 5026347372, "node_props_crc": 306784, "node_ids": 99797296, "node_label_off": 49
[15:28:23]    {"phase": "open", "size": "10GiB", "config": "image, lazy (default)", "cache": "cold", "wall_s": 0.5574, "peak_rss_mb": 9.3, "ok": true, "error": null}
[15:28:24]    {"phase": "open", "size": "10GiB", "config": "image, lazy (default)", "cache": "warm", "wall_s": 0.2239, "peak_rss_mb": 9.3, "ok": true, "error": null}
[15:28:24]    {"phase": "open", "size": "10GiB", "config": "image, props on disk", "cache": "cold", "wall_s": 0.4396, "peak_rss_mb": 9.3, "ok": true, "error": null}
[15:28:24]    {"phase": "open", "size": "10GiB", "config": "image, props on disk", "cache": "warm", "wall_s": 0.0066, "peak_rss_mb": 9.3, "ok": true, "error": null}
[15:28:42]    {"phase": "open", "size": "10GiB", "config": "image, --preload", "cache": "cold", "wall_s": 17.5367, "peak_rss_mb": 10289.5, "ok": true, "error": null}
[15:28:54]    {"phase": "open", "size": "10GiB", "config": "image, --preload", "cache": "warm", "wall_s": 12.5241, "peak_rss_mb": 10071.7, "ok": true, "error": null}
[15:29:09]    {"phase": "verify", "size": "10GiB", "cache": "cold", "wall_s": 13.8692, "peak_rss_mb": 483.0, "ok": true, "throughput_mb_s": 738.5}
[15:29:16]    {"phase": "verify", "size": "10GiB", "cache": "warm", "wall_s": 7.2416, "peak_rss_mb": 482.9, "ok": true, "throughput_mb_s": 1414.4}
[15:29:18]    {"phase": "server_start", "size": "10GiB", "config": "image, lazy (default)", "ok": true, "wall_s": 0.0152, "rss_mb": 5.5, "error": null}
[15:29:19]    {"phase": "query", "size": "10GiB", "config": "image, lazy (default)", "query": "point: indexed text (Person.email)", "text": "MATCH (p:Person {email:\"user0002520831@example.org\"}) RETURN p.name, p.age, p.country", "first_s": 1.1174, "war
[15:29:19]    {"phase": "query", "size": "10GiB", "config": "image, lazy (default)", "query": "point: indexed text (Order.ref)", "text": "MATCH (o:Order {ref:\"ORD-0007814573\"}) RETURN o.total, o.status", "first_s": 0.32474, "warm_s": 0.00034, "ok": tru
[15:29:19]    {"phase": "query", "size": "10GiB", "config": "image, lazy (default)", "query": "point: unindexed, by id()", "text": "MATCH (d:Document) WHERE id(d) = 10209361 RETURN d.title", "first_s": 0.00118, "warm_s": 0.00029, "ok": true, "rss_before_
[15:29:21]    {"phase": "query", "size": "10GiB", "config": "image, lazy (default)", "query": "1-hop out: community (KNOWS)", "text": "MATCH (p:Person {email:\"user0002520831@example.org\"})-[:KNOWS]->(f) RETURN count(f), avg(f.age)", "first_s": 2.35071,
[15:29:26]    {"phase": "query", "size": "10GiB", "config": "image, lazy (default)", "query": "1-hop in: power-law hub (KNOWS)", "text": "MATCH (h:Person {email:\"user0000000001@example.org\"})<-[:KNOWS]-(f) RETURN count(f)", "first_s": 3.67874, "warm_s"
[15:29:26]    {"phase": "query", "size": "10GiB", "config": "image, lazy (default)", "query": "2-hop: friends of friends", "text": "MATCH (p:Person {email:\"user0002520831@example.org\"})-[:KNOWS]->()-[:KNOWS]->(x) RETURN count(x)", "first_s": 0.00183, "
[15:29:26]    {"phase": "query", "size": "10GiB", "config": "image, lazy (default)", "query": "2-hop bipartite: buyer -> orders -> products", "text": "MATCH (p:Person {email:\"user0000001513@example.org\"})-[:PLACED]->(o)-[:CONTAINS]->(pr) RETURN count(p
[15:29:28]    {"phase": "query", "size": "10GiB", "config": "image, lazy (default)", "query": "multi-edges: order lines", "text": "MATCH (o:Order {ref:\"ORD-0007814573\"})-[c:CONTAINS]->(pr) RETURN pr.sku, count(c) ORDER BY pr.sku", "first_s": 2.04807, "
[15:29:28]    {"phase": "query", "size": "10GiB", "config": "image, lazy (default)", "query": "dense clique: SIMILAR 2-hop", "text": "MATCH (p:Product {sku:\"SKU-0005734889\"})-[:SIMILAR]->()-[:SIMILAR]->(r) RETURN count(r)", "first_s": 0.09785, "warm_s"
[15:29:28]    {"phase": "query", "size": "10GiB", "config": "image, lazy (default)", "query": "tree: category ancestors (var-length)", "text": "MATCH (p:Product {sku:\"SKU-0005734889\"})-[:IN_CATEGORY]->(c)<-[:PARENT_OF*1..10]-(a) RETURN count(a)", "firs
[15:29:28]    {"phase": "query", "size": "10GiB", "config": "image, lazy (default)", "query": "chain: NEXT*1..200", "text": "MATCH (e:Event {seq:11847901})-[:NEXT*1..200]->(x) RETURN count(x)", "first_s": 0.07987, "warm_s": 0.00064, "ok": true, "rss_befo
[15:29:28]    {"phase": "query", "size": "10GiB", "config": "image, lazy (default)", "query": "DAG: CITES*1..3 from a document", "text": "MATCH (d:Document)-[:CITES*1..3]->(x) WHERE id(d) = 10209361 RETURN count(x)", "first_s": 0.00883, "warm_s": 0.00049
[15:29:28]    {"phase": "query", "size": "10GiB", "config": "image, lazy (default)", "query": "heterogeneous: MENTIONS by label", "text": "MATCH (d:Document)-[:MENTIONS]->(x) WHERE id(d) = 10209361 RETURN labels(x), count(x)", "first_s": 0.00141, "warm_s
[15:29:32]    {"phase": "query", "size": "10GiB", "config": "image, lazy (default)", "query": "index, low cardinality (country)", "text": "MATCH (p:Person {country:\"JP\"}) RETURN count(p)", "first_s": 1.23636, "warm_s": 0.80302, "ok": true, "rss_before_
[15:29:33]    {"phase": "query", "size": "10GiB", "config": "image, lazy (default)", "query": "index + property filter", "text": "MATCH (p:Person {age:42}) WHERE p.active = true RETURN count(p)", "first_s": 0.33416, "warm_s": 0.28294, "ok": true, "rss_be
[15:29:34]    {"phase": "query", "size": "10GiB", "config": "image, lazy (default)", "query": "self-loops: RETRY", "text": "MATCH (e:Event)-[:RETRY]->(e) RETURN count(e)", "first_s": 0.49217, "warm_s": 0.27288, "ok": true, "rss_before_mb": 6400.2, "rss_a
[15:29:39]    {"phase": "query", "size": "10GiB", "config": "image, lazy (default)", "query": "label scan + unindexed filter", "text": "MATCH (o:Order) WHERE o.total > 1990 RETURN count(o)", "first_s": 1.29517, "warm_s": 1.12503, "ok": true, "rss_before_
[15:30:04]    {"phase": "query", "size": "10GiB", "config": "image, lazy (default)", "query": "aggregate: group by", "text": "MATCH (o:Order) RETURN o.status, count(o), avg(o.total) ORDER BY o.status", "first_s": 6.55239, "warm_s": 5.82882, "ok": true, "
[15:30:15]    {"phase": "query", "size": "10GiB", "config": "image, lazy (default)", "query": "top-k: ORDER BY LIMIT over big rows", "text": "MATCH (d:Document) RETURN d.title, d.score ORDER BY d.score DESC LIMIT 5", "first_s": 5.57123, "warm_s": 1.98151
[15:30:40]    {"phase": "query", "size": "10GiB", "config": "image, lazy (default)", "query": "edge scan + edge-property filter", "text": "MATCH ()-[r:REVIEWED]->() WHERE r.rating = 5 RETURN count(r)", "first_s": 7.56064, "warm_s": 5.732, "ok": true, "rs
[15:34:25]    {"phase": "query", "size": "10GiB", "config": "image, lazy (default)", "query": "count all nodes", "text": "MATCH (n) RETURN count(n)", "first_s": 225.10591, "warm_s": null, "ok": false, "rss_before_mb": 11504.4, "rss_after_mb": null, "resu
[15:34:25] server died; restarting
[15:34:25]    {"phase": "query", "size": "10GiB", "config": "image, lazy (default)", "query": "STATS", "text": "STATS", "first_s": 0.00033, "warm_s": 0.0003, "ok": true, "rss_before_mb": 5.5, "rss_after_mb": 5.8, "result": "[[\"nodes\", 12474662], [\"edg
[15:34:25]    {"phase": "query", "size": "10GiB", "config": "image, lazy (default)", "query": "SCHEMA", "text": "SCHEMA", "first_s": 0.00026, "warm_s": 0.00024, "ok": true, "rss_before_mb": 5.8, "rss_after_mb": 5.8, "result": "[[\"label\", \"Category\", 
[15:34:35]    {"phase": "query", "size": "10GiB", "config": "image, lazy (default)", "query": "algo: degree top 5", "text": "CALL degree(top: 5)", "first_s": 4.32879, "warm_s": 1.95833, "ok": true, "rss_before_mb": 5.8, "rss_after_mb": 1522.4, "result": 
[15:35:05]    {"phase": "query", "size": "10GiB", "config": "image, lazy (default)", "query": "algo: wcc", "text": "CALL wcc(top: 3)", "first_s": 8.72631, "warm_s": 7.04747, "ok": true, "rss_before_mb": 1522.4, "rss_after_mb": 2184.0, "result": "[[1, \"l
[15:35:20]    {"phase": "query", "size": "10GiB", "config": "image, lazy (default)", "query": "algo: pagerank 5 iterations", "text": "CALL pagerank(iterations: 5, top: 5)", "first_s": 3.73203, "warm_s": 3.73293, "ok": true, "rss_before_mb": 2184.0, "rss_
[15:35:25]    {"phase": "api", "size": "10GiB", "config": "image, lazy (default)", "query": "api: schema", "text": "/api/schema", "first_s": 3.55622, "warm_s": 0.94959, "ok": true, "rss_after_mb": 4094.3, "result": "{\"nodes\":12474662,\"edges\":80387292
[15:35:25]    {"phase": "api", "size": "10GiB", "config": "image, lazy (default)", "query": "api: stats", "text": "/stats", "first_s": 0.0004, "warm_s": 0.00032, "ok": true, "rss_after_mb": 4094.3, "result": "{\"columns\":[\"metric\",\"value\"],\"rows\":
[15:35:25]    {"phase": "api", "size": "10GiB", "config": "image, lazy (default)", "query": "api: nodes page (label)", "text": "/api/nodes?label=Person&limit=100", "first_s": 0.19617, "warm_s": 0.02184, "ok": true, "rss_after_mb": 4202.5, "result": "{\"n
[15:35:25]    {"phase": "api", "size": "10GiB", "config": "image, lazy (default)", "query": "api: nodes page (deep offset)", "text": "/api/nodes?label=Order&from=9074988&limit=100", "first_s": 0.01499, "warm_s": 0.014, "ok": true, "rss_after_mb": 4202.6,
[15:35:25]    {"phase": "api", "size": "10GiB", "config": "image, lazy (default)", "query": "api: nodes search (text)", "text": "/api/nodes?q=Z%C3%BCrich&limit=50", "first_s": 0.01483, "warm_s": 0.01464, "ok": true, "rss_after_mb": 4202.6, "result": "{\"
[15:35:25]    {"phase": "api", "size": "10GiB", "config": "image, lazy (default)", "query": "api: edges page (type)", "text": "/api/edges?type=CITES&limit=100", "first_s": 0.06503, "warm_s": 0.06507, "ok": true, "rss_after_mb": 4202.6, "result": "{\"edge
[15:35:25]    {"phase": "api", "size": "10GiB", "config": "image, lazy (default)", "query": "api: expand node", "text": "/api/expand?id=2520831&limit=200", "first_s": 0.01295, "warm_s": 0.00045, "ok": true, "rss_after_mb": 4202.6, "result": "{\"graph\":{
[15:35:25]    {"phase": "api", "size": "10GiB", "config": "image, lazy (default)", "query": "api: expand hub", "text": "/api/expand?id=1&limit=200", "first_s": 0.13634, "warm_s": 0.00283, "ok": true, "rss_after_mb": 4219.4, "result": "{\"graph\":{\"nodes
[15:35:25]    {"phase": "server_end", "size": "10GiB", "config": "image, lazy (default)", "rss_mb": 4219.4, "hwm_mb": 9479.6}
[15:35:26]    {"phase": "server_start", "size": "10GiB", "config": "image, props on disk", "ok": true, "wall_s": 0.0129, "rss_mb": 3.3, "error": null}
[15:35:27]    {"phase": "query", "size": "10GiB", "config": "image, props on disk", "query": "point: indexed text (Person.email)", "text": "MATCH (p:Person {email:\"user0002520831@example.org\"}) RETURN p.name, p.age, p.country", "first_s": 1.03574, "war
[15:35:27]    {"phase": "query", "size": "10GiB", "config": "image, props on disk", "query": "point: indexed text (Order.ref)", "text": "MATCH (o:Order {ref:\"ORD-0007814573\"}) RETURN o.total, o.status", "first_s": 0.32608, "warm_s": 0.00034, "ok": true
[15:35:27]    {"phase": "query", "size": "10GiB", "config": "image, props on disk", "query": "point: unindexed, by id()", "text": "MATCH (d:Document) WHERE id(d) = 10209361 RETURN d.title", "first_s": 0.0011, "warm_s": 0.00032, "ok": true, "rss_before_mb
[15:35:29]    {"phase": "query", "size": "10GiB", "config": "image, props on disk", "query": "1-hop out: community (KNOWS)", "text": "MATCH (p:Person {email:\"user0002520831@example.org\"})-[:KNOWS]->(f) RETURN count(f), avg(f.age)", "first_s": 2.32593, 
[15:35:36]    {"phase": "query", "size": "10GiB", "config": "image, props on disk", "query": "1-hop in: power-law hub (KNOWS)", "text": "MATCH (h:Person {email:\"user0000000001@example.org\"})<-[:KNOWS]-(f) RETURN count(f)", "first_s": 3.3064, "warm_s": 
[15:35:36]    {"phase": "query", "size": "10GiB", "config": "image, props on disk", "query": "2-hop: friends of friends", "text": "MATCH (p:Person {email:\"user0002520831@example.org\"})-[:KNOWS]->()-[:KNOWS]->(x) RETURN count(x)", "first_s": 0.00088, "w
[15:35:36]    {"phase": "query", "size": "10GiB", "config": "image, props on disk", "query": "2-hop bipartite: buyer -> orders -> products", "text": "MATCH (p:Person {email:\"user0000001513@example.org\"})-[:PLACED]->(o)-[:CONTAINS]->(pr) RETURN count(pr
[15:35:38]    {"phase": "query", "size": "10GiB", "config": "image, props on disk", "query": "multi-edges: order lines", "text": "MATCH (o:Order {ref:\"ORD-0007814573\"})-[c:CONTAINS]->(pr) RETURN pr.sku, count(c) ORDER BY pr.sku", "first_s": 2.02101, "w
[15:35:38]    {"phase": "query", "size": "10GiB", "config": "image, props on disk", "query": "dense clique: SIMILAR 2-hop", "text": "MATCH (p:Product {sku:\"SKU-0005734889\"})-[:SIMILAR]->()-[:SIMILAR]->(r) RETURN count(r)", "first_s": 0.09753, "warm_s":
[15:35:38]    {"phase": "query", "size": "10GiB", "config": "image, props on disk", "query": "tree: category ancestors (var-length)", "text": "MATCH (p:Product {sku:\"SKU-0005734889\"})-[:IN_CATEGORY]->(c)<-[:PARENT_OF*1..10]-(a) RETURN count(a)", "first
[15:35:38]    {"phase": "query", "size": "10GiB", "config": "image, props on disk", "query": "chain: NEXT*1..200", "text": "MATCH (e:Event {seq:11847901})-[:NEXT*1..200]->(x) RETURN count(x)", "first_s": 0.07656, "warm_s": 0.00059, "ok": true, "rss_befor
[15:35:38]    {"phase": "query", "size": "10GiB", "config": "image, props on disk", "query": "DAG: CITES*1..3 from a document", "text": "MATCH (d:Document)-[:CITES*1..3]->(x) WHERE id(d) = 10209361 RETURN count(x)", "first_s": 0.00876, "warm_s": 0.00047,
[15:35:38]    {"phase": "query", "size": "10GiB", "config": "image, props on disk", "query": "heterogeneous: MENTIONS by label", "text": "MATCH (d:Document)-[:MENTIONS]->(x) WHERE id(d) = 10209361 RETURN labels(x), count(x)", "first_s": 0.00136, "warm_s"
[15:35:51]    {"phase": "query", "size": "10GiB", "config": "image, props on disk", "query": "index, low cardinality (country)", "text": "MATCH (p:Person {country:\"JP\"}) RETURN count(p)", "first_s": 3.13437, "warm_s": 3.02787, "ok": true, "rss_before_m
[15:36:04]    {"phase": "query", "size": "10GiB", "config": "image, props on disk", "query": "index + property filter", "text": "MATCH (p:Person {age:42}) WHERE p.active = true RETURN count(p)", "first_s": 3.45681, "warm_s": 3.42004, "ok": true, "rss_bef
[15:36:06]    {"phase": "query", "size": "10GiB", "config": "image, props on disk", "query": "self-loops: RETRY", "text": "MATCH (e:Event)-[:RETRY]->(e) RETURN count(e)", "first_s": 0.47535, "warm_s": 0.33804, "ok": true, "rss_before_mb": 4774.5, "rss_af
[15:36:10]    {"phase": "query", "size": "10GiB", "config": "image, props on disk", "query": "label scan + unindexed filter", "text": "MATCH (o:Order) WHERE o.total > 1990 RETURN count(o)", "first_s": 1.46526, "warm_s": 1.07568, "ok": true, "rss_before_m
[15:36:39]    {"phase": "query", "size": "10GiB", "config": "image, props on disk", "query": "aggregate: group by", "text": "MATCH (o:Order) RETURN o.status, count(o), avg(o.total) ORDER BY o.status", "first_s": 7.14752, "warm_s": 7.12709, "ok": true, "r
[15:36:56]    {"phase": "query", "size": "10GiB", "config": "image, props on disk", "query": "top-k: ORDER BY LIMIT over big rows", "text": "MATCH (d:Document) RETURN d.title, d.score ORDER BY d.score DESC LIMIT 5", "first_s": 4.86426, "warm_s": 4.02293,
[15:37:25]    {"phase": "query", "size": "10GiB", "config": "image, props on disk", "query": "edge scan + edge-property filter", "text": "MATCH ()-[r:REVIEWED]->() WHERE r.rating = 5 RETURN count(r)", "first_s": 7.71801, "warm_s": 7.22606, "ok": true, "r
[15:40:29]    {"phase": "query", "size": "10GiB", "config": "image, props on disk", "query": "count all nodes", "text": "MATCH (n) RETURN count(n)", "first_s": 183.82693, "warm_s": null, "ok": false, "rss_before_mb": 5337.3, "rss_after_mb": null, "result
[15:40:29] server died; restarting
[15:40:30]    {"phase": "query", "size": "10GiB", "config": "image, props on disk", "query": "STATS", "text": "STATS", "first_s": 0.00041, "warm_s": 0.00028, "ok": true, "rss_before_mb": 3.4, "rss_after_mb": 3.5, "result": "[[\"nodes\", 12474662], [\"edg
[15:40:30]    {"phase": "query", "size": "10GiB", "config": "image, props on disk", "query": "SCHEMA", "text": "SCHEMA", "first_s": 0.00037, "warm_s": 0.00033, "ok": true, "rss_before_mb": 3.5, "rss_after_mb": 3.6, "result": "[[\"label\", \"Category\", 6
[15:40:40]    {"phase": "query", "size": "10GiB", "config": "image, props on disk", "query": "algo: degree top 5", "text": "CALL degree(top: 5)", "first_s": 4.37568, "warm_s": 1.95384, "ok": true, "rss_before_mb": 3.6, "rss_after_mb": 1520.3, "result": "
[15:41:10]    {"phase": "query", "size": "10GiB", "config": "image, props on disk", "query": "algo: wcc", "text": "CALL wcc(top: 3)", "first_s": 8.7941, "warm_s": 7.04311, "ok": true, "rss_before_mb": 1520.3, "rss_after_mb": 2181.9, "result": "[[1, \"lan
[15:41:25]    {"phase": "query", "size": "10GiB", "config": "image, props on disk", "query": "algo: pagerank 5 iterations", "text": "CALL pagerank(iterations: 5, top: 5)", "first_s": 3.72945, "warm_s": 3.72721, "ok": true, "rss_before_mb": 2181.9, "rss_a
[15:41:30]    {"phase": "api", "size": "10GiB", "config": "image, props on disk", "query": "api: schema", "text": "/api/schema", "first_s": 3.58574, "warm_s": 0.94903, "ok": true, "rss_after_mb": 4092.2, "result": "{\"nodes\":12474662,\"edges\":80387292,
[15:41:30]    {"phase": "api", "size": "10GiB", "config": "image, props on disk", "query": "api: stats", "text": "/stats", "first_s": 0.00036, "warm_s": 0.00035, "ok": true, "rss_after_mb": 4092.2, "result": "{\"columns\":[\"metric\",\"value\"],\"rows\":
[15:41:30]    {"phase": "api", "size": "10GiB", "config": "image, props on disk", "query": "api: nodes page (label)", "text": "/api/nodes?label=Person&limit=100", "first_s": 0.19157, "warm_s": 0.02192, "ok": true, "rss_after_mb": 4200.4, "result": "{\"no
[15:41:30]    {"phase": "api", "size": "10GiB", "config": "image, props on disk", "query": "api: nodes page (deep offset)", "text": "/api/nodes?label=Order&from=9074988&limit=100", "first_s": 0.01411, "warm_s": 0.01392, "ok": true, "rss_after_mb": 4200.5
[15:41:30]    {"phase": "api", "size": "10GiB", "config": "image, props on disk", "query": "api: nodes search (text)", "text": "/api/nodes?q=Z%C3%BCrich&limit=50", "first_s": 0.01477, "warm_s": 0.01466, "ok": true, "rss_after_mb": 4200.5, "result": "{\"n
[15:41:30]    {"phase": "api", "size": "10GiB", "config": "image, props on disk", "query": "api: edges page (type)", "text": "/api/edges?type=CITES&limit=100", "first_s": 0.06561, "warm_s": 0.06554, "ok": true, "rss_after_mb": 4200.5, "result": "{\"edges
[15:41:30]    {"phase": "api", "size": "10GiB", "config": "image, props on disk", "query": "api: expand node", "text": "/api/expand?id=2520831&limit=200", "first_s": 0.00576, "warm_s": 0.00045, "ok": true, "rss_after_mb": 4200.5, "result": "{\"graph\":{\
[15:41:30]    {"phase": "api", "size": "10GiB", "config": "image, props on disk", "query": "api: expand hub", "text": "/api/expand?id=1&limit=200", "first_s": 0.0907, "warm_s": 0.00282, "ok": true, "rss_after_mb": 4217.3, "result": "{\"graph\":{\"nodes\"
[15:41:30]    {"phase": "server_end", "size": "10GiB", "config": "image, props on disk", "rss_mb": 4217.3, "hwm_mb": 9477.3}
[15:41:45]    {"phase": "load", "size": "10GiB", "clients": 1, "result": {"label": "", "clients": 1, "seconds": 10.0, "requests": 63054, "errors": 0, "qps": 6305.4, "mean_ms": 0.158, "p50_ms": 0.141, "p95_ms": 0.218, "p99_ms": 0.783, "max_ms": 1.758, "by
[15:41:57]    {"phase": "load", "size": "10GiB", "clients": 4, "result": {"label": "", "clients": 4, "seconds": 10.0, "requests": 133606, "errors": 0, "qps": 13360.6, "mean_ms": 0.299, "p50_ms": 0.229, "p95_ms": 0.884, "p99_ms": 1.728, "max_ms": 3.312, "
[15:42:09]    {"phase": "load", "size": "10GiB", "clients": 16, "result": {"label": "", "clients": 16, "seconds": 10.0, "requests": 129176, "errors": 0, "qps": 12917.5, "mean_ms": 1.239, "p50_ms": 1.026, "p95_ms": 2.627, "p99_ms": 3.673, "max_ms": 9.36, 
[15:42:09]    {"phase": "write", "size": "10GiB", "op": "CREATE node, autocommit, sync off", "n": 2000, "wall_s": 0.111, "per_op_ms": 0.0512, "peak_rss_mb": 149.7, "ok": true}
[15:42:09]    {"phase": "write", "size": "10GiB", "op": "CREATE node, autocommit, sync normal", "n": 2000, "wall_s": 0.1194, "per_op_ms": 0.006, "peak_rss_mb": 150.2, "ok": true}
[15:42:10]    {"phase": "write", "size": "10GiB", "op": "CREATE node, autocommit, sync always", "n": 200, "wall_s": 0.4749, "per_op_ms": 1.8385, "peak_rss_mb": 150.3, "ok": true}
[15:42:10]    {"phase": "write", "size": "10GiB", "op": "SET on image node (copy-on-write)", "n": 200, "wall_s": 0.5711, "per_op_ms": 2.32, "peak_rss_mb": 587.9, "ok": true, "error": null}
[15:42:12]    {"phase": "write", "size": "10GiB", "op": "CREATE edge between image nodes", "n": 200, "wall_s": 0.5765, "per_op_ms": 0.0, "peak_rss_mb": 797.6, "ok": true, "error": null}
[15:42:16]    {"phase": "write", "size": "10GiB", "op": "DETACH DELETE image node", "n": 50, "wall_s": 2.9937, "per_op_ms": 42.678, "peak_rss_mb": 3129.9, "ok": true, "error": null}
[15:42:22]    {"phase": "reopen_with_tail", "size": "10GiB", "cache": "cold", "wall_s": 5.6824, "peak_rss_mb": 3555.0, "tail_bytes": 212830}
[15:42:26]    {"phase": "reopen_with_tail", "size": "10GiB", "cache": "warm", "wall_s": 3.2775, "peak_rss_mb": 3407.6, "tail_bytes": 212830}
[15:43:58]    {"phase": "compact", "size": "10GiB", "wall_s": 92.0246, "peak_rss_mb": 8344.9, "ok": true, "bytes_before": 10740135943, "bytes_after": 10740060625, "throughput_mb_s": 111.3, "error": null}
[15:43:59]    {"phase": "reopen_after_compact", "size": "10GiB", "cache": "cold", "wall_s": 0.0109, "peak_rss_mb": 8.4}
[15:43:59] === 25GiB: 24.99 GiB image, 31510376 ids
[15:43:59]    {"phase": "file", "size": "25GiB", "file_bytes": 26837263636, "sections": {"file_header": 64, "image_header_and_directory": 1024, "strings": 739, "node_props": 12565238854, "node_props_crc": 766924, "node_ids": 249489600, "node_label_off": 
[15:43:59]    {"phase": "open", "size": "25GiB", "config": "image, lazy (default)", "cache": "cold", "wall_s": 0.0084, "peak_rss_mb": 8.8, "ok": true, "error": null}
[15:43:59]    {"phase": "open", "size": "25GiB", "config": "image, lazy (default)", "cache": "warm", "wall_s": 0.0065, "peak_rss_mb": 8.8, "ok": true, "error": null}
[15:43:59]    {"phase": "open", "size": "25GiB", "config": "image, props on disk", "cache": "cold", "wall_s": 0.0084, "peak_rss_mb": 8.5, "ok": true, "error": null}
[15:43:59]    {"phase": "open", "size": "25GiB", "config": "image, props on disk", "cache": "warm", "wall_s": 0.0067, "peak_rss_mb": 8.5, "ok": true, "error": null}
[15:44:37]    {"phase": "verify", "size": "25GiB", "cache": "cold", "wall_s": 37.4404, "peak_rss_mb": 1203.1, "ok": true, "throughput_mb_s": 683.6}
[15:45:10]    {"phase": "verify", "size": "25GiB", "cache": "warm", "wall_s": 33.906, "peak_rss_mb": 1203.1, "ok": true, "throughput_mb_s": 754.9}
[15:45:13]    {"phase": "server_start", "size": "25GiB", "config": "image, lazy (default)", "ok": true, "wall_s": 0.0163, "rss_mb": 8.9, "error": null}
[15:45:15]    {"phase": "query", "size": "25GiB", "config": "image, lazy (default)", "query": "point: indexed text (Person.email)", "text": "MATCH (p:Person {email:\"user0006302076@example.org\"}) RETURN p.name, p.age, p.country", "first_s": 2.73026, "wa
[15:45:16]    {"phase": "query", "size": "25GiB", "config": "image, lazy (default)", "query": "point: indexed text (Order.ref)", "text": "MATCH (o:Order {ref:\"ORD-0019536433\"}) RETURN o.total, o.status", "first_s": 0.80109, "warm_s": 0.00031, "ok": tru
[15:45:16]    {"phase": "query", "size": "25GiB", "config": "image, lazy (default)", "query": "point: unindexed, by id()", "text": "MATCH (d:Document) WHERE id(d) = 25523404 RETURN d.title", "first_s": 0.0011, "warm_s": 0.0003, "ok": true, "rss_before_mb
[15:45:23]    {"phase": "query", "size": "25GiB", "config": "image, lazy (default)", "query": "1-hop out: community (KNOWS)", "text": "MATCH (p:Person {email:\"user0006302076@example.org\"})-[:KNOWS]->(f) RETURN count(f), avg(f.age)", "first_s": 6.57615,
[15:45:32]    {"phase": "query", "size": "25GiB", "config": "image, lazy (default)", "query": "1-hop in: power-law hub (KNOWS)", "text": "MATCH (h:Person {email:\"user0000000001@example.org\"})<-[:KNOWS]-(f) RETURN count(f)", "first_s": 8.47554, "warm_s"
[15:45:32]    {"phase": "query", "size": "25GiB", "config": "image, lazy (default)", "query": "2-hop: friends of friends", "text": "MATCH (p:Person {email:\"user0006302076@example.org\"})-[:KNOWS]->()-[:KNOWS]->(x) RETURN count(x)", "first_s": 0.00324, "
[15:45:32]    {"phase": "query", "size": "25GiB", "config": "image, lazy (default)", "query": "2-hop bipartite: buyer -> orders -> products", "text": "MATCH (p:Person {email:\"user0000003782@example.org\"})-[:PLACED]->(o)-[:CONTAINS]->(pr) RETURN count(p
[15:45:39]    {"phase": "query", "size": "25GiB", "config": "image, lazy (default)", "query": "multi-edges: order lines", "text": "MATCH (o:Order {ref:\"ORD-0019536433\"})-[c:CONTAINS]->(pr) RETURN pr.sku, count(c) ORDER BY pr.sku", "first_s": 6.2463, "w
[15:45:39]    {"phase": "query", "size": "25GiB", "config": "image, lazy (default)", "query": "dense clique: SIMILAR 2-hop", "text": "MATCH (p:Product {sku:\"SKU-0014337221\"})-[:SIMILAR]->()-[:SIMILAR]->(r) RETURN count(r)", "first_s": 0.26294, "warm_s"
[15:45:39]    {"phase": "query", "size": "25GiB", "config": "image, lazy (default)", "query": "tree: category ancestors (var-length)", "text": "MATCH (p:Product {sku:\"SKU-0014337221\"})-[:IN_CATEGORY]->(c)<-[:PARENT_OF*1..10]-(a) RETURN count(a)", "firs
[15:45:39]    {"phase": "query", "size": "25GiB", "config": "image, lazy (default)", "query": "chain: NEXT*1..200", "text": "MATCH (e:Event {seq:29619753})-[:NEXT*1..200]->(x) RETURN count(x)", "first_s": 0.23406, "warm_s": 0.00061, "ok": true, "rss_befo
[15:45:39]    {"phase": "query", "size": "25GiB", "config": "image, lazy (default)", "query": "DAG: CITES*1..3 from a document", "text": "MATCH (d:Document)-[:CITES*1..3]->(x) WHERE id(d) = 25523404 RETURN count(x)", "first_s": 0.0022, "warm_s": 0.00037,
[15:45:39]    {"phase": "query", "size": "25GiB", "config": "image, lazy (default)", "query": "heterogeneous: MENTIONS by label", "text": "MATCH (d:Document)-[:MENTIONS]->(x) WHERE id(d) = 25523404 RETURN labels(x), count(x)", "first_s": 0.00327, "warm_s
[15:45:54]    {"phase": "query", "size": "25GiB", "config": "image, lazy (default)", "query": "index, low cardinality (country)", "text": "MATCH (p:Person {country:\"JP\"}) RETURN count(p)", "first_s": 8.29336, "warm_s": 2.08316, "ok": true, "rss_before_
[15:45:57]    {"phase": "query", "size": "25GiB", "config": "image, lazy (default)", "query": "index + property filter", "text": "MATCH (p:Person {age:42}) WHERE p.active = true RETURN count(p)", "first_s": 0.95606, "warm_s": 0.91842, "ok": true, "rss_be
[15:46:01]    {"phase": "query", "size": "25GiB", "config": "image, lazy (default)", "query": "self-loops: RETRY", "text": "MATCH (e:Event)-[:RETRY]->(e) RETURN count(e)", "first_s": 1.303, "warm_s": 0.71934, "ok": true, "rss_before_mb": 15886.3, "rss_af
[15:50:29]    {"phase": "query", "size": "25GiB", "config": "image, lazy (default)", "query": "label scan + unindexed filter", "text": "MATCH (o:Order) WHERE o.total > 1990 RETURN count(o)", "first_s": 268.42247, "warm_s": null, "ok": false, "rss_before_
[15:50:29] server died; restarting
[15:51:01]    {"phase": "query", "size": "25GiB", "config": "image, lazy (default)", "query": "aggregate: group by", "text": "MATCH (o:Order) RETURN o.status, count(o), avg(o.total) ORDER BY o.status", "first_s": 17.29277, "warm_s": 14.25398, "ok": true,
[15:51:20]    {"phase": "query", "size": "25GiB", "config": "image, lazy (default)", "query": "top-k: ORDER BY LIMIT over big rows", "text": "MATCH (d:Document) RETURN d.title, d.score ORDER BY d.score DESC LIMIT 5", "first_s": 13.70966, "warm_s": 5.1084
[15:55:53]    {"phase": "query", "size": "25GiB", "config": "image, lazy (default)", "query": "edge scan + edge-property filter", "text": "MATCH ()-[r:REVIEWED]->() WHERE r.rating = 5 RETURN count(r)", "first_s": 273.10438, "warm_s": null, "ok": false, "
[15:55:53] server died; restarting
[15:57:54]    {"phase": "query", "size": "25GiB", "config": "image, lazy (default)", "query": "count all nodes", "text": "MATCH (n) RETURN count(n)", "first_s": 120.55206, "warm_s": null, "ok": false, "rss_before_mb": 8.8, "rss_after_mb": null, "result":
[15:57:54] server died; restarting
[15:57:54]    {"phase": "query", "size": "25GiB", "config": "image, lazy (default)", "query": "STATS", "text": "STATS", "first_s": 0.00036, "warm_s": 0.00034, "ok": true, "rss_before_mb": 8.8, "rss_after_mb": 9.1, "result": "[[\"nodes\", 31186200], [\"ed
[15:57:54]    {"phase": "query", "size": "25GiB", "config": "image, lazy (default)", "query": "SCHEMA", "text": "SCHEMA", "first_s": 0.00036, "warm_s": 0.00035, "ok": true, "rss_before_mb": 9.1, "rss_after_mb": 9.1, "result": "[[\"label\", \"Category\", 
[15:58:12]    {"phase": "query", "size": "25GiB", "config": "image, lazy (default)", "query": "algo: degree top 5", "text": "CALL degree(top: 5)", "first_s": 12.50533, "warm_s": 5.11973, "ok": true, "rss_before_mb": 9.1, "rss_after_mb": 3791.7, "result":
[16:01:32]    {"phase": "query", "size": "25GiB", "config": "image, lazy (default)", "query": "algo: wcc", "text": "CALL wcc(top: 3)", "first_s": 200.5152, "warm_s": null, "ok": false, "rss_before_mb": 3791.7, "rss_after_mb": null, "result": "Remote end 
[16:01:32] server died; restarting
[16:02:00]    {"phase": "query", "size": "25GiB", "config": "image, lazy (default)", "query": "algo: pagerank 5 iterations", "text": "CALL pagerank(iterations: 5, top: 5)", "first_s": 16.86311, "warm_s": 10.29549, "ok": true, "rss_before_mb": 8.9, "rss_a
[16:02:11]    {"phase": "api", "size": "25GiB", "config": "image, lazy (default)", "query": "api: schema", "text": "/api/schema", "first_s": 8.95416, "warm_s": 2.41898, "ok": true, "rss_after_mb": 8547.7, "result": "{\"nodes\":31186200,\"edges\":20077278
[16:02:11]    {"phase": "api", "size": "25GiB", "config": "image, lazy (default)", "query": "api: stats", "text": "/stats", "first_s": 0.00039, "warm_s": 0.00032, "ok": true, "rss_after_mb": 8547.7, "result": "{\"columns\":[\"metric\",\"value\"],\"rows\"
[16:02:12]    {"phase": "api", "size": "25GiB", "config": "image, lazy (default)", "query": "api: nodes page (label)", "text": "/api/nodes?label=Person&limit=100", "first_s": 0.69972, "warm_s": 0.05008, "ok": true, "rss_after_mb": 8936.4, "result": "{\"n
[16:02:12]    {"phase": "api", "size": "25GiB", "config": "image, lazy (default)", "query": "api: nodes page (deep offset)", "text": "/api/nodes?label=Order&from=22687470&limit=100", "first_s": 0.03512, "warm_s": 0.03188, "ok": true, "rss_after_mb": 8936
[16:02:12]    {"phase": "api", "size": "25GiB", "config": "image, lazy (default)", "query": "api: nodes search (text)", "text": "/api/nodes?q=Z%C3%BCrich&limit=50", "first_s": 0.03323, "warm_s": 0.03307, "ok": true, "rss_after_mb": 8936.5, "result": "{\"
[16:02:12]    {"phase": "api", "size": "25GiB", "config": "image, lazy (default)", "query": "api: edges page (type)", "text": "/api/edges?type=CITES&limit=100", "first_s": 0.15921, "warm_s": 0.15894, "ok": true, "rss_after_mb": 8936.5, "result": "{\"edge
[16:02:15]    {"phase": "api", "size": "25GiB", "config": "image, lazy (default)", "query": "api: expand node", "text": "/api/expand?id=6302076&limit=200", "first_s": 3.15082, "warm_s": 0.00055, "ok": true, "rss_after_mb": 10468.3, "result": "{\"graph\":
[16:02:16]    {"phase": "api", "size": "25GiB", "config": "image, lazy (default)", "query": "api: expand hub", "text": "/api/expand?id=1&limit=200", "first_s": 0.22348, "warm_s": 0.00443, "ok": true, "rss_after_mb": 10487.9, "result": "{\"graph\":{\"node
[16:02:16]    {"phase": "server_end", "size": "25GiB", "config": "image, lazy (default)", "rss_mb": 10487.9, "hwm_mb": 10487.9}
[16:02:17]    {"phase": "server_start", "size": "25GiB", "config": "image, props on disk", "ok": true, "wall_s": 0.0433, "rss_mb": 3.4, "error": null}
[16:02:19]    {"phase": "query", "size": "25GiB", "config": "image, props on disk", "query": "point: indexed text (Person.email)", "text": "MATCH (p:Person {email:\"user0006302076@example.org\"}) RETURN p.name, p.age, p.country", "first_s": 2.76925, "war
[16:02:20]    {"phase": "query", "size": "25GiB", "config": "image, props on disk", "query": "point: indexed text (Order.ref)", "text": "MATCH (o:Order {ref:\"ORD-0019536433\"}) RETURN o.total, o.status", "first_s": 0.80677, "warm_s": 0.00033, "ok": true
[16:02:20]    {"phase": "query", "size": "25GiB", "config": "image, props on disk", "query": "point: unindexed, by id()", "text": "MATCH (d:Document) WHERE id(d) = 25523404 RETURN d.title", "first_s": 0.00165, "warm_s": 0.0003, "ok": true, "rss_before_mb
[16:02:27]    {"phase": "query", "size": "25GiB", "config": "image, props on disk", "query": "1-hop out: community (KNOWS)", "text": "MATCH (p:Person {email:\"user0006302076@example.org\"})-[:KNOWS]->(f) RETURN count(f), avg(f.age)", "first_s": 6.42678, 
[16:02:41]    {"phase": "query", "size": "25GiB", "config": "image, props on disk", "query": "1-hop in: power-law hub (KNOWS)", "text": "MATCH (h:Person {email:\"user0000000001@example.org\"})<-[:KNOWS]-(f) RETURN count(f)", "first_s": 7.92746, "warm_s":
[16:02:41]    {"phase": "query", "size": "25GiB", "config": "image, props on disk", "query": "2-hop: friends of friends", "text": "MATCH (p:Person {email:\"user0006302076@example.org\"})-[:KNOWS]->()-[:KNOWS]->(x) RETURN count(x)", "first_s": 0.00146, "w
[16:02:42]    {"phase": "query", "size": "25GiB", "config": "image, props on disk", "query": "2-hop bipartite: buyer -> orders -> products", "text": "MATCH (p:Person {email:\"user0000003782@example.org\"})-[:PLACED]->(o)-[:CONTAINS]->(pr) RETURN count(pr
[16:02:48]    {"phase": "query", "size": "25GiB", "config": "image, props on disk", "query": "multi-edges: order lines", "text": "MATCH (o:Order {ref:\"ORD-0019536433\"})-[c:CONTAINS]->(pr) RETURN pr.sku, count(c) ORDER BY pr.sku", "first_s": 6.22121, "w
[16:02:48]    {"phase": "query", "size": "25GiB", "config": "image, props on disk", "query": "dense clique: SIMILAR 2-hop", "text": "MATCH (p:Product {sku:\"SKU-0014337221\"})-[:SIMILAR]->()-[:SIMILAR]->(r) RETURN count(r)", "first_s": 0.27079, "warm_s":
[16:02:48]    {"phase": "query", "size": "25GiB", "config": "image, props on disk", "query": "tree: category ancestors (var-length)", "text": "MATCH (p:Product {sku:\"SKU-0014337221\"})-[:IN_CATEGORY]->(c)<-[:PARENT_OF*1..10]-(a) RETURN count(a)", "first
[16:02:48]    {"phase": "query", "size": "25GiB", "config": "image, props on disk", "query": "chain: NEXT*1..200", "text": "MATCH (e:Event {seq:29619753})-[:NEXT*1..200]->(x) RETURN count(x)", "first_s": 0.24498, "warm_s": 0.00062, "ok": true, "rss_befor
[16:02:48]    {"phase": "query", "size": "25GiB", "config": "image, props on disk", "query": "DAG: CITES*1..3 from a document", "text": "MATCH (d:Document)-[:CITES*1..3]->(x) WHERE id(d) = 25523404 RETURN count(x)", "first_s": 0.00314, "warm_s": 0.00041,
[16:02:48]    {"phase": "query", "size": "25GiB", "config": "image, props on disk", "query": "heterogeneous: MENTIONS by label", "text": "MATCH (d:Document)-[:MENTIONS]->(x) WHERE id(d) = 25523404 RETURN labels(x), count(x)", "first_s": 0.00359, "warm_s"
[16:03:19]    {"phase": "query", "size": "25GiB", "config": "image, props on disk", "query": "index, low cardinality (country)", "text": "MATCH (p:Person {country:\"JP\"}) RETURN count(p)", "first_s": 7.96548, "warm_s": 7.62126, "ok": true, "rss_before_m
[16:03:53]    {"phase": "query", "size": "25GiB", "config": "image, props on disk", "query": "index + property filter", "text": "MATCH (p:Person {age:42}) WHERE p.active = true RETURN count(p)", "first_s": 8.67042, "warm_s": 8.53456, "ok": true, "rss_bef
[16:03:57]    {"phase": "query", "size": "25GiB", "config": "image, props on disk", "query": "self-loops: RETRY", "text": "MATCH (e:Event)-[:RETRY]->(e) RETURN count(e)", "first_s": 1.32838, "warm_s": 0.86428, "ok": true, "rss_before_mb": 11775.8, "rss_a
[16:04:10]    {"phase": "query", "size": "25GiB", "config": "image, props on disk", "query": "label scan + unindexed filter", "text": "MATCH (o:Order) WHERE o.total > 1990 RETURN count(o)", "first_s": 3.87266, "warm_s": 2.79766, "ok": true, "rss_before_m
[16:04:48]    {"phase": "query", "size": "25GiB", "config": "image, props on disk", "query": "aggregate: group by", "text": "MATCH (o:Order) RETURN o.status, count(o), avg(o.total) ORDER BY o.status", "first_s": 19.12054, "warm_s": 18.85318, "ok": true, 
[16:05:14]    {"phase": "query", "size": "25GiB", "config": "image, props on disk", "query": "top-k: ORDER BY LIMIT over big rows", "text": "MATCH (d:Document) RETURN d.title, d.score ORDER BY d.score DESC LIMIT 5", "first_s": 13.57426, "warm_s": 12.7260
[16:05:57]    {"phase": "query", "size": "25GiB", "config": "image, props on disk", "query": "edge scan + edge-property filter", "text": "MATCH ()-[r:REVIEWED]->() WHERE r.rating = 5 RETURN count(r)", "first_s": 21.43728, "warm_s": 21.82879, "ok": true, 
[16:08:37]    {"phase": "query", "size": "25GiB", "config": "image, props on disk", "query": "count all nodes", "text": "MATCH (n) RETURN count(n)", "first_s": 159.11502, "warm_s": null, "ok": false, "rss_before_mb": 13056.0, "rss_after_mb": null, "resul
[16:08:37] server died; restarting
[16:08:37]    {"phase": "query", "size": "25GiB", "config": "image, props on disk", "query": "STATS", "text": "STATS", "first_s": 0.00035, "warm_s": 0.00025, "ok": true, "rss_before_mb": 3.4, "rss_after_mb": 3.5, "result": "[[\"nodes\", 31186200], [\"edg
[16:08:37]    {"phase": "query", "size": "25GiB", "config": "image, props on disk", "query": "SCHEMA", "text": "SCHEMA", "first_s": 0.00027, "warm_s": 0.00041, "ok": true, "rss_before_mb": 3.5, "rss_after_mb": 3.6, "result": "[[\"label\", \"Category\", 1
[16:08:55]    {"phase": "query", "size": "25GiB", "config": "image, props on disk", "query": "algo: degree top 5", "text": "CALL degree(top: 5)", "first_s": 12.51647, "warm_s": 5.14767, "ok": true, "rss_before_mb": 3.6, "rss_after_mb": 3786.2, "result": 
[16:12:17]    {"phase": "query", "size": "25GiB", "config": "image, props on disk", "query": "algo: wcc", "text": "CALL wcc(top: 3)", "first_s": 202.19049, "warm_s": null, "ok": false, "rss_before_mb": 3786.2, "rss_after_mb": null, "result": "Remote end 
[16:12:17] server died; restarting
[16:12:45]    {"phase": "query", "size": "25GiB", "config": "image, props on disk", "query": "algo: pagerank 5 iterations", "text": "CALL pagerank(iterations: 5, top: 5)", "first_s": 17.00693, "warm_s": 10.39175, "ok": true, "rss_before_mb": 3.4, "rss_af
[16:12:56]    {"phase": "api", "size": "25GiB", "config": "image, props on disk", "query": "api: schema", "text": "/api/schema", "first_s": 9.01674, "warm_s": 2.39275, "ok": true, "rss_after_mb": 8542.1, "result": "{\"nodes\":31186200,\"edges\":200772785
[16:12:56]    {"phase": "api", "size": "25GiB", "config": "image, props on disk", "query": "api: stats", "text": "/stats", "first_s": 0.00035, "warm_s": 0.00031, "ok": true, "rss_after_mb": 8542.1, "result": "{\"columns\":[\"metric\",\"value\"],\"rows\":
[16:12:57]    {"phase": "api", "size": "25GiB", "config": "image, props on disk", "query": "api: nodes page (label)", "text": "/api/nodes?label=Person&limit=100", "first_s": 0.72139, "warm_s": 0.0506, "ok": true, "rss_after_mb": 8930.8, "result": "{\"nod
[16:12:57]    {"phase": "api", "size": "25GiB", "config": "image, props on disk", "query": "api: nodes page (deep offset)", "text": "/api/nodes?label=Order&from=22687470&limit=100", "first_s": 0.03544, "warm_s": 0.03187, "ok": true, "rss_after_mb": 8930.
[16:12:57]    {"phase": "api", "size": "25GiB", "config": "image, props on disk", "query": "api: nodes search (text)", "text": "/api/nodes?q=Z%C3%BCrich&limit=50", "first_s": 0.03323, "warm_s": 0.0333, "ok": true, "rss_after_mb": 8930.9, "result": "{\"no
[16:12:57]    {"phase": "api", "size": "25GiB", "config": "image, props on disk", "query": "api: edges page (type)", "text": "/api/edges?type=CITES&limit=100", "first_s": 0.1641, "warm_s": 0.15948, "ok": true, "rss_after_mb": 8930.9, "result": "{\"edges\
[16:13:01]    {"phase": "api", "size": "25GiB", "config": "image, props on disk", "query": "api: expand node", "text": "/api/expand?id=6302076&limit=200", "first_s": 3.18808, "warm_s": 0.00056, "ok": true, "rss_after_mb": 10462.7, "result": "{\"graph\":{
[16:13:01]    {"phase": "api", "size": "25GiB", "config": "image, props on disk", "query": "api: expand hub", "text": "/api/expand?id=1&limit=200", "first_s": 0.23998, "warm_s": 0.00469, "ok": true, "rss_after_mb": 10482.3, "result": "{\"graph\":{\"nodes
[16:13:01]    {"phase": "server_end", "size": "25GiB", "config": "image, props on disk", "rss_mb": 10482.3, "hwm_mb": 10482.3}
[16:13:19]    {"phase": "load", "size": "25GiB", "clients": 1, "result": {"label": "", "clients": 1, "seconds": 10.0, "requests": 66608, "errors": 0, "qps": 6660.8, "mean_ms": 0.15, "p50_ms": 0.139, "p95_ms": 0.222, "p99_ms": 0.302, "max_ms": 0.93, "byte
[16:13:31]    {"phase": "load", "size": "25GiB", "clients": 4, "result": {"label": "", "clients": 4, "seconds": 10.0, "requests": 154993, "errors": 0, "qps": 15499.2, "mean_ms": 0.258, "p50_ms": 0.236, "p95_ms": 0.438, "p99_ms": 0.553, "max_ms": 4.052, "
[16:13:43]    {"phase": "load", "size": "25GiB", "clients": 16, "result": {"label": "", "clients": 16, "seconds": 10.0, "requests": 150030, "errors": 0, "qps": 15002.9, "mean_ms": 1.066, "p50_ms": 1.044, "p95_ms": 1.93, "p99_ms": 2.561, "max_ms": 6.015, 
[16:13:44]    {"phase": "write", "size": "25GiB", "op": "CREATE node, autocommit, sync off", "n": 2000, "wall_s": 0.2581, "per_op_ms": 0.1247, "peak_rss_mb": 367.8, "ok": true}
[16:13:44]    {"phase": "write", "size": "25GiB", "op": "CREATE node, autocommit, sync normal", "n": 2000, "wall_s": 0.2645, "per_op_ms": 0.0072, "peak_rss_mb": 368.4, "ok": true}
[16:13:45]    {"phase": "write", "size": "25GiB", "op": "CREATE node, autocommit, sync always", "n": 200, "wall_s": 0.628, "per_op_ms": 1.87, "peak_rss_mb": 368.4, "ok": true}
[16:13:47]    {"phase": "write", "size": "25GiB", "op": "SET on image node (copy-on-write)", "n": 200, "wall_s": 1.4286, "per_op_ms": 5.883, "peak_rss_mb": 1462.8, "ok": true, "error": null}
[16:13:51]    {"phase": "write", "size": "25GiB", "op": "CREATE edge between image nodes", "n": 200, "wall_s": 1.4052, "per_op_ms": 0.0, "peak_rss_mb": 1978.7, "ok": true, "error": null}
[16:14:01]    {"phase": "write", "size": "25GiB", "op": "DETACH DELETE image node", "n": 50, "wall_s": 7.7983, "per_op_ms": 114.4, "peak_rss_mb": 7783.7, "ok": true, "error": null}
[16:14:16]    {"phase": "reopen_with_tail", "size": "25GiB", "cache": "cold", "wall_s": 14.2166, "peak_rss_mb": 8547.0, "tail_bytes": 212997}
[16:14:24]    {"phase": "reopen_with_tail", "size": "25GiB", "cache": "warm", "wall_s": 8.1145, "peak_rss_mb": 8755.4, "tail_bytes": 212997}
[16:20:05]    {"phase": "compact", "size": "25GiB", "wall_s": 340.3774, "peak_rss_mb": 15680.4, "ok": false, "bytes_before": 26837476633, "bytes_after": 26837476633, "throughput_mb_s": 75.2, "error": "memory allocation of 67108864 bytes failed\nnote: run
[16:20:20]    {"phase": "reopen_after_compact", "size": "25GiB", "cache": "cold", "wall_s": 15.0898, "peak_rss_mb": 8869.5}
