[18:32:19] == memgraph 500MiB
[18:34:21]    {"phase": "mg-load", "size": "500MiB", "prepare_s": 61.1, "ok": true, "error": null, "nodes_s": 11.7, "index_s": 1.4, "edges_s": 30.4, "wall_s": 43.5, "memory": "1.74GiB", "storage_info": {"vm_max_map_count": 1048576, "m
[18:34:22]    {"phase": "mg-read", "size": "500MiB", "name": "point: indexed text (Person.email)", "match": true, "telemetry": {"trace_id": "dd76a0d3a93b437bca0ff9452f8f8997", "start_ms": 1790552061310, "end_ms": 1790552062816, "memgr
[18:34:24]    {"phase": "mg-read", "size": "500MiB", "name": "point: indexed text (Order.ref)", "match": true, "telemetry": {"trace_id": "923de2079783343e72f10acce7fef43a", "start_ms": 1790552062819, "end_ms": 1790552064324, "memgraph
[18:34:25]    {"phase": "mg-read", "size": "500MiB", "name": "point: by id", "match": true, "telemetry": {"trace_id": "ad9b43562ae145265dc91130dc7a4634", "start_ms": 1790552064326, "end_ms": 1790552065830, "memgraph_window": [17905520
[18:34:27]    {"phase": "mg-read", "size": "500MiB", "name": "1-hop out: community (KNOWS)", "match": true, "telemetry": {"trace_id": "7313cca183a27ff2bb2cc4898cf71aae", "start_ms": 1790552065832, "end_ms": 1790552067340, "memgraph_wi
[18:34:28]    {"phase": "mg-read", "size": "500MiB", "name": "1-hop in: power-law hub (KNOWS)", "match": true, "telemetry": {"trace_id": "3576e49e5bababed64709506bdc9df8f", "start_ms": 1790552067342, "end_ms": 1790552068849, "memgraph
[18:34:30]    {"phase": "mg-read", "size": "500MiB", "name": "1-hop in: hub followers' average age", "match": true, "telemetry": {"trace_id": "4156fdacd780ffaffc02130578c6483e", "start_ms": 1790552068851, "end_ms": 1790552070366, "mem
[18:34:31]    {"phase": "mg-read", "size": "500MiB", "name": "2-hop: friends of friends", "match": true, "telemetry": {"trace_id": "f5a5978ed62e62dd8b70abbb45c45ed4", "start_ms": 1790552070369, "end_ms": 1790552071873, "memgraph_windo
[18:34:33]    {"phase": "mg-read", "size": "500MiB", "name": "2-hop: distinct friends of friends", "match": true, "telemetry": {"trace_id": "74cd93fc8d1935341dfdd4d8c28aeabe", "start_ms": 1790552071875, "end_ms": 1790552073385, "memgr
[18:34:34]    {"phase": "mg-read", "size": "500MiB", "name": "3-hop: KNOWS out to depth 3", "match": true, "telemetry": {"trace_id": "181b988acc24d5b146ad710c872e39c1", "start_ms": 1790552073387, "end_ms": 1790552074891, "memgraph_win
[18:34:36]    {"phase": "mg-read", "size": "500MiB", "name": "2-hop bipartite: buyer -> orders -> products", "match": true, "telemetry": {"trace_id": "b250f705669e60e517ca831eb6a62952", "start_ms": 1790552074893, "end_ms": 17905520763
[18:34:37]    {"phase": "mg-read", "size": "500MiB", "name": "recommendation: co-purchased products", "match": true, "telemetry": {"trace_id": "5c80d5fe859e2018b0e15f2969538730", "start_ms": 1790552076400, "end_ms": 1790552077916, "me
[18:34:39]    {"phase": "mg-read", "size": "500MiB", "name": "1-hop fetch: friends' names, sorted page", "match": true, "telemetry": {"trace_id": "f22476f834804b856eda273460cfcc77", "start_ms": 1790552077919, "end_ms": 1790552079424, 
[18:34:40]    {"phase": "mg-read", "size": "500MiB", "name": "BFS: everyone within 2 KNOWS hops, with depth", "match": true, "telemetry": {"trace_id": "a43965f4803545efda2c28b5ae61054c", "start_ms": 1790552079427, "end_ms": 1790552080
[18:34:42]    {"phase": "mg-read", "size": "500MiB", "name": "BFS: everyone within 3 KNOWS hops, with depth", "match": true, "telemetry": {"trace_id": "956675b6ecceb20369a46e70fc174746", "start_ms": 1790552080950, "end_ms": 1790552082
[18:34:47]    {"phase": "mg-read", "size": "500MiB", "name": "shortest path: person to person (KNOWS, <= 12 hops)", "match": true, "telemetry": {"trace_id": "e3f0e1136c5a82dd572b23df321b7da3", "start_ms": 1790552082480, "end_ms": 1790
[18:34:48]    {"phase": "mg-read", "size": "500MiB", "name": "multi-edges: order lines", "match": true, "telemetry": {"trace_id": "c9da5c3d6f2c410d49dc8d270f863610", "start_ms": 1790552087095, "end_ms": 1790552088599, "memgraph_window
[18:34:50]    {"phase": "mg-read", "size": "500MiB", "name": "dense clique: SIMILAR 2-hop", "match": true, "telemetry": {"trace_id": "faaef182f303f945d162a6d6e10582af", "start_ms": 1790552088602, "end_ms": 1790552090106, "memgraph_win
[18:34:51]    {"phase": "mg-read", "size": "500MiB", "name": "tree: category ancestors (var-length)", "match": true, "telemetry": {"trace_id": "270e63ce72b5bcede378d0d41a460406", "start_ms": 1790552090108, "end_ms": 1790552091615, "me
[18:34:53]    {"phase": "mg-read", "size": "500MiB", "name": "chain: NEXT*1..200", "match": true, "telemetry": {"trace_id": "e5e00b00a149d141efe0a0686126dd6e", "start_ms": 1790552091617, "end_ms": 1790552093123, "memgraph_window": [17
[18:34:54]    {"phase": "mg-read", "size": "500MiB", "name": "DAG: CITES*1..3 from a document", "match": true, "telemetry": {"trace_id": "542d45c6e68373927c23d89396fdc226", "start_ms": 1790552093125, "end_ms": 1790552094630, "memgraph
[18:34:56]    {"phase": "mg-read", "size": "500MiB", "name": "heterogeneous: MENTIONS by label", "match": true, "telemetry": {"trace_id": "bb14f6f1024f2ceb1815a001d753a271", "start_ms": 1790552094632, "end_ms": 1790552096137, "memgrap
[18:34:57]    {"phase": "mg-read", "size": "500MiB", "name": "index, low cardinality (country)", "match": true, "telemetry": {"trace_id": "635468d082eef376efc4bd5d2ead4353", "start_ms": 1790552096139, "end_ms": 1790552097665, "memgrap
[18:34:59]    {"phase": "mg-read", "size": "500MiB", "name": "index + property filter", "match": true, "telemetry": {"trace_id": "560ca964e8340e2febdd26cb1fc7d74c", "start_ms": 1790552097667, "end_ms": 1790552099187, "memgraph_window"
[18:35:01]    {"phase": "mg-read", "size": "500MiB", "name": "self-loops: RETRY", "match": true, "telemetry": {"trace_id": "0336ac3c9b0630793c375a27a6ed58c2", "start_ms": 1790552099189, "end_ms": 1790552100998, "memgraph_window": [179
[18:35:02]    {"phase": "mg-read", "size": "500MiB", "name": "label scan + unindexed filter", "match": true, "telemetry": {"trace_id": "c42266284e9bf00d7142e824b6dde2e4", "start_ms": 1790552101000, "end_ms": 1790552102946, "memgraph_w
[18:35:05]    {"phase": "mg-read", "size": "500MiB", "name": "aggregate: group by", "match": true, "telemetry": {"trace_id": "db922cf1fc6b42f787aa0160f68405e1", "start_ms": 1790552102948, "end_ms": 1790552105015, "memgraph_window": [1
[18:35:07]    {"phase": "mg-read", "size": "500MiB", "name": "top-k: ORDER BY LIMIT over big rows", "match": true, "telemetry": {"trace_id": "25cabe5d2acd427401377b4145a13234", "start_ms": 1790552105017, "end_ms": 1790552107597, "memg
[18:35:09]    {"phase": "mg-read", "size": "500MiB", "name": "edge scan + edge-property filter", "match": true, "telemetry": {"trace_id": "701e57253576aceb39d291ea08245af1", "start_ms": 1790552107599, "end_ms": 1790552109914, "memgrap
[18:35:16]    {"phase": "mg-read", "size": "500MiB", "name": "degree: top 5 KNOWS in-degree", "match": true, "telemetry": {"trace_id": "1f33541f1c73238e04d583b58dceb24c", "start_ms": 1790552109916, "end_ms": 1790552116056, "memgraph_w
[18:35:17]    {"phase": "mg-read", "size": "500MiB", "name": "count all nodes", "match": true, "telemetry": {"trace_id": "67c8a8a50488ad76052fb0fe20d6e3dc", "start_ms": 1790552116058, "end_ms": 1790552117769, "memgraph_window": [17905
[18:35:22]    {"phase": "mg-algo", "size": "500MiB", "name": "degree centrality: top 10 KNOWS in-degree", "kind": "degree", "match": true, "telemetry": {"trace_id": "3c8f78493b6d8501a83d0eb576dc1922", "start_ms": 1790552117774, "end_m
[18:35:35]    {"phase": "mg-algo", "size": "500MiB", "name": "PageRank: 5 iterations over KNOWS", "kind": "pagerank", "match": false, "telemetry": {"trace_id": "fb8eb02f227edae57ab0a4aa79ff5353", "start_ms": 1790552122378, "end_ms": 1
[18:36:00]    {"phase": "mg-algo", "size": "500MiB", "name": "weakly connected components over KNOWS", "kind": "wcc", "match": true, "telemetry": {"trace_id": "898ac380c61daa172fedc1bde7a227e4", "start_ms": 1790552135951, "end_ms": 17
[18:36:00]    {"phase": "mg-algo", "size": "500MiB", "name": "BFS: 3 hops over KNOWS", "kind": "bfs3", "match": true, "telemetry": {"trace_id": "5a743b00c6bf7988730ad5201474dbdb", "start_ms": 1790552160636, "end_ms": 1790552160665, "m
[18:36:03]    {"phase": "mg-algo", "size": "500MiB", "name": "shortest path over KNOWS", "kind": "path", "match": true, "telemetry": {"trace_id": "e8fe33f237c02e3029ab5515f69fdc95", "start_ms": 1790552160667, "end_ms": 1790552163854, 
[18:36:04]    {"phase": "mg-write", "size": "500MiB", "name": "insert a node, autocommit (x1000)", "match": true, "counts": {"person": 244711, "knows": 1818385}, "telemetry": {"trace_id": "aa8a747c6d1ab977b41351dd034fd7a3", "start_ms"
[18:36:04]    {"phase": "mg-write", "size": "500MiB", "name": "insert a node, fsync every commit (x200)", "match": true, "counts": {"person": 244911, "knows": 1818385}, "telemetry": {"trace_id": "8fc2cbfff180138f510259f36668dfa0", "st
[18:36:24]    {"phase": "mg-write", "size": "500MiB", "name": "bulk insert 50,000 nodes, one transaction", "match": true, "counts": {"person": 294911, "knows": 1818385}, "telemetry": {"trace_id": "9bc3a146ead392a89119eac9eb79f62d", "s
[18:36:26]    {"phase": "mg-write", "size": "500MiB", "name": "insert 5,000 edges between indexed nodes, one transaction", "match": true, "counts": {"person": 294911, "knows": 1823385}, "telemetry": {"trace_id": "edaffc54897b5befe8828
[18:36:31]    {"phase": "mg-write", "size": "500MiB", "name": "update 10,000 properties by index, one transaction", "match": true, "counts": {"person": 294911, "knows": 1823385}, "telemetry": {"trace_id": "810cab0e8530fd42cf69db2a5929
[18:36:31]    {"phase": "mg-write", "size": "500MiB", "name": "delete 500 nodes with their edges, one transaction", "match": true, "counts": {"person": 294413, "knows": 1816486}, "telemetry": {"trace_id": "a9974830f6596957214781091e22
[18:36:32] == memgraph 1GiB
[18:40:26]    {"phase": "mg-load", "size": "1GiB", "prepare_s": 125.2, "ok": true, "error": null, "nodes_s": 23.9, "index_s": 3.0, "edges_s": 61.8, "wall_s": 88.7, "memory": "2.77GiB", "storage_info": {"vm_max_map_count": 1048576, "me
[18:40:27]    {"phase": "mg-read", "size": "1GiB", "name": "point: indexed text (Person.email)", "match": true, "telemetry": {"trace_id": "fa97062708b6adeaae5a934c29f5f3cc", "start_ms": 1790552426309, "end_ms": 1790552427815, "memgrap
[18:40:29]    {"phase": "mg-read", "size": "1GiB", "name": "point: indexed text (Order.ref)", "match": true, "telemetry": {"trace_id": "2d582ffc4699455069c29bca8f3eb93f", "start_ms": 1790552427817, "end_ms": 1790552429322, "memgraph_w
[18:40:30]    {"phase": "mg-read", "size": "1GiB", "name": "point: by id", "match": true, "telemetry": {"trace_id": "7f7e6095665fb5eb198c7c13fc136e32", "start_ms": 1790552429324, "end_ms": 1790552430829, "memgraph_window": [1790552429
[18:40:32]    {"phase": "mg-read", "size": "1GiB", "name": "1-hop out: community (KNOWS)", "match": true, "telemetry": {"trace_id": "a000bbb9f0427c59e6b0d3431fb065c1", "start_ms": 1790552430831, "end_ms": 1790552432340, "memgraph_wind
[18:40:33]    {"phase": "mg-read", "size": "1GiB", "name": "1-hop in: power-law hub (KNOWS)", "match": true, "telemetry": {"trace_id": "562f25d0cc4a233726818e645f500e99", "start_ms": 1790552432342, "end_ms": 1790552433852, "memgraph_w
[18:40:35]    {"phase": "mg-read", "size": "1GiB", "name": "1-hop in: hub followers' average age", "match": true, "telemetry": {"trace_id": "71f504998fdefbf710a79bfdbd9244db", "start_ms": 1790552433855, "end_ms": 1790552435383, "memgr
[18:40:36]    {"phase": "mg-read", "size": "1GiB", "name": "2-hop: friends of friends", "match": true, "telemetry": {"trace_id": "2d1c199a77d476cb9c66b85503ca5964", "start_ms": 1790552435385, "end_ms": 1790552436890, "memgraph_window"
[18:40:38]    {"phase": "mg-read", "size": "1GiB", "name": "2-hop: distinct friends of friends", "match": true, "telemetry": {"trace_id": "fbb990544e4bc9f30c2479758b65bbee", "start_ms": 1790552436892, "end_ms": 1790552438399, "memgrap
[18:40:39]    {"phase": "mg-read", "size": "1GiB", "name": "3-hop: KNOWS out to depth 3", "match": true, "telemetry": {"trace_id": "e1f5cfde8d304524c31cefc40404ad1a", "start_ms": 1790552438402, "end_ms": 1790552439906, "memgraph_windo
[18:40:41]    {"phase": "mg-read", "size": "1GiB", "name": "2-hop bipartite: buyer -> orders -> products", "match": true, "telemetry": {"trace_id": "fb100ea2657ba84a10f650c3ba935743", "start_ms": 1790552439908, "end_ms": 1790552441414
[18:40:42]    {"phase": "mg-read", "size": "1GiB", "name": "recommendation: co-purchased products", "match": true, "telemetry": {"trace_id": "aa48b3d8692c8725916ea47fbd49f7e0", "start_ms": 1790552441416, "end_ms": 1790552442927, "memg
[18:40:44]    {"phase": "mg-read", "size": "1GiB", "name": "1-hop fetch: friends' names, sorted page", "match": true, "telemetry": {"trace_id": "83a650b508da91009110ffc1be0f468e", "start_ms": 1790552442930, "end_ms": 1790552444436, "m
[18:40:45]    {"phase": "mg-read", "size": "1GiB", "name": "BFS: everyone within 2 KNOWS hops, with depth", "match": true, "telemetry": {"trace_id": "924b31b8cb4dc199159af7701050a875", "start_ms": 1790552444438, "end_ms": 179055244595
[18:40:47]    {"phase": "mg-read", "size": "1GiB", "name": "BFS: everyone within 3 KNOWS hops, with depth", "match": true, "telemetry": {"trace_id": "f04b6d3efe828a64e255231862aa9996", "start_ms": 1790552445956, "end_ms": 179055244747
[18:40:56]    {"phase": "mg-read", "size": "1GiB", "name": "shortest path: person to person (KNOWS, <= 12 hops)", "match": true, "telemetry": {"trace_id": "1215e5195ff7089b577e23c6ccc25422", "start_ms": 1790552447477, "end_ms": 179055
[18:40:58]    {"phase": "mg-read", "size": "1GiB", "name": "multi-edges: order lines", "match": true, "telemetry": {"trace_id": "0a28f4e2966486e3403fbcf357d70549", "start_ms": 1790552456964, "end_ms": 1790552458468, "memgraph_window":
[18:40:59]    {"phase": "mg-read", "size": "1GiB", "name": "dense clique: SIMILAR 2-hop", "match": true, "telemetry": {"trace_id": "68bef5c602c24dd842f4e21a7f44c2b2", "start_ms": 1790552458470, "end_ms": 1790552459975, "memgraph_windo
[18:41:01]    {"phase": "mg-read", "size": "1GiB", "name": "tree: category ancestors (var-length)", "match": true, "telemetry": {"trace_id": "a98db9f741ca725e6b07a08c7986a095", "start_ms": 1790552459978, "end_ms": 1790552461486, "memg
[18:41:03]    {"phase": "mg-read", "size": "1GiB", "name": "chain: NEXT*1..200", "match": true, "telemetry": {"trace_id": "4732a08773a1c61dd0752eb44c59ae47", "start_ms": 1790552461489, "end_ms": 1790552462998, "memgraph_window": [1790
[18:41:04]    {"phase": "mg-read", "size": "1GiB", "name": "DAG: CITES*1..3 from a document", "match": true, "telemetry": {"trace_id": "3ef239bb1aff58f368f52b6c119bb110", "start_ms": 1790552463000, "end_ms": 1790552464505, "memgraph_w
[18:41:06]    {"phase": "mg-read", "size": "1GiB", "name": "heterogeneous: MENTIONS by label", "match": true, "telemetry": {"trace_id": "5a3662816acf0b268eeb42c41347774c", "start_ms": 1790552464508, "end_ms": 1790552466013, "memgraph_
[18:41:07]    {"phase": "mg-read", "size": "1GiB", "name": "index, low cardinality (country)", "match": true, "telemetry": {"trace_id": "b63161e01546d09d3dfd385dd414f0d6", "start_ms": 1790552466015, "end_ms": 1790552467565, "memgraph_
[18:41:09]    {"phase": "mg-read", "size": "1GiB", "name": "index + property filter", "match": true, "telemetry": {"trace_id": "fe9bff8ff9aba4012b47e755a45c9159", "start_ms": 1790552467567, "end_ms": 1790552469101, "memgraph_window": 
[18:41:11]    {"phase": "mg-read", "size": "1GiB", "name": "self-loops: RETRY", "match": true, "telemetry": {"trace_id": "a8fce91becda47e7419c1bdcfa114ad5", "start_ms": 1790552469103, "end_ms": 1790552471202, "memgraph_window": [17905
[18:41:13]    {"phase": "mg-read", "size": "1GiB", "name": "label scan + unindexed filter", "match": true, "telemetry": {"trace_id": "355ad73497608efbab1b46a471f100f9", "start_ms": 1790552471205, "end_ms": 1790552473543, "memgraph_win
[18:41:16]    {"phase": "mg-read", "size": "1GiB", "name": "aggregate: group by", "match": true, "telemetry": {"trace_id": "c11b295aacc2e2232278cddd67637440", "start_ms": 1790552473546, "end_ms": 1790552476156, "memgraph_window": [179
[18:41:20]    {"phase": "mg-read", "size": "1GiB", "name": "top-k: ORDER BY LIMIT over big rows", "match": true, "telemetry": {"trace_id": "604a18ad4287bcd30b1052a5fca2e53d", "start_ms": 1790552476159, "end_ms": 1790552480013, "memgra
[18:41:23]    {"phase": "mg-read", "size": "1GiB", "name": "edge scan + edge-property filter", "match": true, "telemetry": {"trace_id": "6270f45b763f63ace78119c2e11dcb82", "start_ms": 1790552480015, "end_ms": 1790552483068, "memgraph_
[18:41:34]    {"phase": "mg-read", "size": "1GiB", "name": "degree: top 5 KNOWS in-degree", "match": true, "telemetry": {"trace_id": "475be3731913b24cdf50ecf62295515c", "start_ms": 1790552483070, "end_ms": 1790552494610, "memgraph_win
[18:41:36]    {"phase": "mg-read", "size": "1GiB", "name": "count all nodes", "match": true, "telemetry": {"trace_id": "346d23ce37b159e83f90e5b9d78910cc", "start_ms": 1790552494612, "end_ms": 1790552496506, "memgraph_window": [1790552
[18:41:47]    {"phase": "mg-algo", "size": "1GiB", "name": "degree centrality: top 10 KNOWS in-degree", "kind": "degree", "match": true, "telemetry": {"trace_id": "439da615f2e507733bfd81321950884d", "start_ms": 1790552496510, "end_ms"
[18:42:18]    {"phase": "mg-algo", "size": "1GiB", "name": "PageRank: 5 iterations over KNOWS", "kind": "pagerank", "match": false, "telemetry": {"trace_id": "7f9c2530fb9bd4a90d6fe28742d59cdc", "start_ms": 1790552507355, "end_ms": 179
[18:43:14]    {"phase": "mg-algo", "size": "1GiB", "name": "weakly connected components over KNOWS", "kind": "wcc", "match": true, "telemetry": {"trace_id": "a6b84ea9795811af3d69e64e06e823ae", "start_ms": 1790552538803, "end_ms": 1790
[18:43:14]    {"phase": "mg-algo", "size": "1GiB", "name": "BFS: 3 hops over KNOWS", "kind": "bfs3", "match": true, "telemetry": {"trace_id": "695f7c23215d55a026614fd5d8d23c44", "start_ms": 1790552594939, "end_ms": 1790552594971, "mem
[18:43:22]    {"phase": "mg-algo", "size": "1GiB", "name": "shortest path over KNOWS", "kind": "path", "match": true, "telemetry": {"trace_id": "85640ef366e60d635d24a99791711c2c", "start_ms": 1790552594973, "end_ms": 1790552602471, "m
[18:43:23]    {"phase": "mg-write", "size": "1GiB", "name": "insert a node, autocommit (x1000)", "match": true, "counts": {"person": 500026, "knows": 3777836}, "telemetry": {"trace_id": "7e8e848544378893636de96c5d3e1978", "start_ms": 
[18:43:24]    {"phase": "mg-write", "size": "1GiB", "name": "insert a node, fsync every commit (x200)", "match": true, "counts": {"person": 500226, "knows": 3777836}, "telemetry": {"trace_id": "ee4380bbfadba69f3b060162da5b6225", "star
[18:43:43]    {"phase": "mg-write", "size": "1GiB", "name": "bulk insert 50,000 nodes, one transaction", "match": true, "counts": {"person": 550226, "knows": 3777836}, "telemetry": {"trace_id": "40fd5649f156594ac11a43375c28008c", "sta
[18:43:46]    {"phase": "mg-write", "size": "1GiB", "name": "insert 5,000 edges between indexed nodes, one transaction", "match": true, "counts": {"person": 550226, "knows": 3782836}, "telemetry": {"trace_id": "46968315ff81b4ce32e70a2
[18:43:50]    {"phase": "mg-write", "size": "1GiB", "name": "update 10,000 properties by index, one transaction", "match": true, "counts": {"person": 550226, "knows": 3782836}, "telemetry": {"trace_id": "f369af6ff281a2c3b616090ff4c1fd
[18:43:51]    {"phase": "mg-write", "size": "1GiB", "name": "delete 500 nodes with their edges, one transaction", "match": true, "counts": {"person": 549726, "knows": 3775801}, "telemetry": {"trace_id": "a1a972546f4f0919569d4b62545938
[18:43:52] == memgraph 5GiB
[19:03:08]    {"phase": "mg-load", "size": "5GiB", "prepare_s": 633.4, "ok": true, "error": null, "nodes_s": 119.7, "index_s": 15.0, "edges_s": 325.3, "wall_s": 460.0, "memory": "10.79GiB", "storage_info": {"vm_max_map_count": 1048576
[19:03:09]    {"phase": "mg-read", "size": "5GiB", "name": "point: indexed text (Person.email)", "match": true, "telemetry": {"trace_id": "450883717b05706ac47e179cc3ea5208", "start_ms": 1790553788345, "end_ms": 1790553789852, "memgrap
[19:03:11]    {"phase": "mg-read", "size": "5GiB", "name": "point: indexed text (Order.ref)", "match": true, "telemetry": {"trace_id": "ed51d672ca788775ef825fb5caf92ed6", "start_ms": 1790553789854, "end_ms": 1790553791360, "memgraph_w
[19:03:12]    {"phase": "mg-read", "size": "5GiB", "name": "point: by id", "match": true, "telemetry": {"trace_id": "824b72889686eddb16fa46140ddf9cb8", "start_ms": 1790553791362, "end_ms": 1790553792866, "memgraph_window": [1790553791
[19:03:14]    {"phase": "mg-read", "size": "5GiB", "name": "1-hop out: community (KNOWS)", "match": true, "telemetry": {"trace_id": "b7a0fafe093dcb5ec8047d43755be358", "start_ms": 1790553792868, "end_ms": 1790553794378, "memgraph_wind
[19:03:15]    {"phase": "mg-read", "size": "5GiB", "name": "1-hop in: power-law hub (KNOWS)", "match": true, "telemetry": {"trace_id": "52d0625c8463dc88cefcfe34952b28b6", "start_ms": 1790553794380, "end_ms": 1790553795900, "memgraph_w
[19:03:17]    {"phase": "mg-read", "size": "5GiB", "name": "1-hop in: hub followers' average age", "match": true, "telemetry": {"trace_id": "dd033b85519a68d2477c6fad95181a3a", "start_ms": 1790553795903, "end_ms": 1790553797463, "memgr
[19:03:18]    {"phase": "mg-read", "size": "5GiB", "name": "2-hop: friends of friends", "match": true, "telemetry": {"trace_id": "6f585a8fb17e95b0570071b95d79abae", "start_ms": 1790553797466, "end_ms": 1790553798972, "memgraph_window"
[19:03:20]    {"phase": "mg-read", "size": "5GiB", "name": "2-hop: distinct friends of friends", "match": true, "telemetry": {"trace_id": "39f81b7ecfd3d3ac7a450db4c3d7ab6a", "start_ms": 1790553798974, "end_ms": 1790553800482, "memgrap
[19:03:22]    {"phase": "mg-read", "size": "5GiB", "name": "3-hop: KNOWS out to depth 3", "match": true, "telemetry": {"trace_id": "b01714813e9fa30568cbaa2f10070c6f", "start_ms": 1790553800484, "end_ms": 1790553802001, "memgraph_windo
[19:03:23]    {"phase": "mg-read", "size": "5GiB", "name": "2-hop bipartite: buyer -> orders -> products", "match": true, "telemetry": {"trace_id": "7c29ac8d206cf9e41a4b3f35f10a5d05", "start_ms": 1790553802003, "end_ms": 1790553803508
[19:03:25]    {"phase": "mg-read", "size": "5GiB", "name": "recommendation: co-purchased products", "match": true, "telemetry": {"trace_id": "256f82be3763dcf3d219c2b9434b07a8", "start_ms": 1790553803510, "end_ms": 1790553805022, "memg
[19:03:26]    {"phase": "mg-read", "size": "5GiB", "name": "1-hop fetch: friends' names, sorted page", "match": true, "telemetry": {"trace_id": "07978daeb7219ae292aa62bb2bb86d2c", "start_ms": 1790553805025, "end_ms": 1790553806531, "m
[19:03:28]    {"phase": "mg-read", "size": "5GiB", "name": "BFS: everyone within 2 KNOWS hops, with depth", "match": true, "telemetry": {"trace_id": "3647923796638dd7eac432613496ed3b", "start_ms": 1790553806533, "end_ms": 179055380805
[19:03:29]    {"phase": "mg-read", "size": "5GiB", "name": "BFS: everyone within 3 KNOWS hops, with depth", "match": true, "telemetry": {"trace_id": "51c388e3af4922b66c0899ee12f20634", "start_ms": 1790553808053, "end_ms": 179055380956
[19:04:17]    {"phase": "mg-read", "size": "5GiB", "name": "shortest path: person to person (KNOWS, <= 12 hops)", "match": true, "telemetry": {"trace_id": "1a3946686180c5fbed16d152da5d2fff", "start_ms": 1790553809564, "end_ms": 179055
[19:04:19]    {"phase": "mg-read", "size": "5GiB", "name": "multi-edges: order lines", "match": true, "telemetry": {"trace_id": "6daa172d6c12ea4334aa8521b096390e", "start_ms": 1790553857928, "end_ms": 1790553859434, "memgraph_window":
[19:04:20]    {"phase": "mg-read", "size": "5GiB", "name": "dense clique: SIMILAR 2-hop", "match": true, "telemetry": {"trace_id": "d1306c108727d66a2a7e8f9c4b53c298", "start_ms": 1790553859438, "end_ms": 1790553860943, "memgraph_windo
[19:04:22]    {"phase": "mg-read", "size": "5GiB", "name": "tree: category ancestors (var-length)", "match": true, "telemetry": {"trace_id": "0d88078a67c3ab2e39fdeaeaa88bf21f", "start_ms": 1790553860945, "end_ms": 1790553862455, "memg
[19:04:23]    {"phase": "mg-read", "size": "5GiB", "name": "chain: NEXT*1..200", "match": true, "telemetry": {"trace_id": "d1bfc5d9bed882dccbc401961d2fe659", "start_ms": 1790553862457, "end_ms": 1790553863965, "memgraph_window": [1790
[19:04:25]    {"phase": "mg-read", "size": "5GiB", "name": "DAG: CITES*1..3 from a document", "match": true, "telemetry": {"trace_id": "d57b159bdcad4571890e395c37901f64", "start_ms": 1790553863967, "end_ms": 1790553865472, "memgraph_w
[19:04:26]    {"phase": "mg-read", "size": "5GiB", "name": "heterogeneous: MENTIONS by label", "match": true, "telemetry": {"trace_id": "e64961eab41c3b030cecc851c1393bee", "start_ms": 1790553865474, "end_ms": 1790553866979, "memgraph_
[19:04:28]    {"phase": "mg-read", "size": "5GiB", "name": "index, low cardinality (country)", "match": true, "telemetry": {"trace_id": "c1f322c9da799ceb39c196afcc5b38e5", "start_ms": 1790553866981, "end_ms": 1790553868699, "memgraph_
[19:04:30]    {"phase": "mg-read", "size": "5GiB", "name": "index + property filter", "match": true, "telemetry": {"trace_id": "0a43359c962ffb6c90aeb79ddefd7396", "start_ms": 1790553868701, "end_ms": 1790553870322, "memgraph_window": 
[19:04:34]    {"phase": "mg-read", "size": "5GiB", "name": "self-loops: RETRY", "match": true, "telemetry": {"trace_id": "83cd143ef2c3d25feb035dea13763248", "start_ms": 1790553870324, "end_ms": 1790553874802, "memgraph_window": [17905
[19:04:41]    {"phase": "mg-read", "size": "5GiB", "name": "label scan + unindexed filter", "match": true, "telemetry": {"trace_id": "070d98187933b9d9db74219ab62e705d", "start_ms": 1790553874804, "end_ms": 1790553881049, "memgraph_win
[19:04:48]    {"phase": "mg-read", "size": "5GiB", "name": "aggregate: group by", "match": true, "telemetry": {"trace_id": "5ce08c9740c005d9b19e464d4daf0c03", "start_ms": 1790553881051, "end_ms": 1790553888112, "memgraph_window": [179
[19:05:01]    {"phase": "mg-read", "size": "5GiB", "name": "top-k: ORDER BY LIMIT over big rows", "match": true, "telemetry": {"trace_id": "891f4dd67973fa11164e82911135e10c", "start_ms": 1790553888114, "end_ms": 1790553901960, "memgra
[19:05:12]    {"phase": "mg-read", "size": "5GiB", "name": "edge scan + edge-property filter", "match": true, "telemetry": {"trace_id": "a5a35c167788643d3139f8a86a5e65c8", "start_ms": 1790553901963, "end_ms": 1790553912309, "memgraph_
[19:06:13]    {"phase": "mg-read", "size": "5GiB", "name": "degree: top 5 KNOWS in-degree", "match": true, "telemetry": {"trace_id": "e7b2581a0a037688967eaeb8049af125", "start_ms": 1790553912311, "end_ms": 1790553973370, "memgraph_win
[19:06:16]    {"phase": "mg-read", "size": "5GiB", "name": "count all nodes", "match": true, "telemetry": {"trace_id": "cfb0f9f366eb8f42884bf2c0864b8179", "start_ms": 1790553973372, "end_ms": 1790553976774, "memgraph_window": [1790553
[19:07:08]    {"phase": "mg-algo", "size": "5GiB", "name": "degree centrality: top 10 KNOWS in-degree", "kind": "degree", "match": true, "telemetry": {"trace_id": "a786bf8ea17b3c1b704ff3a23f74e9e1", "start_ms": 1790553976780, "end_ms"
